172.21.0.1 - - [19/Apr/2023:17:41:34 +0000] "POST /api/graphql HTTP/1.1" 200 801 "https://8080-cs-215311858653-default.cs-us-east1-rtep.cloudshell.dev/gitlab-instance-eb0d6907/helloworld/-/pipelines/1/builds" "Mozilla/5.0 (Windows NT 6.3; Win64; x64) AppleWebKit/537.36 (KHTML, like Gecko) Chrome/104.0.5112.102 Safari/537.36 OPR/90.0.4480.84" 3.56
172.21.0.1 - - [19/Apr/2023:17:41:36 +0000] "GET /api/graphql?query=query%20getPipelineHeaderData(%24fullPath%3A%20ID!%2C%20%24iid%3A%20ID!)%20%7B%20project(fullPath%3A%20%24fullPath)%20%7B%20id%20pipeline(iid%3A%20%24iid)%20%7B%20id%20iid%20status%20retryable%20cancelable%20userPermissions%20%7B%20destroyPipeline%20updatePipeline%20__typename%20%7D%20detailedStatus%20%7B%20id%20detailsPath%20icon%20group%20text%20__typename%20%7D%20createdAt%20user%20%7B%20id%20name%20username%20webPath%20webUrl%20email%20avatarUrl%20status%20%7B%20message%20emoji%20__typename%20%7D%20__typename%20%7D%20__typename%20%7D%20__typename%20%7D%20%7D&operationName=getPipelineHeaderData&variables=%7B%22fullPath%22%3A%22gitlab-instance-eb0d6907%2Fhelloworld%22%2C%22iid%22%3A%221%22%7D HTTP/1.1" 200 455 "https://8080-cs-215311858653-default.cs-us-east1-rtep.cloudshell.dev/gitlab-instance-eb0d6907/helloworld/-/pipelines/1/builds" "Mozilla/5.0 (Windows NT 6.3; Win64; x64) AppleWebKit/537.36 (KHTML, like Gecko) Chrome/104.0.5112.102 Safari/537.36 OPR/90.0.4480.84" 1.85
172.21.0.3 - - [19/Apr/2023:17:41:36 +0000] "POST /api/v4/jobs/request HTTP/1.1" 204 0 "" "gitlab-runner 15.10.1 (15-10-stable; go1.19.6; linux/amd64)" -
172.21.0.3 - - [19/Apr/2023:17:41:39 +0000] "POST /api/v4/jobs/request HTTP/1.1" 204 0 "" "gitlab-runner 15.10.1 (15-10-stable; go1.19.6; linux/amd64)" -
172.21.0.3 - - [19/Apr/2023:17:41:42 +0000] "POST /api/v4/jobs/request HTTP/1.1" 204 0 "" "gitlab-runner 15.10.1 (15-10-stable; go1.19.6; linux/amd64)" -
172.21.0.3 - - [19/Apr/2023:17:41:45 +0000] "POST /api/v4/jobs/request HTTP/1.1" 204 0 "" "gitlab-runner 15.10.1 (15-10-stable; go1.19.6; linux/amd64)" -
172.21.0.1 - - [19/Apr/2023:17:41:46 +0000] "GET /api/graphql?query=query%20getPipelineHeaderData(%24fullPath%3A%20ID!%2C%20%24iid%3A%20ID!)%20%7B%20project(fullPath%3A%20%24fullPath)%20%7B%20id%20pipeline(iid%3A%20%24iid)%20%7B%20id%20iid%20status%20retryable%20cancelable%20userPermissions%20%7B%20destroyPipeline%20updatePipeline%20__typename%20%7D%20detailedStatus%20%7B%20id%20detailsPath%20icon%20group%20text%20__typename%20%7D%20createdAt%20user%20%7B%20id%20name%20username%20webPath%20webUrl%20email%20avatarUrl%20status%20%7B%20message%20emoji%20__typename%20%7D%20__typename%20%7D%20__typename%20%7D%20__typename%20%7D%20%7D&operationName=getPipelineHeaderData&variables=%7B%22fullPath%22%3A%22gitlab-instance-eb0d6907%2Fhelloworld%22%2C%22iid%22%3A%221%22%7D HTTP/1.1" 200 455 "https://8080-cs-215311858653-default.cs-us-east1-rtep.cloudshell.dev/gitlab-instance-eb0d6907/helloworld/-/pipelines/1/builds" "Mozilla/5.0 (Windows NT 6.3; Win64; x64) AppleWebKit/537.36 (KHTML, like Gecko) Chrome/104.0.5112.102 Safari/537.36 OPR/90.0.4480.84" 1.85
172.21.0.3 - - [19/Apr/2023:17:41:48 +0000] "POST /api/v4/jobs/request HTTP/1.1" 204 0 "" "gitlab-runner 15.10.1 (15-10-stable; go1.19.6; linux/amd64)" -
172.21.0.3 - - [19/Apr/2023:17:41:51 +0000] "POST /api/v4/jobs/request HTTP/1.1" 204 0 "" "gitlab-runner 15.10.1 (15-10-stable; go1.19.6; linux/amd64)" -
172.21.0.3 - - [19/Apr/2023:17:41:54 +0000] "POST /api/v4/jobs/request HTTP/1.1" 204 0 "" "gitlab-runner 15.10.1 (15-10-stable; go1.19.6; linux/amd64)" -
172.21.0.1 - - [19/Apr/2023:17:41:55 +0000] "GET /gitlab-instance-eb0d6907/helloworld/-/jobs/1 HTTP/1.1" 200 23073 "https://8080-cs-215311858653-default.cs-us-east1-rtep.cloudshell.dev/gitlab-instance-eb0d6907/helloworld/-/pipelines/1/builds" "Mozilla/5.0 (Windows NT 6.3; Win64; x64) AppleWebKit/537.36 (KHTML, like Gecko) Chrome/104.0.5112.102 Safari/537.36 OPR/90.0.4480.84" 4.79
172.21.0.1 - - [19/Apr/2023:17:41:55 +0000] "GET /assets/webpack/pages.projects.jobs.show.198ae13e.chunk.js HTTP/1.1" 200 41633 "https://8080-cs-215311858653-default.cs-us-east1-rtep.cloudshell.dev/gitlab-instance-eb0d6907/helloworld/-/jobs/1" "Mozilla/5.0 (Windows NT 6.3; Win64; x64) AppleWebKit/537.36 (KHTML, like Gecko) Chrome/104.0.5112.102 Safari/537.36 OPR/90.0.4480.84" -
172.21.0.1 - - [19/Apr/2023:17:41:55 +0000] "GET /assets/page_bundles/build-e6aae80d68b04f62c7806211fef068ba8ea6c6bc6383d68ac00aa97593f38233.css HTTP/1.1" 200 1404 "https://8080-cs-215311858653-default.cs-us-east1-rtep.cloudshell.dev/gitlab-instance-eb0d6907/helloworld/-/jobs/1" "Mozilla/5.0 (Windows NT 6.3; Win64; x64) AppleWebKit/537.36 (KHTML, like Gecko) Chrome/104.0.5112.102 Safari/537.36 OPR/90.0.4480.84" -
172.21.0.1 - - [19/Apr/2023:17:41:55 +0000] "GET /assets/page_bundles/xterm-f551db99a8c70898cb37b9565a27be7523f596d6c08d4e15a3ce9d8fbdd164e7.css HTTP/1.1" 200 1649 "https://8080-cs-215311858653-default.cs-us-east1-rtep.cloudshell.dev/gitlab-instance-eb0d6907/helloworld/-/jobs/1" "Mozilla/5.0 (Windows NT 6.3; Win64; x64) AppleWebKit/537.36 (KHTML, like Gecko) Chrome/104.0.5112.102 Safari/537.36 OPR/90.0.4480.84" -
172.21.0.1 - - [19/Apr/2023:17:41:57 +0000] "GET /gitlab-instance-eb0d6907/helloworld/-/jobs/1.json HTTP/1.1" 200 1575 "https://8080-cs-215311858653-default.cs-us-east1-rtep.cloudshell.dev/gitlab-instance-eb0d6907/helloworld/-/jobs/1" "Mozilla/5.0 (Windows NT 6.3; Win64; x64) AppleWebKit/537.36 (KHTML, like Gecko) Chrome/104.0.5112.102 Safari/537.36 OPR/90.0.4480.84" 3.56
172.21.0.3 - - [19/Apr/2023:17:41:57 +0000] "POST /api/v4/jobs/request HTTP/1.1" 204 0 "" "gitlab-runner 15.10.1 (15-10-stable; go1.19.6; linux/amd64)" -
172.21.0.1 - - [19/Apr/2023:17:41:57 +0000] "GET /assets/illustrations/pending_job_empty-3eb317d31c83d253ed6d54826f6f4e5315f25a51b1ce28481806a52b5d5ed20b.svg HTTP/1.1" 200 1360 "https://8080-cs-215311858653-default.cs-us-east1-rtep.cloudshell.dev/gitlab-instance-eb0d6907/helloworld/-/jobs/1" "Mozilla/5.0 (Windows NT 6.3; Win64; x64) AppleWebKit/537.36 (KHTML, like Gecko) Chrome/104.0.5112.102 Safari/537.36 OPR/90.0.4480.84" -
172.21.0.1 - - [19/Apr/2023:17:41:58 +0000] "POST /api/graphql HTTP/1.1" 200 248 "https://8080-cs-215311858653-default.cs-us-east1-rtep.cloudshell.dev/gitlab-instance-eb0d6907/helloworld/-/jobs/1" "Mozilla/5.0 (Windows NT 6.3; Win64; x64) AppleWebKit/537.36 (KHTML, like Gecko) Chrome/104.0.5112.102 Safari/537.36 OPR/90.0.4480.84" -
172.21.0.1 - - [19/Apr/2023:17:41:58 +0000] "GET /assets/ci_favicons/favicon_status_pending-5bdf338420e5221ca24353b6bff1c9367189588750632e9a871b7af09ff6a2ae.png HTTP/1.1" 200 919 "https://8080-cs-215311858653-default.cs-us-east1-rtep.cloudshell.dev/gitlab-instance-eb0d6907/helloworld/-/jobs/1" "Mozilla/5.0 (Windows NT 6.3; Win64; x64) AppleWebKit/537.36 (KHTML, like Gecko) Chrome/104.0.5112.102 Safari/537.36 OPR/90.0.4480.84" -
172.21.0.1 - - [19/Apr/2023:17:41:58 +0000] "GET /gitlab-instance-eb0d6907/helloworld/-/jobs/1/trace.json?state= HTTP/1.1" 204 0 "https://8080-cs-215311858653-default.cs-us-east1-rtep.cloudshell.dev/gitlab-instance-eb0d6907/helloworld/-/jobs/1" "Mozilla/5.0 (Windows NT 6.3; Win64; x64) AppleWebKit/537.36 (KHTML, like Gecko) Chrome/104.0.5112.102 Safari/537.36 OPR/90.0.4480.84" -
172.21.0.1 - - [19/Apr/2023:17:41:58 +0000] "GET /gitlab-instance-eb0d6907/helloworld/-/pipelines/1/stage.json?stage=build&retried=1 HTTP/1.1" 200 706 "https://8080-cs-215311858653-default.cs-us-east1-rtep.cloudshell.dev/gitlab-instance-eb0d6907/helloworld/-/jobs/1" "Mozilla/5.0 (Windows NT 6.3; Win64; x64) AppleWebKit/537.36 (KHTML, like Gecko) Chrome/104.0.5112.102 Safari/537.36 OPR/90.0.4480.84" 2.57
172.21.0.3 - - [19/Apr/2023:17:42:00 +0000] "POST /api/v4/jobs/request HTTP/1.1" 204 0 "" "gitlab-runner 15.10.1 (15-10-stable; go1.19.6; linux/amd64)" -
172.21.0.1 - - [19/Apr/2023:17:42:02 +0000] "GET /gitlab-instance-eb0d6907/helloworld/-/jobs/1/trace.json?state= HTTP/1.1" 204 0 "https://8080-cs-215311858653-default.cs-us-east1-rtep.cloudshell.dev/gitlab-instance-eb0d6907/helloworld/-/jobs/1" "Mozilla/5.0 (Windows NT 6.3; Win64; x64) AppleWebKit/537.36 (KHTML, like Gecko) Chrome/104.0.5112.102 Safari/537.36 OPR/90.0.4480.84" -
172.21.0.3 - - [19/Apr/2023:17:42:03 +0000] "POST /api/v4/jobs/request HTTP/1.1" 204 0 "" "gitlab-runner 15.10.1 (15-10-stable; go1.19.6; linux/amd64)" -
172.21.0.3 - - [19/Apr/2023:17:42:06 +0000] "POST /api/v4/jobs/request HTTP/1.1" 204 0 "" "gitlab-runner 15.10.1 (15-10-stable; go1.19.6; linux/amd64)" -
172.21.0.1 - - [19/Apr/2023:17:42:06 +0000] "GET /gitlab-instance-eb0d6907/helloworld/-/jobs/1/trace.json?state= HTTP/1.1" 204 0 "https://8080-cs-215311858653-default.cs-us-east1-rtep.cloudshell.dev/gitlab-instance-eb0d6907/helloworld/-/jobs/1" "Mozilla/5.0 (Windows NT 6.3; Win64; x64) AppleWebKit/537.36 (KHTML, like Gecko) Chrome/104.0.5112.102 Safari/537.36 OPR/90.0.4480.84" -
172.21.0.1 - - [19/Apr/2023:17:42:07 +0000] "GET /gitlab-instance-eb0d6907/helloworld/-/runners HTTP/1.1" 302 160 "https://8080-cs-215311858653-default.cs-us-east1-rtep.cloudshell.dev/gitlab-instance-eb0d6907/helloworld/-/jobs/1" "Mozilla/5.0 (Windows NT 6.3; Win64; x64) AppleWebKit/537.36 (KHTML, like Gecko) Chrome/104.0.5112.102 Safari/537.36 OPR/90.0.4480.84" -
172.21.0.1 - - [19/Apr/2023:17:42:08 +0000] "GET /gitlab-instance-eb0d6907/helloworld/-/jobs/1.json HTTP/1.1" 200 1575 "https://8080-cs-215311858653-default.cs-us-east1-rtep.cloudshell.dev/gitlab-instance-eb0d6907/helloworld/-/jobs/1" "Mozilla/5.0 (Windows NT 6.3; Win64; x64) AppleWebKit/537.36 (KHTML, like Gecko) Chrome/104.0.5112.102 Safari/537.36 OPR/90.0.4480.84" 3.56
172.21.0.1 - - [19/Apr/2023:17:42:08 +0000] "GET /gitlab-instance-eb0d6907/helloworld/-/jobs/1/trace.json?state= HTTP/1.1" 204 0 "https://8080-cs-215311858653-default.cs-us-east1-rtep.cloudshell.dev/gitlab-instance-eb0d6907/helloworld/-/jobs/1" "Mozilla/5.0 (Windows NT 6.3; Win64; x64) AppleWebKit/537.36 (KHTML, like Gecko) Chrome/104.0.5112.102 Safari/537.36 OPR/90.0.4480.84" -
172.21.0.1 - - [19/Apr/2023:17:42:09 +0000] "GET /gitlab-instance-eb0d6907/helloworld/-/settings/ci_cd HTTP/1.1" 200 33156 "https://8080-cs-215311858653-default.cs-us-east1-rtep.cloudshell.dev/gitlab-instance-eb0d6907/helloworld/-/jobs/1" "Mozilla/5.0 (Windows NT 6.3; Win64; x64) AppleWebKit/537.36 (KHTML, like Gecko) Chrome/104.0.5112.102 Safari/537.36 OPR/90.0.4480.84" 4.91
172.21.0.3 - - [19/Apr/2023:17:42:09 +0000] "POST /api/v4/jobs/request HTTP/1.1" 204 0 "" "gitlab-runner 15.10.1 (15-10-stable; go1.19.6; linux/amd64)" -
172.21.0.1 - - [19/Apr/2023:17:42:09 +0000] "GET /assets/webpack/commons-pages.admin.application_settings-pages.admin.application_settings.ci_cd-pages.admin.applicat-4f523e36.8bc86d57.chunk.js HTTP/1.1" 200 37097 "https://8080-cs-215311858653-default.cs-us-east1-rtep.cloudshell.dev/gitlab-instance-eb0d6907/helloworld/-/settings/ci_cd" "Mozilla/5.0 (Windows NT 6.3; Win64; x64) AppleWebKit/537.36 (KHTML, like Gecko) Chrome/104.0.5112.102 Safari/537.36 OPR/90.0.4480.84" -
172.21.0.1 - - [19/Apr/2023:17:42:09 +0000] "GET /assets/webpack/commons-pages.groups.settings-pages.groups.settings.access_tokens-pages.groups.settings.badges-pages-6078f1f4.d7f3a5a1.chunk.js HTTP/1.1" 200 28861 "https://8080-cs-215311858653-default.cs-us-east1-rtep.cloudshell.dev/gitlab-instance-eb0d6907/helloworld/-/settings/ci_cd" "Mozilla/5.0 (Windows NT 6.3; Win64; x64) AppleWebKit/537.36 (KHTML, like Gecko) Chrome/104.0.5112.102 Safari/537.36 OPR/90.0.4480.84" -
172.21.0.1 - - [19/Apr/2023:17:42:09 +0000] "GET /assets/webpack/commons-pages.projects.settings.ci_cd.show-pages.projects.settings.packages_and_registries.cleanup_t-3599bbc5.63e99c62.chunk.js HTTP/1.1" 200 10373 "https://8080-cs-215311858653-default.cs-us-east1-rtep.cloudshell.dev/gitlab-instance-eb0d6907/helloworld/-/settings/ci_cd" "Mozilla/5.0 (Windows NT 6.3; Win64; x64) AppleWebKit/537.36 (KHTML, like Gecko) Chrome/104.0.5112.102 Safari/537.36 OPR/90.0.4480.84" -
172.21.0.1 - - [19/Apr/2023:17:42:09 +0000] "GET /assets/webpack/pages.projects.settings.ci_cd.show.0c710f1c.chunk.js HTTP/1.1" 200 24702 "https://8080-cs-215311858653-default.cs-us-east1-rtep.cloudshell.dev/gitlab-instance-eb0d6907/helloworld/-/settings/ci_cd" "Mozilla/5.0 (Windows NT 6.3; Win64; x64) AppleWebKit/537.36 (KHTML, like Gecko) Chrome/104.0.5112.102 Safari/537.36 OPR/90.0.4480.84" -
172.21.0.1 - - [19/Apr/2023:17:42:09 +0000] "GET /assets/webpack/commons-pages.projects.settings.ci_cd.show-pages.projects.settings.packages_and_registries.show.7d9bbde5.chunk.js HTTP/1.1" 200 4260 "https://8080-cs-215311858653-default.cs-us-east1-rtep.cloudshell.dev/gitlab-instance-eb0d6907/helloworld/-/settings/ci_cd" "Mozilla/5.0 (Windows NT 6.3; Win64; x64) AppleWebKit/537.36 (KHTML, like Gecko) Chrome/104.0.5112.102 Safari/537.36 OPR/90.0.4480.84" -
172.21.0.1 - - [19/Apr/2023:17:42:10 +0000] "GET /assets/page_bundles/settings-5df3f266fa521356a0fe80886c7fa58c6b0e81697312718526e573f9d96f8a6a.css HTTP/1.1" 200 1006 "https://8080-cs-215311858653-default.cs-us-east1-rtep.cloudshell.dev/gitlab-instance-eb0d6907/helloworld/-/settings/ci_cd" "Mozilla/5.0 (Windows NT 6.3; Win64; x64) AppleWebKit/537.36 (KHTML, like Gecko) Chrome/104.0.5112.102 Safari/537.36 OPR/90.0.4480.84" -
172.21.0.1 - - [19/Apr/2023:17:42:10 +0000] "GET /assets/webpack/vendors-search_settings.571b0d3b.chunk.js HTTP/1.1" 200 6260 "https://8080-cs-215311858653-default.cs-us-east1-rtep.cloudshell.dev/gitlab-instance-eb0d6907/helloworld/-/settings/ci_cd" "Mozilla/5.0 (Windows NT 6.3; Win64; x64) AppleWebKit/537.36 (KHTML, like Gecko) Chrome/104.0.5112.102 Safari/537.36 OPR/90.0.4480.84" -
172.21.0.1 - - [19/Apr/2023:17:42:10 +0000] "GET /assets/webpack/search_settings.f4adbf32.chunk.js HTTP/1.1" 200 2177 "https://8080-cs-215311858653-default.cs-us-east1-rtep.cloudshell.dev/gitlab-instance-eb0d6907/helloworld/-/settings/ci_cd" "Mozilla/5.0 (Windows NT 6.3; Win64; x64) AppleWebKit/537.36 (KHTML, like Gecko) Chrome/104.0.5112.102 Safari/537.36 OPR/90.0.4480.84" -
172.21.0.1 - - [19/Apr/2023:17:42:12 +0000] "GET /api/v4/projects/2/freeze_periods HTTP/1.1" 200 2 "https://8080-cs-215311858653-default.cs-us-east1-rtep.cloudshell.dev/gitlab-instance-eb0d6907/helloworld/-/settings/ci_cd" "Mozilla/5.0 (Windows NT 6.3; Win64; x64) AppleWebKit/537.36 (KHTML, like Gecko) Chrome/104.0.5112.102 Safari/537.36 OPR/90.0.4480.84" -
172.21.0.1 - - [19/Apr/2023:17:42:12 +0000] "GET /api/v4/projects/2/repository/tags?search=&per_page=20 HTTP/1.1" 200 2 "https://8080-cs-215311858653-default.cs-us-east1-rtep.cloudshell.dev/gitlab-instance-eb0d6907/helloworld/-/settings/ci_cd" "Mozilla/5.0 (Windows NT 6.3; Win64; x64) AppleWebKit/537.36 (KHTML, like Gecko) Chrome/104.0.5112.102 Safari/537.36 OPR/90.0.4480.84" -
172.21.0.1 - - [19/Apr/2023:17:42:12 +0000] "GET /api/v4/projects/2/secure_files?per_page=20 HTTP/1.1" 200 2 "https://8080-cs-215311858653-default.cs-us-east1-rtep.cloudshell.dev/gitlab-instance-eb0d6907/helloworld/-/settings/ci_cd" "Mozilla/5.0 (Windows NT 6.3; Win64; x64) AppleWebKit/537.36 (KHTML, like Gecko) Chrome/104.0.5112.102 Safari/537.36 OPR/90.0.4480.84" -
172.21.0.1 - - [19/Apr/2023:17:42:12 +0000] "GET /api/v4/projects/2/repository/branches?search=&per_page=20 HTTP/1.1" 200 409 "https://8080-cs-215311858653-default.cs-us-east1-rtep.cloudshell.dev/gitlab-instance-eb0d6907/helloworld/-/settings/ci_cd" "Mozilla/5.0 (Windows NT 6.3; Win64; x64) AppleWebKit/537.36 (KHTML, like Gecko) Chrome/104.0.5112.102 Safari/537.36 OPR/90.0.4480.84" 2.12
172.21.0.1 - - [19/Apr/2023:17:42:12 +0000] "POST /api/graphql HTTP/1.1" 200 154 "https://8080-cs-215311858653-default.cs-us-east1-rtep.cloudshell.dev/gitlab-instance-eb0d6907/helloworld/-/settings/ci_cd" "Mozilla/5.0 (Windows NT 6.3; Win64; x64) AppleWebKit/537.36 (KHTML, like Gecko) Chrome/104.0.5112.102 Safari/537.36 OPR/90.0.4480.84" -
172.21.0.1 - - [19/Apr/2023:17:42:12 +0000] "POST /api/graphql HTTP/1.1" 200 226 "https://8080-cs-215311858653-default.cs-us-east1-rtep.cloudshell.dev/gitlab-instance-eb0d6907/helloworld/-/settings/ci_cd" "Mozilla/5.0 (Windows NT 6.3; Win64; x64) AppleWebKit/537.36 (KHTML, like Gecko) Chrome/104.0.5112.102 Safari/537.36 OPR/90.0.4480.84" 1.94
172.21.0.3 - - [19/Apr/2023:17:42:12 +0000] "POST /api/v4/jobs/request HTTP/1.1" 204 0 "" "gitlab-runner 15.10.1 (15-10-stable; go1.19.6; linux/amd64)" -
172.21.0.1 - - [19/Apr/2023:17:42:12 +0000] "GET /api/v4/projects/2/repository/branches?search=&per_page=20 HTTP/1.1" 200 409 "https://8080-cs-215311858653-default.cs-us-east1-rtep.cloudshell.dev/gitlab-instance-eb0d6907/helloworld/-/settings/ci_cd" "Mozilla/5.0 (Windows NT 6.3; Win64; x64) AppleWebKit/537.36 (KHTML, like Gecko) Chrome/104.0.5112.102 Safari/537.36 OPR/90.0.4480.84" 2.12
172.21.0.1 - - [19/Apr/2023:17:42:12 +0000] "GET /api/v4/projects/2/repository/tags?search=&per_page=20 HTTP/1.1" 200 2 "https://8080-cs-215311858653-default.cs-us-east1-rtep.cloudshell.dev/gitlab-instance-eb0d6907/helloworld/-/settings/ci_cd" "Mozilla/5.0 (Windows NT 6.3; Win64; x64) AppleWebKit/537.36 (KHTML, like Gecko) Chrome/104.0.5112.102 Safari/537.36 OPR/90.0.4480.84" -
172.21.0.1 - - [19/Apr/2023:17:42:12 +0000] "POST /api/graphql HTTP/1.1" 200 307 "https://8080-cs-215311858653-default.cs-us-east1-rtep.cloudshell.dev/gitlab-instance-eb0d6907/helloworld/-/settings/ci_cd" "Mozilla/5.0 (Windows NT 6.3; Win64; x64) AppleWebKit/537.36 (KHTML, like Gecko) Chrome/104.0.5112.102 Safari/537.36 OPR/90.0.4480.84" 4.42
172.21.0.1 - - [19/Apr/2023:17:42:13 +0000] "GET /api/v4/projects/2/repository/branches?search=&per_page=20 HTTP/1.1" 200 409 "https://8080-cs-215311858653-default.cs-us-east1-rtep.cloudshell.dev/gitlab-instance-eb0d6907/helloworld/-/settings/ci_cd" "Mozilla/5.0 (Windows NT 6.3; Win64; x64) AppleWebKit/537.36 (KHTML, like Gecko) Chrome/104.0.5112.102 Safari/537.36 OPR/90.0.4480.84" 2.12
172.21.0.1 - - [19/Apr/2023:17:42:13 +0000] "GET /api/v4/projects/2/repository/tags?search=&per_page=20 HTTP/1.1" 200 2 "https://8080-cs-215311858653-default.cs-us-east1-rtep.cloudshell.dev/gitlab-instance-eb0d6907/helloworld/-/settings/ci_cd" "Mozilla/5.0 (Windows NT 6.3; Win64; x64) AppleWebKit/537.36 (KHTML, like Gecko) Chrome/104.0.5112.102 Safari/537.36 OPR/90.0.4480.84" -
172.21.0.1 - - [19/Apr/2023:17:42:13 +0000] "POST /api/graphql HTTP/1.1" 200 285 "https://8080-cs-215311858653-default.cs-us-east1-rtep.cloudshell.dev/gitlab-instance-eb0d6907/helloworld/-/settings/ci_cd" "Mozilla/5.0 (Windows NT 6.3; Win64; x64) AppleWebKit/537.36 (KHTML, like Gecko) Chrome/104.0.5112.102 Safari/537.36 OPR/90.0.4480.84" 2.72
172.21.0.3 - - [19/Apr/2023:17:42:15 +0000] "POST /api/v4/jobs/request HTTP/1.1" 204 0 "" "gitlab-runner 15.10.1 (15-10-stable; go1.19.6; linux/amd64)" -
172.21.0.3 - - [19/Apr/2023:17:42:18 +0000] "POST /api/v4/jobs/request HTTP/1.1" 204 0 "" "gitlab-runner 15.10.1 (15-10-stable; go1.19.6; linux/amd64)" -
172.21.0.3 - - [19/Apr/2023:17:42:21 +0000] "POST /api/v4/jobs/request HTTP/1.1" 204 0 "" "gitlab-runner 15.10.1 (15-10-stable; go1.19.6; linux/amd64)" -
127.0.0.1 - - [19/Apr/2023:17:42:22 +0000] "GET /help HTTP/1.1" 200 74056 "" "curl/8.0.1-DEV" -
172.21.0.3 - - [19/Apr/2023:17:42:24 +0000] "POST /api/v4/jobs/request HTTP/1.1" 204 0 "" "gitlab-runner 15.10.1 (15-10-stable; go1.19.6; linux/amd64)" -
172.21.0.3 - - [19/Apr/2023:17:42:27 +0000] "POST /api/v4/jobs/request HTTP/1.1" 204 0 "" "gitlab-runner 15.10.1 (15-10-stable; go1.19.6; linux/amd64)" -
172.21.0.3 - - [19/Apr/2023:17:42:30 +0000] "POST /api/v4/jobs/request HTTP/1.1" 204 0 "" "gitlab-runner 15.10.1 (15-10-stable; go1.19.6; linux/amd64)" -
172.21.0.3 - - [19/Apr/2023:17:42:33 +0000] "POST /api/v4/jobs/request HTTP/1.1" 204 0 "" "gitlab-runner 15.10.1 (15-10-stable; go1.19.6; linux/amd64)" -
172.21.0.3 - - [19/Apr/2023:17:42:36 +0000] "POST /api/v4/jobs/request HTTP/1.1" 204 0 "" "gitlab-runner 15.10.1 (15-10-stable; go1.19.6; linux/amd64)" -
172.21.0.3 - - [19/Apr/2023:17:42:39 +0000] "POST /api/v4/jobs/request HTTP/1.1" 204 0 "" "gitlab-runner 15.10.1 (15-10-stable; go1.19.6; linux/amd64)" -
172.21.0.3 - - [19/Apr/2023:17:42:42 +0000] "POST /api/v4/jobs/request HTTP/1.1" 204 0 "" "gitlab-runner 15.10.1 (15-10-stable; go1.19.6; linux/amd64)" -
172.21.0.3 - - [19/Apr/2023:17:42:45 +0000] "POST /api/v4/jobs/request HTTP/1.1" 204 0 "" "gitlab-runner 15.10.1 (15-10-stable; go1.19.6; linux/amd64)" -
172.21.0.3 - - [19/Apr/2023:17:42:48 +0000] "POST /api/v4/jobs/request HTTP/1.1" 204 0 "" "gitlab-runner 15.10.1 (15-10-stable; go1.19.6; linux/amd64)" -
172.21.0.3 - - [19/Apr/2023:17:42:51 +0000] "POST /api/v4/jobs/request HTTP/1.1" 204 0 "" "gitlab-runner 15.10.1 (15-10-stable; go1.19.6; linux/amd64)" -
172.21.0.3 - - [19/Apr/2023:17:42:54 +0000] "POST /api/v4/jobs/request HTTP/1.1" 204 0 "" "gitlab-runner 15.10.1 (15-10-stable; go1.19.6; linux/amd64)" -
172.21.0.3 - - [19/Apr/2023:17:42:57 +0000] "POST /api/v4/jobs/request HTTP/1.1" 204 0 "" "gitlab-runner 15.10.1 (15-10-stable; go1.19.6; linux/amd64)" -
172.21.0.3 - - [19/Apr/2023:17:43:00 +0000] "POST /api/v4/jobs/request HTTP/1.1" 204 0 "" "gitlab-runner 15.10.1 (15-10-stable; go1.19.6; linux/amd64)" -
172.21.0.3 - - [19/Apr/2023:17:43:03 +0000] "POST /api/v4/jobs/request HTTP/1.1" 204 0 "" "gitlab-runner 15.10.1 (15-10-stable; go1.19.6; linux/amd64)" -
172.21.0.3 - - [19/Apr/2023:17:43:06 +0000] "POST /api/v4/jobs/request HTTP/1.1" 204 0 "" "gitlab-runner 15.10.1 (15-10-stable; go1.19.6; linux/amd64)" -
172.21.0.3 - - [19/Apr/2023:17:43:09 +0000] "POST /api/v4/jobs/request HTTP/1.1" 204 0 "" "gitlab-runner 15.10.1 (15-10-stable; go1.19.6; linux/amd64)" -
172.21.0.3 - - [19/Apr/2023:17:43:12 +0000] "POST /api/v4/jobs/request HTTP/1.1" 204 0 "" "gitlab-runner 15.10.1 (15-10-stable; go1.19.6; linux/amd64)" -
172.21.0.3 - - [19/Apr/2023:17:43:15 +0000] "POST /api/v4/jobs/request HTTP/1.1" 204 0 "" "gitlab-runner 15.10.1 (15-10-stable; go1.19.6; linux/amd64)" -
172.21.0.3 - - [19/Apr/2023:17:43:18 +0000] "POST /api/v4/jobs/request HTTP/1.1" 204 0 "" "gitlab-runner 15.10.1 (15-10-stable; go1.19.6; linux/amd64)" -
172.21.0.3 - - [19/Apr/2023:17:43:21 +0000] "POST /api/v4/jobs/request HTTP/1.1" 204 0 "" "gitlab-runner 15.10.1 (15-10-stable; go1.19.6; linux/amd64)" -
127.0.0.1 - - [19/Apr/2023:17:43:22 +0000] "GET /help HTTP/1.1" 200 74056 "" "curl/8.0.1-DEV" -
172.21.0.3 - - [19/Apr/2023:17:43:24 +0000] "POST /api/v4/jobs/request HTTP/1.1" 204 0 "" "gitlab-runner 15.10.1 (15-10-stable; go1.19.6; linux/amd64)" -
172.21.0.3 - - [19/Apr/2023:17:43:27 +0000] "POST /api/v4/jobs/request HTTP/1.1" 204 0 "" "gitlab-runner 15.10.1 (15-10-stable; go1.19.6; linux/amd64)" -
172.21.0.3 - - [19/Apr/2023:17:43:30 +0000] "POST /api/v4/jobs/request HTTP/1.1" 204 0 "" "gitlab-runner 15.10.1 (15-10-stable; go1.19.6; linux/amd64)" -
172.21.0.3 - - [19/Apr/2023:17:43:33 +0000] "POST /api/v4/jobs/request HTTP/1.1" 204 0 "" "gitlab-runner 15.10.1 (15-10-stable; go1.19.6; linux/amd64)" -
172.21.0.3 - - [19/Apr/2023:17:43:36 +0000] "POST /api/v4/jobs/request HTTP/1.1" 204 0 "" "gitlab-runner 15.10.1 (15-10-stable; go1.19.6; linux/amd64)" -
172.21.0.3 - - [19/Apr/2023:17:43:39 +0000] "POST /api/v4/jobs/request HTTP/1.1" 204 0 "" "gitlab-runner 15.10.1 (15-10-stable; go1.19.6; linux/amd64)" -
172.21.0.3 - - [19/Apr/2023:17:43:42 +0000] "POST /api/v4/jobs/request HTTP/1.1" 204 0 "" "gitlab-runner 15.10.1 (15-10-stable; go1.19.6; linux/amd64)" -
172.21.0.3 - - [19/Apr/2023:17:43:45 +0000] "POST /api/v4/jobs/request HTTP/1.1" 204 0 "" "gitlab-runner 15.10.1 (15-10-stable; go1.19.6; linux/amd64)" -
172.21.0.3 - - [19/Apr/2023:17:43:48 +0000] "POST /api/v4/jobs/request HTTP/1.1" 204 0 "" "gitlab-runner 15.10.1 (15-10-stable; go1.19.6; linux/amd64)" -
172.21.0.3 - - [19/Apr/2023:17:43:51 +0000] "POST /api/v4/jobs/request HTTP/1.1" 204 0 "" "gitlab-runner 15.10.1 (15-10-stable; go1.19.6; linux/amd64)" -
172.21.0.3 - - [19/Apr/2023:17:43:54 +0000] "POST /api/v4/jobs/request HTTP/1.1" 204 0 "" "gitlab-runner 15.10.1 (15-10-stable; go1.19.6; linux/amd64)" -
172.21.0.3 - - [19/Apr/2023:17:43:57 +0000] "POST /api/v4/jobs/request HTTP/1.1" 204 0 "" "gitlab-runner 15.10.1 (15-10-stable; go1.19.6; linux/amd64)" -
172.21.0.3 - - [19/Apr/2023:17:44:00 +0000] "POST /api/v4/jobs/request HTTP/1.1" 204 0 "" "gitlab-runner 15.10.1 (15-10-stable; go1.19.6; linux/amd64)" -
172.21.0.3 - - [19/Apr/2023:17:44:03 +0000] "POST /api/v4/jobs/request HTTP/1.1" 204 0 "" "gitlab-runner 15.10.1 (15-10-stable; go1.19.6; linux/amd64)" -
172.21.0.3 - - [19/Apr/2023:17:44:06 +0000] "POST /api/v4/jobs/request HTTP/1.1" 204 0 "" "gitlab-runner 15.10.1 (15-10-stable; go1.19.6; linux/amd64)" -
172.21.0.3 - - [19/Apr/2023:17:44:09 +0000] "POST /api/v4/jobs/request HTTP/1.1" 204 0 "" "gitlab-runner 15.10.1 (15-10-stable; go1.19.6; linux/amd64)" -
172.21.0.3 - - [19/Apr/2023:17:44:12 +0000] "POST /api/v4/jobs/request HTTP/1.1" 204 0 "" "gitlab-runner 15.10.1 (15-10-stable; go1.19.6; linux/amd64)" -
172.21.0.3 - - [19/Apr/2023:17:44:15 +0000] "POST /api/v4/jobs/request HTTP/1.1" 204 0 "" "gitlab-runner 15.10.1 (15-10-stable; go1.19.6; linux/amd64)" -
172.21.0.3 - - [19/Apr/2023:17:44:18 +0000] "POST /api/v4/jobs/request HTTP/1.1" 204 0 "" "gitlab-runner 15.10.1 (15-10-stable; go1.19.6; linux/amd64)" -
172.21.0.1 - - [19/Apr/2023:17:44:20 +0000] "POST /api/graphql HTTP/1.1" 200 248 "https://8080-cs-215311858653-default.cs-us-east1-rtep.cloudshell.dev/gitlab-instance-eb0d6907/helloworld/-/jobs/1" "Mozilla/5.0 (Windows NT 6.3; Win64; x64) AppleWebKit/537.36 (KHTML, like Gecko) Chrome/104.0.5112.102 Safari/537.36 OPR/90.0.4480.84" -
172.21.0.3 - - [19/Apr/2023:17:44:21 +0000] "POST /api/v4/jobs/request HTTP/1.1" 204 0 "" "gitlab-runner 15.10.1 (15-10-stable; go1.19.6; linux/amd64)" -
127.0.0.1 - - [19/Apr/2023:17:44:22 +0000] "GET /help HTTP/1.1" 200 74056 "" "curl/8.0.1-DEV" -
172.21.0.1 - - [19/Apr/2023:17:44:24 +0000] "GET /gitlab-instance-eb0d6907/helloworld/-/jobs/1/trace.json?state= HTTP/1.1" 204 0 "https://8080-cs-215311858653-default.cs-us-east1-rtep.cloudshell.dev/gitlab-instance-eb0d6907/helloworld/-/jobs/1" "Mozilla/5.0 (Windows NT 6.3; Win64; x64) AppleWebKit/537.36 (KHTML, like Gecko) Chrome/104.0.5112.102 Safari/537.36 OPR/90.0.4480.84" -
172.21.0.3 - - [19/Apr/2023:17:44:24 +0000] "POST /api/v4/jobs/request HTTP/1.1" 204 0 "" "gitlab-runner 15.10.1 (15-10-stable; go1.19.6; linux/amd64)" -
172.21.0.3 - - [19/Apr/2023:17:44:27 +0000] "POST /api/v4/jobs/request HTTP/1.1" 204 0 "" "gitlab-runner 15.10.1 (15-10-stable; go1.19.6; linux/amd64)" -
172.21.0.1 - - [19/Apr/2023:17:44:27 +0000] "GET /gitlab-instance-eb0d6907/helloworld/-/runners HTTP/1.1" 302 160 "https://8080-cs-215311858653-default.cs-us-east1-rtep.cloudshell.dev/gitlab-instance-eb0d6907/helloworld/-/jobs/1" "Mozilla/5.0 (Windows NT 6.3; Win64; x64) AppleWebKit/537.36 (KHTML, like Gecko) Chrome/104.0.5112.102 Safari/537.36 OPR/90.0.4480.84" -
172.21.0.1 - - [19/Apr/2023:17:44:29 +0000] "GET /gitlab-instance-eb0d6907/helloworld/-/jobs/1/trace.json?state= HTTP/1.1" 204 0 "https://8080-cs-215311858653-default.cs-us-east1-rtep.cloudshell.dev/gitlab-instance-eb0d6907/helloworld/-/jobs/1" "Mozilla/5.0 (Windows NT 6.3; Win64; x64) AppleWebKit/537.36 (KHTML, like Gecko) Chrome/104.0.5112.102 Safari/537.36 OPR/90.0.4480.84" -
172.21.0.1 - - [19/Apr/2023:17:44:29 +0000] "GET /gitlab-instance-eb0d6907/helloworld/-/settings/ci_cd HTTP/1.1" 200 33160 "https://8080-cs-215311858653-default.cs-us-east1-rtep.cloudshell.dev/gitlab-instance-eb0d6907/helloworld/-/jobs/1" "Mozilla/5.0 (Windows NT 6.3; Win64; x64) AppleWebKit/537.36 (KHTML, like Gecko) Chrome/104.0.5112.102 Safari/537.36 OPR/90.0.4480.84" 4.91
172.21.0.3 - - [19/Apr/2023:17:44:30 +0000] "POST /api/v4/jobs/request HTTP/1.1" 204 0 "" "gitlab-runner 15.10.1 (15-10-stable; go1.19.6; linux/amd64)" -
172.21.0.1 - - [19/Apr/2023:17:44:32 +0000] "GET /api/v4/projects/2/secure_files?per_page=20 HTTP/1.1" 200 2 "https://8080-cs-215311858653-default.cs-us-east1-rtep.cloudshell.dev/gitlab-instance-eb0d6907/helloworld/-/settings/ci_cd" "Mozilla/5.0 (Windows NT 6.3; Win64; x64) AppleWebKit/537.36 (KHTML, like Gecko) Chrome/104.0.5112.102 Safari/537.36 OPR/90.0.4480.84" -
172.21.0.1 - - [19/Apr/2023:17:44:32 +0000] "GET /api/v4/projects/2/freeze_periods HTTP/1.1" 200 2 "https://8080-cs-215311858653-default.cs-us-east1-rtep.cloudshell.dev/gitlab-instance-eb0d6907/helloworld/-/settings/ci_cd" "Mozilla/5.0 (Windows NT 6.3; Win64; x64) AppleWebKit/537.36 (KHTML, like Gecko) Chrome/104.0.5112.102 Safari/537.36 OPR/90.0.4480.84" -
172.21.0.1 - - [19/Apr/2023:17:44:32 +0000] "POST /api/graphql HTTP/1.1" 200 226 "https://8080-cs-215311858653-default.cs-us-east1-rtep.cloudshell.dev/gitlab-instance-eb0d6907/helloworld/-/settings/ci_cd" "Mozilla/5.0 (Windows NT 6.3; Win64; x64) AppleWebKit/537.36 (KHTML, like Gecko) Chrome/104.0.5112.102 Safari/537.36 OPR/90.0.4480.84" 1.94
172.21.0.1 - - [19/Apr/2023:17:44:32 +0000] "GET /api/v4/projects/2/repository/branches?search=&per_page=20 HTTP/1.1" 200 409 "https://8080-cs-215311858653-default.cs-us-east1-rtep.cloudshell.dev/gitlab-instance-eb0d6907/helloworld/-/settings/ci_cd" "Mozilla/5.0 (Windows NT 6.3; Win64; x64) AppleWebKit/537.36 (KHTML, like Gecko) Chrome/104.0.5112.102 Safari/537.36 OPR/90.0.4480.84" 2.12
172.21.0.1 - - [19/Apr/2023:17:44:32 +0000] "POST /api/graphql HTTP/1.1" 200 154 "https://8080-cs-215311858653-default.cs-us-east1-rtep.cloudshell.dev/gitlab-instance-eb0d6907/helloworld/-/settings/ci_cd" "Mozilla/5.0 (Windows NT 6.3; Win64; x64) AppleWebKit/537.36 (KHTML, like Gecko) Chrome/104.0.5112.102 Safari/537.36 OPR/90.0.4480.84" -
172.21.0.1 - - [19/Apr/2023:17:44:32 +0000] "GET /api/v4/projects/2/repository/tags?search=&per_page=20 HTTP/1.1" 200 2 "https://8080-cs-215311858653-default.cs-us-east1-rtep.cloudshell.dev/gitlab-instance-eb0d6907/helloworld/-/settings/ci_cd" "Mozilla/5.0 (Windows NT 6.3; Win64; x64) AppleWebKit/537.36 (KHTML, like Gecko) Chrome/104.0.5112.102 Safari/537.36 OPR/90.0.4480.84" -
172.21.0.1 - - [19/Apr/2023:17:44:32 +0000] "POST /api/graphql HTTP/1.1" 200 307 "https://8080-cs-215311858653-default.cs-us-east1-rtep.cloudshell.dev/gitlab-instance-eb0d6907/helloworld/-/settings/ci_cd" "Mozilla/5.0 (Windows NT 6.3; Win64; x64) AppleWebKit/537.36 (KHTML, like Gecko) Chrome/104.0.5112.102 Safari/537.36 OPR/90.0.4480.84" 4.42
172.21.0.1 - - [19/Apr/2023:17:44:32 +0000] "GET /api/v4/projects/2/repository/branches?search=&per_page=20 HTTP/1.1" 200 409 "https://8080-cs-215311858653-default.cs-us-east1-rtep.cloudshell.dev/gitlab-instance-eb0d6907/helloworld/-/settings/ci_cd" "Mozilla/5.0 (Windows NT 6.3; Win64; x64) AppleWebKit/537.36 (KHTML, like Gecko) Chrome/104.0.5112.102 Safari/537.36 OPR/90.0.4480.84" 2.12
172.21.0.1 - - [19/Apr/2023:17:44:32 +0000] "GET /api/v4/projects/2/repository/tags?search=&per_page=20 HTTP/1.1" 200 2 "https://8080-cs-215311858653-default.cs-us-east1-rtep.cloudshell.dev/gitlab-instance-eb0d6907/helloworld/-/settings/ci_cd" "Mozilla/5.0 (Windows NT 6.3; Win64; x64) AppleWebKit/537.36 (KHTML, like Gecko) Chrome/104.0.5112.102 Safari/537.36 OPR/90.0.4480.84" -
172.21.0.1 - - [19/Apr/2023:17:44:32 +0000] "GET /api/v4/projects/2/repository/branches?search=&per_page=20 HTTP/1.1" 200 409 "https://8080-cs-215311858653-default.cs-us-east1-rtep.cloudshell.dev/gitlab-instance-eb0d6907/helloworld/-/settings/ci_cd" "Mozilla/5.0 (Windows NT 6.3; Win64; x64) AppleWebKit/537.36 (KHTML, like Gecko) Chrome/104.0.5112.102 Safari/537.36 OPR/90.0.4480.84" 2.12
172.21.0.1 - - [19/Apr/2023:17:44:33 +0000] "GET /api/v4/projects/2/repository/tags?search=&per_page=20 HTTP/1.1" 200 2 "https://8080-cs-215311858653-default.cs-us-east1-rtep.cloudshell.dev/gitlab-instance-eb0d6907/helloworld/-/settings/ci_cd" "Mozilla/5.0 (Windows NT 6.3; Win64; x64) AppleWebKit/537.36 (KHTML, like Gecko) Chrome/104.0.5112.102 Safari/537.36 OPR/90.0.4480.84" -
172.21.0.1 - - [19/Apr/2023:17:44:33 +0000] "POST /api/graphql HTTP/1.1" 200 285 "https://8080-cs-215311858653-default.cs-us-east1-rtep.cloudshell.dev/gitlab-instance-eb0d6907/helloworld/-/settings/ci_cd" "Mozilla/5.0 (Windows NT 6.3; Win64; x64) AppleWebKit/537.36 (KHTML, like Gecko) Chrome/104.0.5112.102 Safari/537.36 OPR/90.0.4480.84" 2.72
172.21.0.3 - - [19/Apr/2023:17:44:33 +0000] "POST /api/v4/jobs/request HTTP/1.1" 204 0 "" "gitlab-runner 15.10.1 (15-10-stable; go1.19.6; linux/amd64)" -
172.21.0.3 - - [19/Apr/2023:17:44:36 +0000] "POST /api/v4/jobs/request HTTP/1.1" 204 0 "" "gitlab-runner 15.10.1 (15-10-stable; go1.19.6; linux/amd64)" -
172.21.0.3 - - [19/Apr/2023:17:44:39 +0000] "POST /api/v4/jobs/request HTTP/1.1" 204 0 "" "gitlab-runner 15.10.1 (15-10-stable; go1.19.6; linux/amd64)" -
172.21.0.3 - - [19/Apr/2023:17:44:42 +0000] "POST /api/v4/jobs/request HTTP/1.1" 204 0 "" "gitlab-runner 15.10.1 (15-10-stable; go1.19.6; linux/amd64)" -
172.21.0.3 - - [19/Apr/2023:17:44:45 +0000] "POST /api/v4/jobs/request HTTP/1.1" 204 0 "" "gitlab-runner 15.10.1 (15-10-stable; go1.19.6; linux/amd64)" -
172.21.0.3 - - [19/Apr/2023:17:44:48 +0000] "POST /api/v4/jobs/request HTTP/1.1" 204 0 "" "gitlab-runner 15.10.1 (15-10-stable; go1.19.6; linux/amd64)" -
172.21.0.3 - - [19/Apr/2023:17:44:51 +0000] "POST /api/v4/jobs/request HTTP/1.1" 204 0 "" "gitlab-runner 15.10.1 (15-10-stable; go1.19.6; linux/amd64)" -
172.21.0.3 - - [19/Apr/2023:17:44:54 +0000] "POST /api/v4/jobs/request HTTP/1.1" 204 0 "" "gitlab-runner 15.10.1 (15-10-stable; go1.19.6; linux/amd64)" -
172.21.0.3 - - [19/Apr/2023:17:44:57 +0000] "POST /api/v4/jobs/request HTTP/1.1" 204 0 "" "gitlab-runner 15.10.1 (15-10-stable; go1.19.6; linux/amd64)" -
172.21.0.3 - - [19/Apr/2023:17:45:00 +0000] "POST /api/v4/jobs/request HTTP/1.1" 204 0 "" "gitlab-runner 15.10.1 (15-10-stable; go1.19.6; linux/amd64)" -
172.21.0.3 - - [19/Apr/2023:17:45:03 +0000] "POST /api/v4/jobs/request HTTP/1.1" 204 0 "" "gitlab-runner 15.10.1 (15-10-stable; go1.19.6; linux/amd64)" -
172.21.0.3 - - [19/Apr/2023:17:45:06 +0000] "POST /api/v4/jobs/request HTTP/1.1" 204 0 "" "gitlab-runner 15.10.1 (15-10-stable; go1.19.6; linux/amd64)" -
172.21.0.3 - - [19/Apr/2023:17:45:09 +0000] "POST /api/v4/jobs/request HTTP/1.1" 204 0 "" "gitlab-runner 15.10.1 (15-10-stable; go1.19.6; linux/amd64)" -
172.21.0.3 - - [19/Apr/2023:17:45:12 +0000] "POST /api/v4/jobs/request HTTP/1.1" 204 0 "" "gitlab-runner 15.10.1 (15-10-stable; go1.19.6; linux/amd64)" -
172.21.0.3 - - [19/Apr/2023:17:45:15 +0000] "POST /api/v4/jobs/request HTTP/1.1" 204 0 "" "gitlab-runner 15.10.1 (15-10-stable; go1.19.6; linux/amd64)" -
172.21.0.3 - - [19/Apr/2023:17:45:18 +0000] "POST /api/v4/jobs/request HTTP/1.1" 204 0 "" "gitlab-runner 15.10.1 (15-10-stable; go1.19.6; linux/amd64)" -
172.21.0.3 - - [19/Apr/2023:17:45:21 +0000] "POST /api/v4/jobs/request HTTP/1.1" 204 0 "" "gitlab-runner 15.10.1 (15-10-stable; go1.19.6; linux/amd64)" -
172.21.0.1 - - [19/Apr/2023:17:45:22 +0000] "GET /gitlab-instance-eb0d6907/helloworld/-/tree/master HTTP/1.1" 200 28449 "https://8080-cs-215311858653-default.cs-us-east1-rtep.cloudshell.dev/gitlab-instance-eb0d6907/helloworld/-/settings/ci_cd" "Mozilla/5.0 (Windows NT 6.3; Win64; x64) AppleWebKit/537.36 (KHTML, like Gecko) Chrome/104.0.5112.102 Safari/537.36 OPR/90.0.4480.84" 4.63
127.0.0.1 - - [19/Apr/2023:17:45:23 +0000] "GET /help HTTP/1.1" 200 74056 "" "curl/8.0.1-DEV" -
172.21.0.1 - - [19/Apr/2023:17:45:23 +0000] "GET /gitlab-instance-eb0d6907/helloworld/-/blob/master/README.md?format=json&viewer=rich HTTP/1.1" 200 914 "https://8080-cs-215311858653-default.cs-us-east1-rtep.cloudshell.dev/gitlab-instance-eb0d6907/helloworld/-/tree/master" "Mozilla/5.0 (Windows NT 6.3; Win64; x64) AppleWebKit/537.36 (KHTML, like Gecko) Chrome/104.0.5112.102 Safari/537.36 OPR/90.0.4480.84" 3.06
172.21.0.1 - - [19/Apr/2023:17:45:23 +0000] "GET /gitlab-instance-eb0d6907/helloworld/-/refs/master/logs_tree/?format=json&offset=0 HTTP/1.1" 200 806 "https://8080-cs-215311858653-default.cs-us-east1-rtep.cloudshell.dev/gitlab-instance-eb0d6907/helloworld/-/tree/master" "Mozilla/5.0 (Windows NT 6.3; Win64; x64) AppleWebKit/537.36 (KHTML, like Gecko) Chrome/104.0.5112.102 Safari/537.36 OPR/90.0.4480.84" 3.92
172.21.0.1 - - [19/Apr/2023:17:45:24 +0000] "GET /assets/webpack/pages.projects.tree.show.59c6a287.chunk.js HTTP/1.1" 200 4863 "https://8080-cs-215311858653-default.cs-us-east1-rtep.cloudshell.dev/gitlab-instance-eb0d6907/helloworld/-/tree/master" "Mozilla/5.0 (Windows NT 6.3; Win64; x64) AppleWebKit/537.36 (KHTML, like Gecko) Chrome/104.0.5112.102 Safari/537.36 OPR/90.0.4480.84" -
172.21.0.3 - - [19/Apr/2023:17:45:24 +0000] "POST /api/v4/jobs/request HTTP/1.1" 204 0 "" "gitlab-runner 15.10.1 (15-10-stable; go1.19.6; linux/amd64)" -
172.21.0.1 - - [19/Apr/2023:17:45:26 +0000] "GET /api/v4/projects/2/repository/tags?search=&per_page=20 HTTP/1.1" 200 2 "https://8080-cs-215311858653-default.cs-us-east1-rtep.cloudshell.dev/gitlab-instance-eb0d6907/helloworld/-/tree/master" "Mozilla/5.0 (Windows NT 6.3; Win64; x64) AppleWebKit/537.36 (KHTML, like Gecko) Chrome/104.0.5112.102 Safari/537.36 OPR/90.0.4480.84" -
172.21.0.1 - - [19/Apr/2023:17:45:26 +0000] "GET /api/v4/projects/2/repository/branches?search=&per_page=20 HTTP/1.1" 200 409 "https://8080-cs-215311858653-default.cs-us-east1-rtep.cloudshell.dev/gitlab-instance-eb0d6907/helloworld/-/tree/master" "Mozilla/5.0 (Windows NT 6.3; Win64; x64) AppleWebKit/537.36 (KHTML, like Gecko) Chrome/104.0.5112.102 Safari/537.36 OPR/90.0.4480.84" 2.12
172.21.0.1 - - [19/Apr/2023:17:45:26 +0000] "POST /api/graphql HTTP/1.1" 200 580 "https://8080-cs-215311858653-default.cs-us-east1-rtep.cloudshell.dev/gitlab-instance-eb0d6907/helloworld/-/tree/master" "Mozilla/5.0 (Windows NT 6.3; Win64; x64) AppleWebKit/537.36 (KHTML, like Gecko) Chrome/104.0.5112.102 Safari/537.36 OPR/90.0.4480.84" 2.40
172.21.0.1 - - [19/Apr/2023:17:45:26 +0000] "POST /api/graphql HTTP/1.1" 200 721 "https://8080-cs-215311858653-default.cs-us-east1-rtep.cloudshell.dev/gitlab-instance-eb0d6907/helloworld/-/tree/master" "Mozilla/5.0 (Windows NT 6.3; Win64; x64) AppleWebKit/537.36 (KHTML, like Gecko) Chrome/104.0.5112.102 Safari/537.36 OPR/90.0.4480.84" 3.28
172.21.0.1 - - [19/Apr/2023:17:45:27 +0000] "POST /api/graphql HTTP/1.1" 200 990 "https://8080-cs-215311858653-default.cs-us-east1-rtep.cloudshell.dev/gitlab-instance-eb0d6907/helloworld/-/tree/master" "Mozilla/5.0 (Windows NT 6.3; Win64; x64) AppleWebKit/537.36 (KHTML, like Gecko) Chrome/104.0.5112.102 Safari/537.36 OPR/90.0.4480.84" 3.54
172.21.0.3 - - [19/Apr/2023:17:45:27 +0000] "POST /api/v4/jobs/request HTTP/1.1" 204 0 "" "gitlab-runner 15.10.1 (15-10-stable; go1.19.6; linux/amd64)" -
172.21.0.1 - - [19/Apr/2023:17:45:28 +0000] "POST /api/graphql HTTP/1.1" 200 1395 "https://8080-cs-215311858653-default.cs-us-east1-rtep.cloudshell.dev/gitlab-instance-eb0d6907/helloworld/-/tree/master" "Mozilla/5.0 (Windows NT 6.3; Win64; x64) AppleWebKit/537.36 (KHTML, like Gecko) Chrome/104.0.5112.102 Safari/537.36 OPR/90.0.4480.84" 3.54
172.21.0.1 - - [19/Apr/2023:17:45:28 +0000] "POST /api/graphql HTTP/1.1" 200 873 "https://8080-cs-215311858653-default.cs-us-east1-rtep.cloudshell.dev/gitlab-instance-eb0d6907/helloworld/-/tree/master" "Mozilla/5.0 (Windows NT 6.3; Win64; x64) AppleWebKit/537.36 (KHTML, like Gecko) Chrome/104.0.5112.102 Safari/537.36 OPR/90.0.4480.84" 3.71
172.21.0.1 - - [19/Apr/2023:17:45:29 +0000] "POST /api/graphql HTTP/1.1" 200 1063 "https://8080-cs-215311858653-default.cs-us-east1-rtep.cloudshell.dev/gitlab-instance-eb0d6907/helloworld/-/tree/master" "Mozilla/5.0 (Windows NT 6.3; Win64; x64) AppleWebKit/537.36 (KHTML, like Gecko) Chrome/104.0.5112.102 Safari/537.36 OPR/90.0.4480.84" 3.50
172.21.0.1 - - [19/Apr/2023:17:45:30 +0000] "GET /assets/webpack/780.90b59dfe.chunk.js HTTP/1.1" 200 8001 "https://8080-cs-215311858653-default.cs-us-east1-rtep.cloudshell.dev/gitlab-instance-eb0d6907/helloworld/-/blob/master/.gitlab-ci.yml" "Mozilla/5.0 (Windows NT 6.3; Win64; x64) AppleWebKit/537.36 (KHTML, like Gecko) Chrome/104.0.5112.102 Safari/537.36 OPR/90.0.4480.84" -
172.21.0.1 - - [19/Apr/2023:17:45:30 +0000] "POST /api/graphql HTTP/1.1" 200 580 "https://8080-cs-215311858653-default.cs-us-east1-rtep.cloudshell.dev/gitlab-instance-eb0d6907/helloworld/-/blob/master/.gitlab-ci.yml" "Mozilla/5.0 (Windows NT 6.3; Win64; x64) AppleWebKit/537.36 (KHTML, like Gecko) Chrome/104.0.5112.102 Safari/537.36 OPR/90.0.4480.84" 2.40
172.21.0.1 - - [19/Apr/2023:17:45:30 +0000] "GET /assets/webpack/95.10a64375.chunk.js HTTP/1.1" 200 7849 "https://8080-cs-215311858653-default.cs-us-east1-rtep.cloudshell.dev/gitlab-instance-eb0d6907/helloworld/-/blob/master/.gitlab-ci.yml" "Mozilla/5.0 (Windows NT 6.3; Win64; x64) AppleWebKit/537.36 (KHTML, like Gecko) Chrome/104.0.5112.102 Safari/537.36 OPR/90.0.4480.84" -
172.21.0.1 - - [19/Apr/2023:17:45:30 +0000] "POST /api/graphql HTTP/1.1" 200 479 "https://8080-cs-215311858653-default.cs-us-east1-rtep.cloudshell.dev/gitlab-instance-eb0d6907/helloworld/-/blob/master/.gitlab-ci.yml" "Mozilla/5.0 (Windows NT 6.3; Win64; x64) AppleWebKit/537.36 (KHTML, like Gecko) Chrome/104.0.5112.102 Safari/537.36 OPR/90.0.4480.84" 2.33
172.21.0.1 - - [19/Apr/2023:17:45:30 +0000] "GET /assets/webpack/hl-yaml.a39846f2.chunk.js HTTP/1.1" 200 861 "https://8080-cs-215311858653-default.cs-us-east1-rtep.cloudshell.dev/gitlab-instance-eb0d6907/helloworld/-/blob/master/.gitlab-ci.yml" "Mozilla/5.0 (Windows NT 6.3; Win64; x64) AppleWebKit/537.36 (KHTML, like Gecko) Chrome/104.0.5112.102 Safari/537.36 OPR/90.0.4480.84" -
172.21.0.3 - - [19/Apr/2023:17:45:30 +0000] "POST /api/v4/jobs/request HTTP/1.1" 204 0 "" "gitlab-runner 15.10.1 (15-10-stable; go1.19.6; linux/amd64)" -
172.21.0.3 - - [19/Apr/2023:17:45:33 +0000] "POST /api/v4/jobs/request HTTP/1.1" 204 0 "" "gitlab-runner 15.10.1 (15-10-stable; go1.19.6; linux/amd64)" -
172.21.0.3 - - [19/Apr/2023:17:45:36 +0000] "POST /api/v4/jobs/request HTTP/1.1" 204 0 "" "gitlab-runner 15.10.1 (15-10-stable; go1.19.6; linux/amd64)" -
172.21.0.3 - - [19/Apr/2023:17:45:39 +0000] "POST /api/v4/jobs/request HTTP/1.1" 204 0 "" "gitlab-runner 15.10.1 (15-10-stable; go1.19.6; linux/amd64)" -
172.21.0.1 - - [19/Apr/2023:17:45:39 +0000] "GET /gitlab-instance-eb0d6907/helloworld/-/ci/editor?branch_name=master HTTP/1.1" 200 23494 "https://8080-cs-215311858653-default.cs-us-east1-rtep.cloudshell.dev/gitlab-instance-eb0d6907/helloworld/-/blob/master/.gitlab-ci.yml" "Mozilla/5.0 (Windows NT 6.3; Win64; x64) AppleWebKit/537.36 (KHTML, like Gecko) Chrome/104.0.5112.102 Safari/537.36 OPR/90.0.4480.84" 4.75
172.21.0.3 - - [19/Apr/2023:17:45:42 +0000] "POST /api/v4/jobs/request HTTP/1.1" 204 0 "" "gitlab-runner 15.10.1 (15-10-stable; go1.19.6; linux/amd64)" -
172.21.0.1 - - [19/Apr/2023:17:45:42 +0000] "POST /api/graphql HTTP/1.1" 200 394 "https://8080-cs-215311858653-default.cs-us-east1-rtep.cloudshell.dev/gitlab-instance-eb0d6907/helloworld/-/ci/editor" "Mozilla/5.0 (Windows NT 6.3; Win64; x64) AppleWebKit/537.36 (KHTML, like Gecko) Chrome/104.0.5112.102 Safari/537.36 OPR/90.0.4480.84" 1.88
172.21.0.1 - - [19/Apr/2023:17:45:42 +0000] "POST /api/graphql HTTP/1.1" 200 192 "https://8080-cs-215311858653-default.cs-us-east1-rtep.cloudshell.dev/gitlab-instance-eb0d6907/helloworld/-/ci/editor" "Mozilla/5.0 (Windows NT 6.3; Win64; x64) AppleWebKit/537.36 (KHTML, like Gecko) Chrome/104.0.5112.102 Safari/537.36 OPR/90.0.4480.84" 1.70
172.21.0.1 - - [19/Apr/2023:17:45:43 +0000] "POST /api/graphql HTTP/1.1" 200 141 "https://8080-cs-215311858653-default.cs-us-east1-rtep.cloudshell.dev/gitlab-instance-eb0d6907/helloworld/-/ci/editor" "Mozilla/5.0 (Windows NT 6.3; Win64; x64) AppleWebKit/537.36 (KHTML, like Gecko) Chrome/104.0.5112.102 Safari/537.36 OPR/90.0.4480.84" -
172.21.0.1 - - [19/Apr/2023:17:45:43 +0000] "GET /api/graphql?query=query%20getPipeline(%24fullPath%3A%20ID!%2C%20%24sha%3A%20String!)%20%7B%20project(fullPath%3A%20%24fullPath)%20%7B%20id%20pipeline(sha%3A%20%24sha)%20%7B%20id%20iid%20status%20commit%20%7B%20id%20title%20webPath%20__typename%20%7D%20detailedStatus%20%7B%20id%20detailsPath%20icon%20group%20text%20__typename%20%7D%20stages%20%7B%20edges%20%7B%20node%20%7B%20id%20name%20status%20detailedStatus%20%7B%20detailsPath%20group%20hasDetails%20icon%20id%20label%20text%20tooltip%20__typename%20%7D%20__typename%20%7D%20__typename%20%7D%20__typename%20%7D%20__typename%20%7D%20__typename%20%7D%20%7D&operationName=getPipeline&variables=%7B%22fullPath%22%3A%22gitlab-instance-eb0d6907%2Fhelloworld%22%2C%22sha%22%3A%22%22%7D HTTP/1.1" 200 212 "https://8080-cs-215311858653-default.cs-us-east1-rtep.cloudshell.dev/gitlab-instance-eb0d6907/helloworld/-/ci/editor" "Mozilla/5.0 (Windows NT 6.3; Win64; x64) AppleWebKit/537.36 (KHTML, like Gecko) Chrome/104.0.5112.102 Safari/537.36 OPR/90.0.4480.84" -
172.21.0.1 - - [19/Apr/2023:17:45:43 +0000] "POST /api/graphql HTTP/1.1" 200 394 "https://8080-cs-215311858653-default.cs-us-east1-rtep.cloudshell.dev/gitlab-instance-eb0d6907/helloworld/-/ci/editor" "Mozilla/5.0 (Windows NT 6.3; Win64; x64) AppleWebKit/537.36 (KHTML, like Gecko) Chrome/104.0.5112.102 Safari/537.36 OPR/90.0.4480.84" 1.88
172.21.0.1 - - [19/Apr/2023:17:45:43 +0000] "POST /api/graphql HTTP/1.1" 200 533 "https://8080-cs-215311858653-default.cs-us-east1-rtep.cloudshell.dev/gitlab-instance-eb0d6907/helloworld/-/ci/editor" "Mozilla/5.0 (Windows NT 6.3; Win64; x64) AppleWebKit/537.36 (KHTML, like Gecko) Chrome/104.0.5112.102 Safari/537.36 OPR/90.0.4480.84" 1.79
172.21.0.1 - - [19/Apr/2023:17:45:44 +0000] "GET /api/graphql?query=query%20getPipeline(%24fullPath%3A%20ID!%2C%20%24sha%3A%20String!)%20%7B%20project(fullPath%3A%20%24fullPath)%20%7B%20id%20pipeline(sha%3A%20%24sha)%20%7B%20id%20iid%20status%20commit%20%7B%20id%20title%20webPath%20__typename%20%7D%20detailedStatus%20%7B%20id%20detailsPath%20icon%20group%20text%20__typename%20%7D%20stages%20%7B%20edges%20%7B%20node%20%7B%20id%20name%20status%20detailedStatus%20%7B%20detailsPath%20group%20hasDetails%20icon%20id%20label%20text%20tooltip%20__typename%20%7D%20__typename%20%7D%20__typename%20%7D%20__typename%20%7D%20__typename%20%7D%20__typename%20%7D%20%7D&operationName=getPipeline&variables=%7B%22fullPath%22%3A%22gitlab-instance-eb0d6907%2Fhelloworld%22%2C%22sha%22%3A%2250106027c7550de0464a6f5edb80437c111016e3%22%7D HTTP/1.1" 200 482 "https://8080-cs-215311858653-default.cs-us-east1-rtep.cloudshell.dev/gitlab-instance-eb0d6907/helloworld/-/ci/editor" "Mozilla/5.0 (Windows NT 6.3; Win64; x64) AppleWebKit/537.36 (KHTML, like Gecko) Chrome/104.0.5112.102 Safari/537.36 OPR/90.0.4480.84" 3.05
172.21.0.1 - - [19/Apr/2023:17:45:44 +0000] "POST /api/graphql HTTP/1.1" 200 583 "https://8080-cs-215311858653-default.cs-us-east1-rtep.cloudshell.dev/gitlab-instance-eb0d6907/helloworld/-/ci/editor" "Mozilla/5.0 (Windows NT 6.3; Win64; x64) AppleWebKit/537.36 (KHTML, like Gecko) Chrome/104.0.5112.102 Safari/537.36 OPR/90.0.4480.84" 3.25
172.21.0.1 - - [19/Apr/2023:17:45:45 +0000] "POST /api/graphql HTTP/1.1" 200 194 "https://8080-cs-215311858653-default.cs-us-east1-rtep.cloudshell.dev/gitlab-instance-eb0d6907/helloworld/-/ci/editor" "Mozilla/5.0 (Windows NT 6.3; Win64; x64) AppleWebKit/537.36 (KHTML, like Gecko) Chrome/104.0.5112.102 Safari/537.36 OPR/90.0.4480.84" 1.55
172.21.0.3 - - [19/Apr/2023:17:45:45 +0000] "POST /api/v4/jobs/request HTTP/1.1" 204 0 "" "gitlab-runner 15.10.1 (15-10-stable; go1.19.6; linux/amd64)" -
172.21.0.3 - - [19/Apr/2023:17:45:48 +0000] "POST /api/v4/jobs/request HTTP/1.1" 204 0 "" "gitlab-runner 15.10.1 (15-10-stable; go1.19.6; linux/amd64)" -
172.21.0.3 - - [19/Apr/2023:17:45:51 +0000] "POST /api/v4/jobs/request HTTP/1.1" 204 0 "" "gitlab-runner 15.10.1 (15-10-stable; go1.19.6; linux/amd64)" -
172.21.0.3 - - [19/Apr/2023:17:45:54 +0000] "POST /api/v4/jobs/request HTTP/1.1" 204 0 "" "gitlab-runner 15.10.1 (15-10-stable; go1.19.6; linux/amd64)" -
172.21.0.3 - - [19/Apr/2023:17:45:57 +0000] "POST /api/v4/jobs/request HTTP/1.1" 204 0 "" "gitlab-runner 15.10.1 (15-10-stable; go1.19.6; linux/amd64)" -
172.21.0.3 - - [19/Apr/2023:17:46:00 +0000] "POST /api/v4/jobs/request HTTP/1.1" 204 0 "" "gitlab-runner 15.10.1 (15-10-stable; go1.19.6; linux/amd64)" -
172.21.0.3 - - [19/Apr/2023:17:46:03 +0000] "POST /api/v4/jobs/request HTTP/1.1" 204 0 "" "gitlab-runner 15.10.1 (15-10-stable; go1.19.6; linux/amd64)" -
172.21.0.3 - - [19/Apr/2023:17:46:06 +0000] "POST /api/v4/jobs/request HTTP/1.1" 204 0 "" "gitlab-runner 15.10.1 (15-10-stable; go1.19.6; linux/amd64)" -
172.21.0.3 - - [19/Apr/2023:17:46:09 +0000] "POST /api/v4/jobs/request HTTP/1.1" 204 0 "" "gitlab-runner 15.10.1 (15-10-stable; go1.19.6; linux/amd64)" -
172.21.0.3 - - [19/Apr/2023:17:46:12 +0000] "POST /api/v4/jobs/request HTTP/1.1" 204 0 "" "gitlab-runner 15.10.1 (15-10-stable; go1.19.6; linux/amd64)" -
172.21.0.3 - - [19/Apr/2023:17:46:15 +0000] "POST /api/v4/jobs/request HTTP/1.1" 204 0 "" "gitlab-runner 15.10.1 (15-10-stable; go1.19.6; linux/amd64)" -
172.21.0.3 - - [19/Apr/2023:17:46:18 +0000] "POST /api/v4/jobs/request HTTP/1.1" 204 0 "" "gitlab-runner 15.10.1 (15-10-stable; go1.19.6; linux/amd64)" -
172.21.0.3 - - [19/Apr/2023:17:46:21 +0000] "POST /api/v4/jobs/request HTTP/1.1" 204 0 "" "gitlab-runner 15.10.1 (15-10-stable; go1.19.6; linux/amd64)" -
127.0.0.1 - - [19/Apr/2023:17:46:23 +0000] "GET /help HTTP/1.1" 200 74056 "" "curl/8.0.1-DEV" -
172.21.0.3 - - [19/Apr/2023:17:46:24 +0000] "POST /api/v4/jobs/request HTTP/1.1" 204 0 "" "gitlab-runner 15.10.1 (15-10-stable; go1.19.6; linux/amd64)" -
172.21.0.3 - - [19/Apr/2023:17:46:27 +0000] "POST /api/v4/jobs/request HTTP/1.1" 204 0 "" "gitlab-runner 15.10.1 (15-10-stable; go1.19.6; linux/amd64)" -
172.21.0.3 - - [19/Apr/2023:17:46:30 +0000] "POST /api/v4/jobs/request HTTP/1.1" 204 0 "" "gitlab-runner 15.10.1 (15-10-stable; go1.19.6; linux/amd64)" -
172.21.0.3 - - [19/Apr/2023:17:46:33 +0000] "POST /api/v4/jobs/request HTTP/1.1" 204 0 "" "gitlab-runner 15.10.1 (15-10-stable; go1.19.6; linux/amd64)" -
