172.21.0.1 - - [19/Apr/2023:17:51:13 +0000] "GET /admin HTTP/1.1" 200 21821 "" "Mozilla/5.0 (Windows NT 6.3; Win64; x64) AppleWebKit/537.36 (KHTML, like Gecko) Chrome/104.0.5112.102 Safari/537.36 OPR/90.0.4480.84" 4.57
172.21.0.1 - - [19/Apr/2023:17:51:14 +0000] "GET /api/v4/application/statistics HTTP/1.1" 200 165 "https://8080-cs-215311858653-default.cs-us-east1-rtep.cloudshell.dev/admin" "Mozilla/5.0 (Windows NT 6.3; Win64; x64) AppleWebKit/537.36 (KHTML, like Gecko) Chrome/104.0.5112.102 Safari/537.36 OPR/90.0.4480.84" -
172.21.0.3 - - [19/Apr/2023:17:51:16 +0000] "POST /api/v4/jobs/request HTTP/1.1" 204 0 "" "gitlab-runner 15.10.1 (15-10-stable; go1.19.6; linux/amd64)" -
172.21.0.3 - - [19/Apr/2023:17:51:19 +0000] "POST /api/v4/jobs/request HTTP/1.1" 204 0 "" "gitlab-runner 15.10.1 (15-10-stable; go1.19.6; linux/amd64)" -
172.21.0.1 - - [19/Apr/2023:17:51:20 +0000] "GET /admin/runners HTTP/1.1" 200 20449 "https://8080-cs-215311858653-default.cs-us-east1-rtep.cloudshell.dev/admin" "Mozilla/5.0 (Windows NT 6.3; Win64; x64) AppleWebKit/537.36 (KHTML, like Gecko) Chrome/104.0.5112.102 Safari/537.36 OPR/90.0.4480.84" 4.37
172.21.0.1 - - [19/Apr/2023:17:51:21 +0000] "POST /api/graphql HTTP/1.1" 200 534 "https://8080-cs-215311858653-default.cs-us-east1-rtep.cloudshell.dev/admin/runners" "Mozilla/5.0 (Windows NT 6.3; Win64; x64) AppleWebKit/537.36 (KHTML, like Gecko) Chrome/104.0.5112.102 Safari/537.36 OPR/90.0.4480.84" 1.79
172.21.0.3 - - [19/Apr/2023:17:51:22 +0000] "POST /api/v4/jobs/request HTTP/1.1" 204 0 "" "gitlab-runner 15.10.1 (15-10-stable; go1.19.6; linux/amd64)" -
172.21.0.1 - - [19/Apr/2023:17:51:22 +0000] "POST /api/graphql HTTP/1.1" 200 102 "https://8080-cs-215311858653-default.cs-us-east1-rtep.cloudshell.dev/admin/runners" "Mozilla/5.0 (Windows NT 6.3; Win64; x64) AppleWebKit/537.36 (KHTML, like Gecko) Chrome/104.0.5112.102 Safari/537.36 OPR/90.0.4480.84" 2.96
172.21.0.1 - - [19/Apr/2023:17:51:23 +0000] "POST /api/graphql HTTP/1.1" 200 202 "https://8080-cs-215311858653-default.cs-us-east1-rtep.cloudshell.dev/admin/runners" "Mozilla/5.0 (Windows NT 6.3; Win64; x64) AppleWebKit/537.36 (KHTML, like Gecko) Chrome/104.0.5112.102 Safari/537.36 OPR/90.0.4480.84" -
172.21.0.3 - - [19/Apr/2023:17:51:25 +0000] "POST /api/v4/jobs/request HTTP/1.1" 204 0 "" "gitlab-runner 15.10.1 (15-10-stable; go1.19.6; linux/amd64)" -
127.0.0.1 - - [19/Apr/2023:17:51:25 +0000] "GET /help HTTP/1.1" 200 74056 "" "curl/8.0.1-DEV" -
172.21.0.3 - - [19/Apr/2023:17:51:28 +0000] "POST /api/v4/jobs/request HTTP/1.1" 204 0 "" "gitlab-runner 15.10.1 (15-10-stable; go1.19.6; linux/amd64)" -
172.21.0.3 - - [19/Apr/2023:17:51:31 +0000] "POST /api/v4/jobs/request HTTP/1.1" 204 0 "" "gitlab-runner 15.10.1 (15-10-stable; go1.19.6; linux/amd64)" -
172.21.0.3 - - [19/Apr/2023:17:51:34 +0000] "POST /api/v4/jobs/request HTTP/1.1" 204 0 "" "gitlab-runner 15.10.1 (15-10-stable; go1.19.6; linux/amd64)" -
172.21.0.3 - - [19/Apr/2023:17:51:37 +0000] "POST /api/v4/jobs/request HTTP/1.1" 204 0 "" "gitlab-runner 15.10.1 (15-10-stable; go1.19.6; linux/amd64)" -
172.21.0.3 - - [19/Apr/2023:17:51:40 +0000] "POST /api/v4/jobs/request HTTP/1.1" 204 0 "" "gitlab-runner 15.10.1 (15-10-stable; go1.19.6; linux/amd64)" -
172.21.0.3 - - [19/Apr/2023:17:51:43 +0000] "POST /api/v4/jobs/request HTTP/1.1" 204 0 "" "gitlab-runner 15.10.1 (15-10-stable; go1.19.6; linux/amd64)" -
172.21.0.3 - - [19/Apr/2023:17:51:46 +0000] "POST /api/v4/jobs/request HTTP/1.1" 204 0 "" "gitlab-runner 15.10.1 (15-10-stable; go1.19.6; linux/amd64)" -
172.21.0.1 - - [19/Apr/2023:17:51:48 +0000] "POST /api/graphql HTTP/1.1" 200 534 "https://8080-cs-215311858653-default.cs-us-east1-rtep.cloudshell.dev/admin/runners" "Mozilla/5.0 (Windows NT 6.3; Win64; x64) AppleWebKit/537.36 (KHTML, like Gecko) Chrome/104.0.5112.102 Safari/537.36 OPR/90.0.4480.84" 1.79
172.21.0.3 - - [19/Apr/2023:17:51:49 +0000] "POST /api/v4/jobs/request HTTP/1.1" 204 0 "" "gitlab-runner 15.10.1 (15-10-stable; go1.19.6; linux/amd64)" -
172.21.0.1 - - [19/Apr/2023:17:51:49 +0000] "POST /api/graphql HTTP/1.1" 200 102 "https://8080-cs-215311858653-default.cs-us-east1-rtep.cloudshell.dev/admin/runners" "Mozilla/5.0 (Windows NT 6.3; Win64; x64) AppleWebKit/537.36 (KHTML, like Gecko) Chrome/104.0.5112.102 Safari/537.36 OPR/90.0.4480.84" 2.96
172.21.0.1 - - [19/Apr/2023:17:51:51 +0000] "POST /api/graphql HTTP/1.1" 200 202 "https://8080-cs-215311858653-default.cs-us-east1-rtep.cloudshell.dev/admin/runners" "Mozilla/5.0 (Windows NT 6.3; Win64; x64) AppleWebKit/537.36 (KHTML, like Gecko) Chrome/104.0.5112.102 Safari/537.36 OPR/90.0.4480.84" -
172.21.0.3 - - [19/Apr/2023:17:51:52 +0000] "POST /api/v4/jobs/request HTTP/1.1" 204 0 "" "gitlab-runner 15.10.1 (15-10-stable; go1.19.6; linux/amd64)" -
172.21.0.3 - - [19/Apr/2023:17:51:55 +0000] "POST /api/v4/jobs/request HTTP/1.1" 204 0 "" "gitlab-runner 15.10.1 (15-10-stable; go1.19.6; linux/amd64)" -
172.21.0.3 - - [19/Apr/2023:17:51:58 +0000] "POST /api/v4/jobs/request HTTP/1.1" 204 0 "" "gitlab-runner 15.10.1 (15-10-stable; go1.19.6; linux/amd64)" -
172.21.0.3 - - [19/Apr/2023:17:52:01 +0000] "POST /api/v4/jobs/request HTTP/1.1" 204 0 "" "gitlab-runner 15.10.1 (15-10-stable; go1.19.6; linux/amd64)" -
172.21.0.3 - - [19/Apr/2023:17:52:04 +0000] "POST /api/v4/jobs/request HTTP/1.1" 204 0 "" "gitlab-runner 15.10.1 (15-10-stable; go1.19.6; linux/amd64)" -
172.21.0.3 - - [19/Apr/2023:17:52:07 +0000] "POST /api/v4/jobs/request HTTP/1.1" 204 0 "" "gitlab-runner 15.10.1 (15-10-stable; go1.19.6; linux/amd64)" -
172.21.0.3 - - [19/Apr/2023:17:52:10 +0000] "POST /api/v4/jobs/request HTTP/1.1" 204 0 "" "gitlab-runner 15.10.1 (15-10-stable; go1.19.6; linux/amd64)" -
172.21.0.3 - - [19/Apr/2023:17:52:13 +0000] "POST /api/v4/jobs/request HTTP/1.1" 204 0 "" "gitlab-runner 15.10.1 (15-10-stable; go1.19.6; linux/amd64)" -
172.21.0.3 - - [19/Apr/2023:17:52:16 +0000] "POST /api/v4/jobs/request HTTP/1.1" 204 0 "" "gitlab-runner 15.10.1 (15-10-stable; go1.19.6; linux/amd64)" -
172.21.0.3 - - [19/Apr/2023:17:52:19 +0000] "POST /api/v4/jobs/request HTTP/1.1" 204 0 "" "gitlab-runner 15.10.1 (15-10-stable; go1.19.6; linux/amd64)" -
172.21.0.3 - - [19/Apr/2023:17:52:22 +0000] "POST /api/v4/jobs/request HTTP/1.1" 204 0 "" "gitlab-runner 15.10.1 (15-10-stable; go1.19.6; linux/amd64)" -
172.21.0.3 - - [19/Apr/2023:17:52:25 +0000] "POST /api/v4/jobs/request HTTP/1.1" 204 0 "" "gitlab-runner 15.10.1 (15-10-stable; go1.19.6; linux/amd64)" -
127.0.0.1 - - [19/Apr/2023:17:52:25 +0000] "GET /help HTTP/1.1" 200 74056 "" "curl/8.0.1-DEV" -
172.21.0.1 - - [19/Apr/2023:17:52:26 +0000] "GET /admin/runners/1/edit HTTP/1.1" 200 20138 "" "Mozilla/5.0 (Windows NT 6.3; Win64; x64) AppleWebKit/537.36 (KHTML, like Gecko) Chrome/104.0.5112.102 Safari/537.36 OPR/90.0.4480.84" 4.41
172.21.0.1 - - [19/Apr/2023:17:52:27 +0000] "GET /assets/webpack/commons-pages.admin.runners.edit-pages.admin.runners.new-pages.groups.runners.edit.edb0238a.chunk.js HTTP/1.1" 200 12561 "https://8080-cs-215311858653-default.cs-us-east1-rtep.cloudshell.dev/admin/runners/1/edit" "Mozilla/5.0 (Windows NT 6.3; Win64; x64) AppleWebKit/537.36 (KHTML, like Gecko) Chrome/104.0.5112.102 Safari/537.36 OPR/90.0.4480.84" -
172.21.0.1 - - [19/Apr/2023:17:52:27 +0000] "GET /assets/webpack/commons-pages.admin.runners.edit-pages.admin.runners.new-pages.admin.runners.show-pages.groups.runne-ea16c3aa.bff1c86c.chunk.js HTTP/1.1" 200 4615 "https://8080-cs-215311858653-default.cs-us-east1-rtep.cloudshell.dev/admin/runners/1/edit" "Mozilla/5.0 (Windows NT 6.3; Win64; x64) AppleWebKit/537.36 (KHTML, like Gecko) Chrome/104.0.5112.102 Safari/537.36 OPR/90.0.4480.84" -
172.21.0.1 - - [19/Apr/2023:17:52:27 +0000] "GET /assets/webpack/commons-pages.admin.runners.edit-pages.groups.runners.edit.f4ca7df3.chunk.js HTTP/1.1" 200 7424 "https://8080-cs-215311858653-default.cs-us-east1-rtep.cloudshell.dev/admin/runners/1/edit" "Mozilla/5.0 (Windows NT 6.3; Win64; x64) AppleWebKit/537.36 (KHTML, like Gecko) Chrome/104.0.5112.102 Safari/537.36 OPR/90.0.4480.84" -
172.21.0.1 - - [19/Apr/2023:17:52:27 +0000] "GET /assets/webpack/pages.admin.runners.edit.7baeb230.chunk.js HTTP/1.1" 200 2217 "https://8080-cs-215311858653-default.cs-us-east1-rtep.cloudshell.dev/admin/runners/1/edit" "Mozilla/5.0 (Windows NT 6.3; Win64; x64) AppleWebKit/537.36 (KHTML, like Gecko) Chrome/104.0.5112.102 Safari/537.36 OPR/90.0.4480.84" -
172.21.0.3 - - [19/Apr/2023:17:52:28 +0000] "POST /api/v4/jobs/request HTTP/1.1" 204 0 "" "gitlab-runner 15.10.1 (15-10-stable; go1.19.6; linux/amd64)" -
172.21.0.1 - - [19/Apr/2023:17:52:28 +0000] "POST /api/graphql HTTP/1.1" 200 279 "https://8080-cs-215311858653-default.cs-us-east1-rtep.cloudshell.dev/admin/runners/1/edit" "Mozilla/5.0 (Windows NT 6.3; Win64; x64) AppleWebKit/537.36 (KHTML, like Gecko) Chrome/104.0.5112.102 Safari/537.36 OPR/90.0.4480.84" 1.24
172.21.0.3 - - [19/Apr/2023:17:52:31 +0000] "POST /api/v4/jobs/request HTTP/1.1" 204 0 "" "gitlab-runner 15.10.1 (15-10-stable; go1.19.6; linux/amd64)" -
172.21.0.3 - - [19/Apr/2023:17:52:34 +0000] "POST /api/v4/jobs/request HTTP/1.1" 204 0 "" "gitlab-runner 15.10.1 (15-10-stable; go1.19.6; linux/amd64)" -
172.21.0.3 - - [19/Apr/2023:17:52:37 +0000] "POST /api/v4/jobs/request HTTP/1.1" 204 0 "" "gitlab-runner 15.10.1 (15-10-stable; go1.19.6; linux/amd64)" -
172.21.0.3 - - [19/Apr/2023:17:52:40 +0000] "POST /api/v4/jobs/request HTTP/1.1" 204 0 "" "gitlab-runner 15.10.1 (15-10-stable; go1.19.6; linux/amd64)" -
172.21.0.3 - - [19/Apr/2023:17:52:43 +0000] "POST /api/v4/jobs/request HTTP/1.1" 204 0 "" "gitlab-runner 15.10.1 (15-10-stable; go1.19.6; linux/amd64)" -
172.21.0.3 - - [19/Apr/2023:17:52:46 +0000] "POST /api/v4/jobs/request HTTP/1.1" 204 0 "" "gitlab-runner 15.10.1 (15-10-stable; go1.19.6; linux/amd64)" -
172.21.0.3 - - [19/Apr/2023:17:52:49 +0000] "POST /api/v4/jobs/request HTTP/1.1" 204 0 "" "gitlab-runner 15.10.1 (15-10-stable; go1.19.6; linux/amd64)" -
172.21.0.3 - - [19/Apr/2023:17:52:52 +0000] "POST /api/v4/jobs/request HTTP/1.1" 204 0 "" "gitlab-runner 15.10.1 (15-10-stable; go1.19.6; linux/amd64)" -
172.21.0.3 - - [19/Apr/2023:17:52:55 +0000] "POST /api/v4/jobs/request HTTP/1.1" 204 0 "" "gitlab-runner 15.10.1 (15-10-stable; go1.19.6; linux/amd64)" -
172.21.0.3 - - [19/Apr/2023:17:52:58 +0000] "POST /api/v4/jobs/request HTTP/1.1" 204 0 "" "gitlab-runner 15.10.1 (15-10-stable; go1.19.6; linux/amd64)" -
172.21.0.3 - - [19/Apr/2023:17:53:01 +0000] "POST /api/v4/jobs/request HTTP/1.1" 204 0 "" "gitlab-runner 15.10.1 (15-10-stable; go1.19.6; linux/amd64)" -
172.21.0.3 - - [19/Apr/2023:17:53:04 +0000] "POST /api/v4/jobs/request HTTP/1.1" 204 0 "" "gitlab-runner 15.10.1 (15-10-stable; go1.19.6; linux/amd64)" -
172.21.0.3 - - [19/Apr/2023:17:53:07 +0000] "POST /api/v4/jobs/request HTTP/1.1" 204 0 "" "gitlab-runner 15.10.1 (15-10-stable; go1.19.6; linux/amd64)" -
172.21.0.3 - - [19/Apr/2023:17:53:10 +0000] "POST /api/v4/jobs/request HTTP/1.1" 204 0 "" "gitlab-runner 15.10.1 (15-10-stable; go1.19.6; linux/amd64)" -
172.21.0.3 - - [19/Apr/2023:17:53:13 +0000] "POST /api/v4/jobs/request HTTP/1.1" 204 0 "" "gitlab-runner 15.10.1 (15-10-stable; go1.19.6; linux/amd64)" -
172.21.0.3 - - [19/Apr/2023:17:53:16 +0000] "POST /api/v4/jobs/request HTTP/1.1" 204 0 "" "gitlab-runner 15.10.1 (15-10-stable; go1.19.6; linux/amd64)" -
172.21.0.1 - - [19/Apr/2023:17:53:18 +0000] "POST /api/graphql HTTP/1.1" 200 167 "https://8080-cs-215311858653-default.cs-us-east1-rtep.cloudshell.dev/admin/runners/1/edit" "Mozilla/5.0 (Windows NT 6.3; Win64; x64) AppleWebKit/537.36 (KHTML, like Gecko) Chrome/104.0.5112.102 Safari/537.36 OPR/90.0.4480.84" -
172.21.0.3 - - [19/Apr/2023:17:53:19 +0000] "POST /api/v4/jobs/request HTTP/1.1" 204 0 "" "gitlab-runner 15.10.1 (15-10-stable; go1.19.6; linux/amd64)" -
172.21.0.3 - - [19/Apr/2023:17:53:22 +0000] "POST /api/v4/jobs/request HTTP/1.1" 204 0 "" "gitlab-runner 15.10.1 (15-10-stable; go1.19.6; linux/amd64)" -
172.21.0.3 - - [19/Apr/2023:17:53:25 +0000] "POST /api/v4/jobs/request HTTP/1.1" 204 0 "" "gitlab-runner 15.10.1 (15-10-stable; go1.19.6; linux/amd64)" -
127.0.0.1 - - [19/Apr/2023:17:53:26 +0000] "GET /help HTTP/1.1" 200 74056 "" "curl/8.0.1-DEV" -
172.21.0.3 - - [19/Apr/2023:17:53:28 +0000] "POST /api/v4/jobs/request HTTP/1.1" 204 0 "" "gitlab-runner 15.10.1 (15-10-stable; go1.19.6; linux/amd64)" -
172.21.0.3 - - [19/Apr/2023:17:53:31 +0000] "POST /api/v4/jobs/request HTTP/1.1" 204 0 "" "gitlab-runner 15.10.1 (15-10-stable; go1.19.6; linux/amd64)" -
172.21.0.3 - - [19/Apr/2023:17:53:34 +0000] "POST /api/v4/jobs/request HTTP/1.1" 204 0 "" "gitlab-runner 15.10.1 (15-10-stable; go1.19.6; linux/amd64)" -
172.21.0.3 - - [19/Apr/2023:17:53:37 +0000] "POST /api/v4/jobs/request HTTP/1.1" 204 0 "" "gitlab-runner 15.10.1 (15-10-stable; go1.19.6; linux/amd64)" -
172.21.0.3 - - [19/Apr/2023:17:53:40 +0000] "POST /api/v4/jobs/request HTTP/1.1" 204 0 "" "gitlab-runner 15.10.1 (15-10-stable; go1.19.6; linux/amd64)" -
172.21.0.3 - - [19/Apr/2023:17:53:43 +0000] "POST /api/v4/jobs/request HTTP/1.1" 204 0 "" "gitlab-runner 15.10.1 (15-10-stable; go1.19.6; linux/amd64)" -
172.21.0.1 - - [19/Apr/2023:17:53:44 +0000] "POST /api/graphql HTTP/1.1" 200 302 "https://8080-cs-215311858653-default.cs-us-east1-rtep.cloudshell.dev/admin/runners/1/edit" "Mozilla/5.0 (Windows NT 6.3; Win64; x64) AppleWebKit/537.36 (KHTML, like Gecko) Chrome/104.0.5112.102 Safari/537.36 OPR/90.0.4480.84" 1.34
172.21.0.1 - - [19/Apr/2023:17:53:44 +0000] "GET /admin/runners/1 HTTP/1.1" 200 20331 "https://8080-cs-215311858653-default.cs-us-east1-rtep.cloudshell.dev/admin/runners/1/edit" "Mozilla/5.0 (Windows NT 6.3; Win64; x64) AppleWebKit/537.36 (KHTML, like Gecko) Chrome/104.0.5112.102 Safari/537.36 OPR/90.0.4480.84" 4.39
172.21.0.1 - - [19/Apr/2023:17:53:45 +0000] "GET /assets/webpack/commons-pages.admin.runners.show-pages.groups.runners.show-pages.projects.environments.folder-pages.-123d51fb.bc841ef9.chunk.js HTTP/1.1" 200 6689 "https://8080-cs-215311858653-default.cs-us-east1-rtep.cloudshell.dev/admin/runners/1" "Mozilla/5.0 (Windows NT 6.3; Win64; x64) AppleWebKit/537.36 (KHTML, like Gecko) Chrome/104.0.5112.102 Safari/537.36 OPR/90.0.4480.84" -
172.21.0.1 - - [19/Apr/2023:17:53:45 +0000] "GET /assets/webpack/commons-pages.admin.runners.show-pages.groups.runners.show.d3302f4d.chunk.js HTTP/1.1" 200 10095 "https://8080-cs-215311858653-default.cs-us-east1-rtep.cloudshell.dev/admin/runners/1" "Mozilla/5.0 (Windows NT 6.3; Win64; x64) AppleWebKit/537.36 (KHTML, like Gecko) Chrome/104.0.5112.102 Safari/537.36 OPR/90.0.4480.84" -
172.21.0.1 - - [19/Apr/2023:17:53:45 +0000] "GET /assets/webpack/pages.admin.runners.show.2b547b85.chunk.js HTTP/1.1" 200 2926 "https://8080-cs-215311858653-default.cs-us-east1-rtep.cloudshell.dev/admin/runners/1" "Mozilla/5.0 (Windows NT 6.3; Win64; x64) AppleWebKit/537.36 (KHTML, like Gecko) Chrome/104.0.5112.102 Safari/537.36 OPR/90.0.4480.84" -
172.21.0.1 - - [19/Apr/2023:17:53:45 +0000] "GET /assets/page_bundles/runner_details-b5360c0d971c2fbe9a3958ee83940a8d8987db35c74910088ab5a540cbb5d83c.css HTTP/1.1" 200 71 "https://8080-cs-215311858653-default.cs-us-east1-rtep.cloudshell.dev/admin/runners/1" "Mozilla/5.0 (Windows NT 6.3; Win64; x64) AppleWebKit/537.36 (KHTML, like Gecko) Chrome/104.0.5112.102 Safari/537.36 OPR/90.0.4480.84" -
172.21.0.3 - - [19/Apr/2023:17:53:46 +0000] "POST /api/v4/jobs/request HTTP/1.1" 204 0 "" "gitlab-runner 15.10.1 (15-10-stable; go1.19.6; linux/amd64)" -
172.21.0.1 - - [19/Apr/2023:17:53:46 +0000] "POST /api/graphql HTTP/1.1" 200 453 "https://8080-cs-215311858653-default.cs-us-east1-rtep.cloudshell.dev/admin/runners/1" "Mozilla/5.0 (Windows NT 6.3; Win64; x64) AppleWebKit/537.36 (KHTML, like Gecko) Chrome/104.0.5112.102 Safari/537.36 OPR/90.0.4480.84" 1.54
172.21.0.3 - - [19/Apr/2023:17:53:49 +0000] "POST /api/v4/jobs/request HTTP/1.1" 204 0 "" "gitlab-runner 15.10.1 (15-10-stable; go1.19.6; linux/amd64)" -
172.21.0.3 - - [19/Apr/2023:17:53:52 +0000] "POST /api/v4/jobs/request HTTP/1.1" 204 0 "" "gitlab-runner 15.10.1 (15-10-stable; go1.19.6; linux/amd64)" -
172.21.0.3 - - [19/Apr/2023:17:53:55 +0000] "POST /api/v4/jobs/request HTTP/1.1" 204 0 "" "gitlab-runner 15.10.1 (15-10-stable; go1.19.6; linux/amd64)" -
172.21.0.3 - - [19/Apr/2023:17:53:58 +0000] "POST /api/v4/jobs/request HTTP/1.1" 204 0 "" "gitlab-runner 15.10.1 (15-10-stable; go1.19.6; linux/amd64)" -
172.21.0.3 - - [19/Apr/2023:17:54:01 +0000] "POST /api/v4/jobs/request HTTP/1.1" 204 0 "" "gitlab-runner 15.10.1 (15-10-stable; go1.19.6; linux/amd64)" -
172.21.0.1 - - [19/Apr/2023:17:54:01 +0000] "POST /api/graphql HTTP/1.1" 200 138 "https://8080-cs-215311858653-default.cs-us-east1-rtep.cloudshell.dev/gitlab-instance-eb0d6907/helloworld/-/pipelines/2" "Mozilla/5.0 (Windows NT 6.3; Win64; x64) AppleWebKit/537.36 (KHTML, like Gecko) Chrome/104.0.5112.102 Safari/537.36 OPR/90.0.4480.84" -
172.21.0.3 - - [19/Apr/2023:17:54:04 +0000] "POST /api/v4/jobs/request HTTP/1.1" 204 0 "" "gitlab-runner 15.10.1 (15-10-stable; go1.19.6; linux/amd64)" -
172.21.0.3 - - [19/Apr/2023:17:54:07 +0000] "POST /api/v4/jobs/request HTTP/1.1" 204 0 "" "gitlab-runner 15.10.1 (15-10-stable; go1.19.6; linux/amd64)" -
172.21.0.1 - - [19/Apr/2023:17:54:08 +0000] "GET /gitlab-instance-eb0d6907/helloworld/-/tree/master HTTP/1.1" 200 28584 "https://8080-cs-215311858653-default.cs-us-east1-rtep.cloudshell.dev/gitlab-instance-eb0d6907/helloworld/-/pipelines/2" "Mozilla/5.0 (Windows NT 6.3; Win64; x64) AppleWebKit/537.36 (KHTML, like Gecko) Chrome/104.0.5112.102 Safari/537.36 OPR/90.0.4480.84" 4.62
172.21.0.1 - - [19/Apr/2023:17:54:09 +0000] "GET /gitlab-instance-eb0d6907/helloworld/-/refs/master/logs_tree/?format=json&offset=0 HTTP/1.1" 200 831 "https://8080-cs-215311858653-default.cs-us-east1-rtep.cloudshell.dev/gitlab-instance-eb0d6907/helloworld/-/tree/master" "Mozilla/5.0 (Windows NT 6.3; Win64; x64) AppleWebKit/537.36 (KHTML, like Gecko) Chrome/104.0.5112.102 Safari/537.36 OPR/90.0.4480.84" 3.80
172.21.0.1 - - [19/Apr/2023:17:54:10 +0000] "GET /gitlab-instance-eb0d6907/helloworld/-/blob/master/README.md?format=json&viewer=rich HTTP/1.1" 200 915 "https://8080-cs-215311858653-default.cs-us-east1-rtep.cloudshell.dev/gitlab-instance-eb0d6907/helloworld/-/tree/master" "Mozilla/5.0 (Windows NT 6.3; Win64; x64) AppleWebKit/537.36 (KHTML, like Gecko) Chrome/104.0.5112.102 Safari/537.36 OPR/90.0.4480.84" 3.06
172.21.0.3 - - [19/Apr/2023:17:54:10 +0000] "POST /api/v4/jobs/request HTTP/1.1" 204 0 "" "gitlab-runner 15.10.1 (15-10-stable; go1.19.6; linux/amd64)" -
172.21.0.1 - - [19/Apr/2023:17:54:11 +0000] "GET /api/v4/projects/2/repository/tags?search=&per_page=20 HTTP/1.1" 200 2 "https://8080-cs-215311858653-default.cs-us-east1-rtep.cloudshell.dev/gitlab-instance-eb0d6907/helloworld/-/tree/master" "Mozilla/5.0 (Windows NT 6.3; Win64; x64) AppleWebKit/537.36 (KHTML, like Gecko) Chrome/104.0.5112.102 Safari/537.36 OPR/90.0.4480.84" -
172.21.0.1 - - [19/Apr/2023:17:54:11 +0000] "POST /api/graphql HTTP/1.1" 200 585 "https://8080-cs-215311858653-default.cs-us-east1-rtep.cloudshell.dev/gitlab-instance-eb0d6907/helloworld/-/tree/master" "Mozilla/5.0 (Windows NT 6.3; Win64; x64) AppleWebKit/537.36 (KHTML, like Gecko) Chrome/104.0.5112.102 Safari/537.36 OPR/90.0.4480.84" 2.38
172.21.0.1 - - [19/Apr/2023:17:54:11 +0000] "GET /api/v4/projects/2/repository/branches?search=&per_page=20 HTTP/1.1" 200 409 "https://8080-cs-215311858653-default.cs-us-east1-rtep.cloudshell.dev/gitlab-instance-eb0d6907/helloworld/-/tree/master" "Mozilla/5.0 (Windows NT 6.3; Win64; x64) AppleWebKit/537.36 (KHTML, like Gecko) Chrome/104.0.5112.102 Safari/537.36 OPR/90.0.4480.84" 2.12
172.21.0.1 - - [19/Apr/2023:17:54:11 +0000] "POST /api/graphql HTTP/1.1" 200 722 "https://8080-cs-215311858653-default.cs-us-east1-rtep.cloudshell.dev/gitlab-instance-eb0d6907/helloworld/-/tree/master" "Mozilla/5.0 (Windows NT 6.3; Win64; x64) AppleWebKit/537.36 (KHTML, like Gecko) Chrome/104.0.5112.102 Safari/537.36 OPR/90.0.4480.84" 3.27
172.21.0.3 - - [19/Apr/2023:17:54:13 +0000] "POST /api/v4/jobs/request HTTP/1.1" 204 0 "" "gitlab-runner 15.10.1 (15-10-stable; go1.19.6; linux/amd64)" -
172.21.0.1 - - [19/Apr/2023:17:54:14 +0000] "OST /api/graphql HTTP/1.1" 405 19 "https://8080-cs-215311858653-default.cs-us-east1-rtep.cloudshell.dev/gitlab-instance-eb0d6907/helloworld/-/tree/master" "Mozilla/5.0 (Windows NT 6.3; Win64; x64) AppleWebKit/537.36 (KHTML, like Gecko) Chrome/104.0.5112.102 Safari/537.36 OPR/90.0.4480.84" -
172.21.0.1 - - [19/Apr/2023:17:54:14 +0000] "POST /api/graphql HTTP/1.1" 200 873 "https://8080-cs-215311858653-default.cs-us-east1-rtep.cloudshell.dev/gitlab-instance-eb0d6907/helloworld/-/tree/master" "Mozilla/5.0 (Windows NT 6.3; Win64; x64) AppleWebKit/537.36 (KHTML, like Gecko) Chrome/104.0.5112.102 Safari/537.36 OPR/90.0.4480.84" 3.71
172.21.0.1 - - [19/Apr/2023:17:54:15 +0000] "POST /api/graphql HTTP/1.1" 200 1075 "https://8080-cs-215311858653-default.cs-us-east1-rtep.cloudshell.dev/gitlab-instance-eb0d6907/helloworld/-/tree/master" "Mozilla/5.0 (Windows NT 6.3; Win64; x64) AppleWebKit/537.36 (KHTML, like Gecko) Chrome/104.0.5112.102 Safari/537.36 OPR/90.0.4480.84" 3.50
172.21.0.1 - - [19/Apr/2023:17:54:15 +0000] "POST /api/graphql HTTP/1.1" 200 990 "https://8080-cs-215311858653-default.cs-us-east1-rtep.cloudshell.dev/gitlab-instance-eb0d6907/helloworld/-/tree/master" "Mozilla/5.0 (Windows NT 6.3; Win64; x64) AppleWebKit/537.36 (KHTML, like Gecko) Chrome/104.0.5112.102 Safari/537.36 OPR/90.0.4480.84" 3.54
172.21.0.1 - - [19/Apr/2023:17:54:15 +0000] "POST /api/graphql HTTP/1.1" 200 423 "https://8080-cs-215311858653-default.cs-us-east1-rtep.cloudshell.dev/gitlab-instance-eb0d6907/helloworld/-/tree/master" "Mozilla/5.0 (Windows NT 6.3; Win64; x64) AppleWebKit/537.36 (KHTML, like Gecko) Chrome/104.0.5112.102 Safari/537.36 OPR/90.0.4480.84" 2.17
172.21.0.3 - - [19/Apr/2023:17:54:16 +0000] "POST /api/v4/jobs/request HTTP/1.1" 204 0 "" "gitlab-runner 15.10.1 (15-10-stable; go1.19.6; linux/amd64)" -
172.21.0.1 - - [19/Apr/2023:17:54:16 +0000] "POST /api/graphql HTTP/1.1" 200 485 "https://8080-cs-215311858653-default.cs-us-east1-rtep.cloudshell.dev/gitlab-instance-eb0d6907/helloworld/-/tree/master/src/main/java/com/coveros/demo/helloworld" "Mozilla/5.0 (Windows NT 6.3; Win64; x64) AppleWebKit/537.36 (KHTML, like Gecko) Chrome/104.0.5112.102 Safari/537.36 OPR/90.0.4480.84" 2.01
172.21.0.1 - - [19/Apr/2023:17:54:16 +0000] "POST /api/graphql HTTP/1.1" 200 356 "https://8080-cs-215311858653-default.cs-us-east1-rtep.cloudshell.dev/gitlab-instance-eb0d6907/helloworld/-/tree/master/src/main/java/com/coveros/demo/helloworld" "Mozilla/5.0 (Windows NT 6.3; Win64; x64) AppleWebKit/537.36 (KHTML, like Gecko) Chrome/104.0.5112.102 Safari/537.36 OPR/90.0.4480.84" 2.21
172.21.0.1 - - [19/Apr/2023:17:54:17 +0000] "GET /gitlab-instance-eb0d6907/helloworld/-/refs/master/logs_tree/src%2Fmain%2Fjava%2Fcom%2Fcoveros%2Fdemo%2Fhelloworld?format=json&offset=0 HTTP/1.1" 200 382 "https://8080-cs-215311858653-default.cs-us-east1-rtep.cloudshell.dev/gitlab-instance-eb0d6907/helloworld/-/tree/master/src/main/java/com/coveros/demo/helloworld" "Mozilla/5.0 (Windows NT 6.3; Win64; x64) AppleWebKit/537.36 (KHTML, like Gecko) Chrome/104.0.5112.102 Safari/537.36 OPR/90.0.4480.84" 1.84
172.21.0.1 - - [19/Apr/2023:17:54:18 +0000] "POST /api/graphql HTTP/1.1" 200 660 "https://8080-cs-215311858653-default.cs-us-east1-rtep.cloudshell.dev/gitlab-instance-eb0d6907/helloworld/-/tree/master" "Mozilla/5.0 (Windows NT 6.3; Win64; x64) AppleWebKit/537.36 (KHTML, like Gecko) Chrome/104.0.5112.102 Safari/537.36 OPR/90.0.4480.84" 3.29
172.21.0.3 - - [19/Apr/2023:17:54:19 +0000] "POST /api/v4/jobs/request HTTP/1.1" 204 0 "" "gitlab-runner 15.10.1 (15-10-stable; go1.19.6; linux/amd64)" -
172.21.0.1 - - [19/Apr/2023:17:54:21 +0000] "POST /api/graphql HTTP/1.1" 200 1395 "https://8080-cs-215311858653-default.cs-us-east1-rtep.cloudshell.dev/gitlab-instance-eb0d6907/helloworld/-/tree/master" "Mozilla/5.0 (Windows NT 6.3; Win64; x64) AppleWebKit/537.36 (KHTML, like Gecko) Chrome/104.0.5112.102 Safari/537.36 OPR/90.0.4480.84" 3.54
172.21.0.3 - - [19/Apr/2023:17:54:22 +0000] "POST /api/v4/jobs/request HTTP/1.1" 204 0 "" "gitlab-runner 15.10.1 (15-10-stable; go1.19.6; linux/amd64)" -
172.21.0.3 - - [19/Apr/2023:17:54:25 +0000] "POST /api/v4/jobs/request HTTP/1.1" 204 0 "" "gitlab-runner 15.10.1 (15-10-stable; go1.19.6; linux/amd64)" -
127.0.0.1 - - [19/Apr/2023:17:54:26 +0000] "GET /help HTTP/1.1" 200 74056 "" "curl/8.0.1-DEV" -
172.21.0.3 - - [19/Apr/2023:17:54:28 +0000] "POST /api/v4/jobs/request HTTP/1.1" 204 0 "" "gitlab-runner 15.10.1 (15-10-stable; go1.19.6; linux/amd64)" -
172.21.0.3 - - [19/Apr/2023:17:54:31 +0000] "POST /api/v4/jobs/request HTTP/1.1" 204 0 "" "gitlab-runner 15.10.1 (15-10-stable; go1.19.6; linux/amd64)" -
172.21.0.3 - - [19/Apr/2023:17:54:34 +0000] "POST /api/v4/jobs/request HTTP/1.1" 204 0 "" "gitlab-runner 15.10.1 (15-10-stable; go1.19.6; linux/amd64)" -
172.21.0.3 - - [19/Apr/2023:17:54:37 +0000] "POST /api/v4/jobs/request HTTP/1.1" 204 0 "" "gitlab-runner 15.10.1 (15-10-stable; go1.19.6; linux/amd64)" -
172.21.0.3 - - [19/Apr/2023:17:54:40 +0000] "POST /api/v4/jobs/request HTTP/1.1" 204 0 "" "gitlab-runner 15.10.1 (15-10-stable; go1.19.6; linux/amd64)" -
172.21.0.3 - - [19/Apr/2023:17:54:43 +0000] "POST /api/v4/jobs/request HTTP/1.1" 204 0 "" "gitlab-runner 15.10.1 (15-10-stable; go1.19.6; linux/amd64)" -
172.21.0.3 - - [19/Apr/2023:17:54:46 +0000] "POST /api/v4/jobs/request HTTP/1.1" 204 0 "" "gitlab-runner 15.10.1 (15-10-stable; go1.19.6; linux/amd64)" -
172.21.0.3 - - [19/Apr/2023:17:54:49 +0000] "POST /api/v4/jobs/request HTTP/1.1" 204 0 "" "gitlab-runner 15.10.1 (15-10-stable; go1.19.6; linux/amd64)" -
172.21.0.3 - - [19/Apr/2023:17:54:52 +0000] "POST /api/v4/jobs/request HTTP/1.1" 204 0 "" "gitlab-runner 15.10.1 (15-10-stable; go1.19.6; linux/amd64)" -
172.21.0.3 - - [19/Apr/2023:17:54:55 +0000] "POST /api/v4/jobs/request HTTP/1.1" 204 0 "" "gitlab-runner 15.10.1 (15-10-stable; go1.19.6; linux/amd64)" -
172.21.0.1 - - [19/Apr/2023:17:54:56 +0000] "POST /api/graphql HTTP/1.1" 200 585 "https://8080-cs-215311858653-default.cs-us-east1-rtep.cloudshell.dev/gitlab-instance-eb0d6907/helloworld/-/blob/master/.gitlab-ci.yml" "Mozilla/5.0 (Windows NT 6.3; Win64; x64) AppleWebKit/537.36 (KHTML, like Gecko) Chrome/104.0.5112.102 Safari/537.36 OPR/90.0.4480.84" 2.38
172.21.0.1 - - [19/Apr/2023:17:54:57 +0000] "POST /api/graphql HTTP/1.1" 200 480 "https://8080-cs-215311858653-default.cs-us-east1-rtep.cloudshell.dev/gitlab-instance-eb0d6907/helloworld/-/blob/master/.gitlab-ci.yml" "Mozilla/5.0 (Windows NT 6.3; Win64; x64) AppleWebKit/537.36 (KHTML, like Gecko) Chrome/104.0.5112.102 Safari/537.36 OPR/90.0.4480.84" 2.32
172.21.0.3 - - [19/Apr/2023:17:54:58 +0000] "POST /api/v4/jobs/request HTTP/1.1" 204 0 "" "gitlab-runner 15.10.1 (15-10-stable; go1.19.6; linux/amd64)" -
172.21.0.3 - - [19/Apr/2023:17:55:01 +0000] "POST /api/v4/jobs/request HTTP/1.1" 204 0 "" "gitlab-runner 15.10.1 (15-10-stable; go1.19.6; linux/amd64)" -
172.21.0.3 - - [19/Apr/2023:17:55:04 +0000] "POST /api/v4/jobs/request HTTP/1.1" 204 0 "" "gitlab-runner 15.10.1 (15-10-stable; go1.19.6; linux/amd64)" -
172.21.0.3 - - [19/Apr/2023:17:55:07 +0000] "POST /api/v4/jobs/request HTTP/1.1" 204 0 "" "gitlab-runner 15.10.1 (15-10-stable; go1.19.6; linux/amd64)" -
172.21.0.3 - - [19/Apr/2023:17:55:10 +0000] "POST /api/v4/jobs/request HTTP/1.1" 204 0 "" "gitlab-runner 15.10.1 (15-10-stable; go1.19.6; linux/amd64)" -
172.21.0.3 - - [19/Apr/2023:17:55:13 +0000] "POST /api/v4/jobs/request HTTP/1.1" 204 0 "" "gitlab-runner 15.10.1 (15-10-stable; go1.19.6; linux/amd64)" -
172.21.0.1 - - [19/Apr/2023:17:55:14 +0000] "GET /gitlab-instance-eb0d6907/helloworld/-/edit/master/.gitlab-ci.yml HTTP/1.1" 200 30485 "https://8080-cs-215311858653-default.cs-us-east1-rtep.cloudshell.dev/gitlab-instance-eb0d6907/helloworld/-/blob/master/.gitlab-ci.yml" "Mozilla/5.0 (Windows NT 6.3; Win64; x64) AppleWebKit/537.36 (KHTML, like Gecko) Chrome/104.0.5112.102 Safari/537.36 OPR/90.0.4480.84" 5.36
172.21.0.1 - - [19/Apr/2023:17:55:15 +0000] "GET /assets/webpack/pages.projects.blob.edit.c5e532f7.chunk.js HTTP/1.1" 200 2371 "https://8080-cs-215311858653-default.cs-us-east1-rtep.cloudshell.dev/gitlab-instance-eb0d6907/helloworld/-/edit/master/.gitlab-ci.yml" "Mozilla/5.0 (Windows NT 6.3; Win64; x64) AppleWebKit/537.36 (KHTML, like Gecko) Chrome/104.0.5112.102 Safari/537.36 OPR/90.0.4480.84" -
172.21.0.1 - - [19/Apr/2023:17:55:15 +0000] "GET /assets/webpack/746.a31fa718.chunk.js HTTP/1.1" 200 53668 "https://8080-cs-215311858653-default.cs-us-east1-rtep.cloudshell.dev/gitlab-instance-eb0d6907/helloworld/-/edit/master/.gitlab-ci.yml" "Mozilla/5.0 (Windows NT 6.3; Win64; x64) AppleWebKit/537.36 (KHTML, like Gecko) Chrome/104.0.5112.102 Safari/537.36 OPR/90.0.4480.84" -
172.21.0.1 - - [19/Apr/2023:17:55:15 +0000] "GET /assets/webpack/48.97817a3e.chunk.js HTTP/1.1" 200 6983 "https://8080-cs-215311858653-default.cs-us-east1-rtep.cloudshell.dev/gitlab-instance-eb0d6907/helloworld/-/edit/master/.gitlab-ci.yml" "Mozilla/5.0 (Windows NT 6.3; Win64; x64) AppleWebKit/537.36 (KHTML, like Gecko) Chrome/104.0.5112.102 Safari/537.36 OPR/90.0.4480.84" -
172.21.0.3 - - [19/Apr/2023:17:55:16 +0000] "POST /api/v4/jobs/request HTTP/1.1" 204 0 "" "gitlab-runner 15.10.1 (15-10-stable; go1.19.6; linux/amd64)" -
172.21.0.3 - - [19/Apr/2023:17:55:19 +0000] "POST /api/v4/jobs/request HTTP/1.1" 204 0 "" "gitlab-runner 15.10.1 (15-10-stable; go1.19.6; linux/amd64)" -
172.21.0.3 - - [19/Apr/2023:17:55:22 +0000] "POST /api/v4/jobs/request HTTP/1.1" 204 0 "" "gitlab-runner 15.10.1 (15-10-stable; go1.19.6; linux/amd64)" -
172.21.0.3 - - [19/Apr/2023:17:55:25 +0000] "POST /api/v4/jobs/request HTTP/1.1" 204 0 "" "gitlab-runner 15.10.1 (15-10-stable; go1.19.6; linux/amd64)" -
127.0.0.1 - - [19/Apr/2023:17:55:26 +0000] "GET /help HTTP/1.1" 200 74056 "" "curl/8.0.1-DEV" -
172.21.0.3 - - [19/Apr/2023:17:55:28 +0000] "POST /api/v4/jobs/request HTTP/1.1" 204 0 "" "gitlab-runner 15.10.1 (15-10-stable; go1.19.6; linux/amd64)" -
172.21.0.3 - - [19/Apr/2023:17:55:31 +0000] "POST /api/v4/jobs/request HTTP/1.1" 204 0 "" "gitlab-runner 15.10.1 (15-10-stable; go1.19.6; linux/amd64)" -
172.21.0.3 - - [19/Apr/2023:17:55:34 +0000] "POST /api/v4/jobs/request HTTP/1.1" 204 0 "" "gitlab-runner 15.10.1 (15-10-stable; go1.19.6; linux/amd64)" -
172.21.0.3 - - [19/Apr/2023:17:55:37 +0000] "POST /api/v4/jobs/request HTTP/1.1" 204 0 "" "gitlab-runner 15.10.1 (15-10-stable; go1.19.6; linux/amd64)" -
172.21.0.3 - - [19/Apr/2023:17:55:40 +0000] "POST /api/v4/jobs/request HTTP/1.1" 204 0 "" "gitlab-runner 15.10.1 (15-10-stable; go1.19.6; linux/amd64)" -
172.21.0.3 - - [19/Apr/2023:17:55:43 +0000] "POST /api/v4/jobs/request HTTP/1.1" 204 0 "" "gitlab-runner 15.10.1 (15-10-stable; go1.19.6; linux/amd64)" -
172.21.0.3 - - [19/Apr/2023:17:55:46 +0000] "POST /api/v4/jobs/request HTTP/1.1" 204 0 "" "gitlab-runner 15.10.1 (15-10-stable; go1.19.6; linux/amd64)" -
172.21.0.3 - - [19/Apr/2023:17:55:49 +0000] "POST /api/v4/jobs/request HTTP/1.1" 204 0 "" "gitlab-runner 15.10.1 (15-10-stable; go1.19.6; linux/amd64)" -
172.21.0.3 - - [19/Apr/2023:17:55:52 +0000] "POST /api/v4/jobs/request HTTP/1.1" 204 0 "" "gitlab-runner 15.10.1 (15-10-stable; go1.19.6; linux/amd64)" -
172.21.0.3 - - [19/Apr/2023:17:55:55 +0000] "POST /api/v4/jobs/request HTTP/1.1" 204 0 "" "gitlab-runner 15.10.1 (15-10-stable; go1.19.6; linux/amd64)" -
172.21.0.1 - - [19/Apr/2023:17:55:56 +0000] "POST /gitlab-instance-eb0d6907/helloworld/-/update/master/.gitlab-ci.yml HTTP/1.1" 302 152 "https://8080-cs-215311858653-default.cs-us-east1-rtep.cloudshell.dev/gitlab-instance-eb0d6907/helloworld/-/edit/master/.gitlab-ci.yml" "Mozilla/5.0 (Windows NT 6.3; Win64; x64) AppleWebKit/537.36 (KHTML, like Gecko) Chrome/104.0.5112.102 Safari/537.36 OPR/90.0.4480.84" -
172.21.0.1 - - [19/Apr/2023:17:55:57 +0000] "GET /gitlab-instance-eb0d6907/helloworld/-/blob/master/.gitlab-ci.yml HTTP/1.1" 200 25868 "https://8080-cs-215311858653-default.cs-us-east1-rtep.cloudshell.dev/gitlab-instance-eb0d6907/helloworld/-/edit/master/.gitlab-ci.yml" "Mozilla/5.0 (Windows NT 6.3; Win64; x64) AppleWebKit/537.36 (KHTML, like Gecko) Chrome/104.0.5112.102 Safari/537.36 OPR/90.0.4480.84" 4.60
172.21.0.1 - - [19/Apr/2023:17:55:58 +0000] "GET /assets/webpack/pages.projects.blob.show.76ff3f93.chunk.js HTTP/1.1" 200 9330 "https://8080-cs-215311858653-default.cs-us-east1-rtep.cloudshell.dev/gitlab-instance-eb0d6907/helloworld/-/blob/master/.gitlab-ci.yml" "Mozilla/5.0 (Windows NT 6.3; Win64; x64) AppleWebKit/537.36 (KHTML, like Gecko) Chrome/104.0.5112.102 Safari/537.36 OPR/90.0.4480.84" -
172.21.0.1 - - [19/Apr/2023:17:55:58 +0000] "GET /gitlab-instance-eb0d6907/helloworld/-/blob/master/.gitlab-ci.yml?format=json&viewer=auxiliary HTTP/1.1" 200 561 "https://8080-cs-215311858653-default.cs-us-east1-rtep.cloudshell.dev/gitlab-instance-eb0d6907/helloworld/-/blob/master/.gitlab-ci.yml" "Mozilla/5.0 (Windows NT 6.3; Win64; x64) AppleWebKit/537.36 (KHTML, like Gecko) Chrome/104.0.5112.102 Safari/537.36 OPR/90.0.4480.84" 2.15
172.21.0.3 - - [19/Apr/2023:17:55:58 +0000] "POST /api/v4/jobs/request HTTP/1.1" 201 12456 "" "gitlab-runner 15.10.1 (15-10-stable; go1.19.6; linux/amd64)" -
172.21.0.1 - - [19/Apr/2023:17:55:59 +0000] "GET /api/v4/projects/2/repository/tags?search=&per_page=20 HTTP/1.1" 200 2 "https://8080-cs-215311858653-default.cs-us-east1-rtep.cloudshell.dev/gitlab-instance-eb0d6907/helloworld/-/blob/master/.gitlab-ci.yml" "Mozilla/5.0 (Windows NT 6.3; Win64; x64) AppleWebKit/537.36 (KHTML, like Gecko) Chrome/104.0.5112.102 Safari/537.36 OPR/90.0.4480.84" -
172.21.0.1 - - [19/Apr/2023:17:55:59 +0000] "GET /gitlab-instance-eb0d6907/helloworld/-/commits/0ef131130987aa9b0ffded297356e27bc3988c4f/signatures?limit=1 HTTP/1.1" 200 17 "https://8080-cs-215311858653-default.cs-us-east1-rtep.cloudshell.dev/gitlab-instance-eb0d6907/helloworld/-/blob/master/.gitlab-ci.yml" "Mozilla/5.0 (Windows NT 6.3; Win64; x64) AppleWebKit/537.36 (KHTML, like Gecko) Chrome/104.0.5112.102 Safari/537.36 OPR/90.0.4480.84" -
172.21.0.1 - - [19/Apr/2023:17:55:59 +0000] "GET /api/v4/projects/2/repository/branches?search=&per_page=20 HTTP/1.1" 200 403 "https://8080-cs-215311858653-default.cs-us-east1-rtep.cloudshell.dev/gitlab-instance-eb0d6907/helloworld/-/blob/master/.gitlab-ci.yml" "Mozilla/5.0 (Windows NT 6.3; Win64; x64) AppleWebKit/537.36 (KHTML, like Gecko) Chrome/104.0.5112.102 Safari/537.36 OPR/90.0.4480.84" 2.12
172.21.0.1 - - [19/Apr/2023:17:55:59 +0000] "GET /gitlab-instance-eb0d6907/helloworld/-/commit/0ef131130987aa9b0ffded297356e27bc3988c4f/pipelines?ref=master HTTP/1.1" 200 1212 "https://8080-cs-215311858653-default.cs-us-east1-rtep.cloudshell.dev/gitlab-instance-eb0d6907/helloworld/-/blob/master/.gitlab-ci.yml" "Mozilla/5.0 (Windows NT 6.3; Win64; x64) AppleWebKit/537.36 (KHTML, like Gecko) Chrome/104.0.5112.102 Safari/537.36 OPR/90.0.4480.84" 3.39
172.21.0.1 - - [19/Apr/2023:17:56:00 +0000] "POST /api/graphql HTTP/1.1" 200 1189 "https://8080-cs-215311858653-default.cs-us-east1-rtep.cloudshell.dev/gitlab-instance-eb0d6907/helloworld/-/blob/master/.gitlab-ci.yml" "Mozilla/5.0 (Windows NT 6.3; Win64; x64) AppleWebKit/537.36 (KHTML, like Gecko) Chrome/104.0.5112.102 Safari/537.36 OPR/90.0.4480.84" 3.47
172.21.0.4 - - [19/Apr/2023:17:56:01 +0000] "GET /gitlab-instance-eb0d6907/helloworld.git/info/refs?service=git-upload-pack HTTP/1.1" 401 267 "" "gitlab-runner 15.10.1 linux/amd64" -
172.21.0.4 - gitlab-ci-token [19/Apr/2023:17:56:01 +0000] "GET /gitlab-instance-eb0d6907/helloworld.git/info/refs?service=git-upload-pack HTTP/1.1" 200 161 "" "gitlab-runner 15.10.1 linux/amd64" -
172.21.0.4 - gitlab-ci-token [19/Apr/2023:17:56:01 +0000] "POST /gitlab-instance-eb0d6907/helloworld.git/git-upload-pack HTTP/1.1" 200 129 "" "gitlab-runner 15.10.1 linux/amd64" -
172.21.0.4 - gitlab-ci-token [19/Apr/2023:17:56:01 +0000] "POST /gitlab-instance-eb0d6907/helloworld.git/git-upload-pack HTTP/1.1" 200 675 "" "gitlab-runner 15.10.1 linux/amd64" -
172.21.0.3 - - [19/Apr/2023:17:56:01 +0000] "PATCH /api/v4/jobs/5/trace?debug_trace=false HTTP/1.1" 202 2 "" "gitlab-runner 15.10.1 (15-10-stable; go1.19.6; linux/amd64)" -
172.21.0.1 - - [19/Apr/2023:17:56:04 +0000] "GET /gitlab-instance-eb0d6907/helloworld/-/pipelines/3 HTTP/1.1" 200 25376 "https://8080-cs-215311858653-default.cs-us-east1-rtep.cloudshell.dev/gitlab-instance-eb0d6907/helloworld/-/blob/master/.gitlab-ci.yml" "Mozilla/5.0 (Windows NT 6.3; Win64; x64) AppleWebKit/537.36 (KHTML, like Gecko) Chrome/104.0.5112.102 Safari/537.36 OPR/90.0.4480.84" 4.65
172.21.0.1 - - [19/Apr/2023:17:56:06 +0000] "GET /api/graphql?query=query%20getPipelineHeaderData(%24fullPath%3A%20ID!%2C%20%24iid%3A%20ID!)%20%7B%20project(fullPath%3A%20%24fullPath)%20%7B%20id%20pipeline(iid%3A%20%24iid)%20%7B%20id%20iid%20status%20retryable%20cancelable%20userPermissions%20%7B%20destroyPipeline%20updatePipeline%20__typename%20%7D%20detailedStatus%20%7B%20id%20detailsPath%20icon%20group%20text%20__typename%20%7D%20createdAt%20user%20%7B%20id%20name%20username%20webPath%20webUrl%20email%20avatarUrl%20status%20%7B%20message%20emoji%20__typename%20%7D%20__typename%20%7D%20__typename%20%7D%20__typename%20%7D%20%7D&operationName=getPipelineHeaderData&variables=%7B%22fullPath%22%3A%22gitlab-instance-eb0d6907%2Fhelloworld%22%2C%22iid%22%3A%223%22%7D HTTP/1.1" 200 457 "https://8080-cs-215311858653-default.cs-us-east1-rtep.cloudshell.dev/gitlab-instance-eb0d6907/helloworld/-/pipelines/3" "Mozilla/5.0 (Windows NT 6.3; Win64; x64) AppleWebKit/537.36 (KHTML, like Gecko) Chrome/104.0.5112.102 Safari/537.36 OPR/90.0.4480.84" 1.84
172.21.0.1 - - [19/Apr/2023:17:56:07 +0000] "POST /api/graphql HTTP/1.1" 200 138 "https://8080-cs-215311858653-default.cs-us-east1-rtep.cloudshell.dev/gitlab-instance-eb0d6907/helloworld/-/pipelines/3" "Mozilla/5.0 (Windows NT 6.3; Win64; x64) AppleWebKit/537.36 (KHTML, like Gecko) Chrome/104.0.5112.102 Safari/537.36 OPR/90.0.4480.84" -
172.21.0.1 - - [19/Apr/2023:17:56:08 +0000] "GET /api/graphql?query=fragment%20CiNeeds%20on%20JobNeedUnion%20%7B%20...CiBuildNeedFields%20...CiJobNeedFields%20__typename%20%7D%20fragment%20CiBuildNeedFields%20on%20CiBuildNeed%20%7B%20id%20name%20__typename%20%7D%20fragment%20CiJobNeedFields%20on%20CiJob%20%7B%20id%20name%20__typename%20%7D%20fragment%20LinkedPipelineData%20on%20Pipeline%20%7B%20__typename%20id%20iid%20path%20cancelable%20retryable%20userPermissions%20%7B%20updatePipeline%20__typename%20%7D%20status%3A%20detailedStatus%20%7B%20__typename%20id%20group%20label%20icon%20%7D%20sourceJob%20%7B%20__typename%20id%20name%20retried%20%7D%20project%20%7B%20__typename%20id%20name%20fullPath%20%7D%20%7D%20query%20getPipelineDetails(%24projectPath%3A%20ID!%2C%20%24iid%3A%20ID!)%20%7B%20project(fullPath%3A%20%24projectPath)%20%7B%20__typename%20id%20pipeline(iid%3A%20%24iid)%20%7B%20__typename%20id%20iid%20complete%20usesNeeds%20userPermissions%20%7B%20updatePipeline%20__typename%20%7D%20downstream%20%7B%20__typename%20nodes%20%7B%20...LinkedPipelineData%20__typename%20%7D%20%7D%20upstream%20%7B%20...LinkedPipelineData%20__typename%20%7D%20stages%20%7B%20__typename%20nodes%20%7B%20__typename%20id%20name%20status%3A%20detailedStatus%20%7B%20__typename%20id%20action%20%7B%20__typename%20id%20icon%20path%20title%20%7D%20%7D%20groups%20%7B%20__typename%20nodes%20%7B%20__typename%20id%20status%3A%20detailedStatus%20%7B%20__typename%20id%20label%20group%20icon%20%7D%20name%20size%20jobs%20%7B%20__typename%20nodes%20%7B%20__typename%20id%20name%20kind%20scheduledAt%20needs%20%7B%20__typename%20nodes%20%7B%20__typename%20id%20name%20%7D%20%7D%20previousStageJobsOrNeeds%20%7B%20__typename%20nodes%20%7B%20...CiNeeds%20__typename%20%7D%20%7D%20status%3A%20detailedStatus%20%7B%20__typename%20id%20icon%20tooltip%20hasDetails%20detailsPath%20group%20label%20action%20%7B%20__typename%20id%20buttonTitle%20icon%20path%20title%20%7D%20%7D%20%7D%20%7D%20%7D%20%7D%20%7D%20%7D%20%7D%20%7D%20%7D&operationName=getPipelineDetails&variables=%7B%22projectPath%22%3A%22gitlab-instance-eb0d6907%2Fhelloworld%22%2C%22iid%22%3A%223%22%7D HTTP/1.1" 200 690 "https://8080-cs-215311858653-default.cs-us-east1-rtep.cloudshell.dev/gitlab-instance-eb0d6907/helloworld/-/pipelines/3" "Mozilla/5.0 (Windows NT 6.3; Win64; x64) AppleWebKit/537.36 (KHTML, like Gecko) Chrome/104.0.5112.102 Safari/537.36 OPR/90.0.4480.84" 4.05
172.21.0.4 - - [19/Apr/2023:17:56:14 +0000] "POST /api/v4/jobs/5/artifacts?artifact_format=zip&artifact_type=archive HTTP/1.1" 201 3 "" "gitlab-runner-helper 15.10.1 (15-10-stable; go1.19.6; linux/amd64)" -
172.21.0.3 - - [19/Apr/2023:17:56:15 +0000] "PATCH /api/v4/jobs/5/trace?debug_trace=false HTTP/1.1" 202 2 "" "gitlab-runner 15.10.1 (15-10-stable; go1.19.6; linux/amd64)" -
172.21.0.3 - - [19/Apr/2023:17:56:15 +0000] "PUT /api/v4/jobs/5 HTTP/1.1" 200 3 "" "gitlab-runner 15.10.1 (15-10-stable; go1.19.6; linux/amd64)" -
172.21.0.3 - - [19/Apr/2023:17:56:15 +0000] "POST /api/v4/jobs/request HTTP/1.1" 204 0 "" "gitlab-runner 15.10.1 (15-10-stable; go1.19.6; linux/amd64)" -
172.21.0.1 - - [19/Apr/2023:17:56:16 +0000] "GET /api/graphql?query=query%20getPipelineHeaderData(%24fullPath%3A%20ID!%2C%20%24iid%3A%20ID!)%20%7B%20project(fullPath%3A%20%24fullPath)%20%7B%20id%20pipeline(iid%3A%20%24iid)%20%7B%20id%20iid%20status%20retryable%20cancelable%20userPermissions%20%7B%20destroyPipeline%20updatePipeline%20__typename%20%7D%20detailedStatus%20%7B%20id%20detailsPath%20icon%20group%20text%20__typename%20%7D%20createdAt%20user%20%7B%20id%20name%20username%20webPath%20webUrl%20email%20avatarUrl%20status%20%7B%20message%20emoji%20__typename%20%7D%20__typename%20%7D%20__typename%20%7D%20__typename%20%7D%20%7D&operationName=getPipelineHeaderData&variables=%7B%22fullPath%22%3A%22gitlab-instance-eb0d6907%2Fhelloworld%22%2C%22iid%22%3A%223%22%7D HTTP/1.1" 200 457 "https://8080-cs-215311858653-default.cs-us-east1-rtep.cloudshell.dev/gitlab-instance-eb0d6907/helloworld/-/pipelines/3" "Mozilla/5.0 (Windows NT 6.3; Win64; x64) AppleWebKit/537.36 (KHTML, like Gecko) Chrome/104.0.5112.102 Safari/537.36 OPR/90.0.4480.84" 1.84
172.21.0.1 - - [19/Apr/2023:17:56:18 +0000] "GET /api/graphql?query=fragment%20CiNeeds%20on%20JobNeedUnion%20%7B%20...CiBuildNeedFields%20...CiJobNeedFields%20__typename%20%7D%20fragment%20CiBuildNeedFields%20on%20CiBuildNeed%20%7B%20id%20name%20__typename%20%7D%20fragment%20CiJobNeedFields%20on%20CiJob%20%7B%20id%20name%20__typename%20%7D%20fragment%20LinkedPipelineData%20on%20Pipeline%20%7B%20__typename%20id%20iid%20path%20cancelable%20retryable%20userPermissions%20%7B%20updatePipeline%20__typename%20%7D%20status%3A%20detailedStatus%20%7B%20__typename%20id%20group%20label%20icon%20%7D%20sourceJob%20%7B%20__typename%20id%20name%20retried%20%7D%20project%20%7B%20__typename%20id%20name%20fullPath%20%7D%20%7D%20query%20getPipelineDetails(%24projectPath%3A%20ID!%2C%20%24iid%3A%20ID!)%20%7B%20project(fullPath%3A%20%24projectPath)%20%7B%20__typename%20id%20pipeline(iid%3A%20%24iid)%20%7B%20__typename%20id%20iid%20complete%20usesNeeds%20userPermissions%20%7B%20updatePipeline%20__typename%20%7D%20downstream%20%7B%20__typename%20nodes%20%7B%20...LinkedPipelineData%20__typename%20%7D%20%7D%20upstream%20%7B%20...LinkedPipelineData%20__typename%20%7D%20stages%20%7B%20__typename%20nodes%20%7B%20__typename%20id%20name%20status%3A%20detailedStatus%20%7B%20__typename%20id%20action%20%7B%20__typename%20id%20icon%20path%20title%20%7D%20%7D%20groups%20%7B%20__typename%20nodes%20%7B%20__typename%20id%20status%3A%20detailedStatus%20%7B%20__typename%20id%20label%20group%20icon%20%7D%20name%20size%20jobs%20%7B%20__typename%20nodes%20%7B%20__typename%20id%20name%20kind%20scheduledAt%20needs%20%7B%20__typename%20nodes%20%7B%20__typename%20id%20name%20%7D%20%7D%20previousStageJobsOrNeeds%20%7B%20__typename%20nodes%20%7B%20...CiNeeds%20__typename%20%7D%20%7D%20status%3A%20detailedStatus%20%7B%20__typename%20id%20icon%20tooltip%20hasDetails%20detailsPath%20group%20label%20action%20%7B%20__typename%20id%20buttonTitle%20icon%20path%20title%20%7D%20%7D%20%7D%20%7D%20%7D%20%7D%20%7D%20%7D%20%7D%20%7D%20%7D&operationName=getPipelineDetails&variables=%7B%22projectPath%22%3A%22gitlab-instance-eb0d6907%2Fhelloworld%22%2C%22iid%22%3A%223%22%7D HTTP/1.1" 200 720 "https://8080-cs-215311858653-default.cs-us-east1-rtep.cloudshell.dev/gitlab-instance-eb0d6907/helloworld/-/pipelines/3" "Mozilla/5.0 (Windows NT 6.3; Win64; x64) AppleWebKit/537.36 (KHTML, like Gecko) Chrome/104.0.5112.102 Safari/537.36 OPR/90.0.4480.84" 3.87
172.21.0.3 - - [19/Apr/2023:17:56:18 +0000] "POST /api/v4/jobs/request HTTP/1.1" 201 12487 "" "gitlab-runner 15.10.1 (15-10-stable; go1.19.6; linux/amd64)" -
172.21.0.4 - - [19/Apr/2023:17:56:21 +0000] "GET /gitlab-instance-eb0d6907/helloworld.git/info/refs?service=git-upload-pack HTTP/1.1" 401 267 "" "gitlab-runner 15.10.1 linux/amd64" -
172.21.0.4 - gitlab-ci-token [19/Apr/2023:17:56:21 +0000] "GET /gitlab-instance-eb0d6907/helloworld.git/info/refs?service=git-upload-pack HTTP/1.1" 200 161 "" "gitlab-runner 15.10.1 linux/amd64" -
172.21.0.4 - gitlab-ci-token [19/Apr/2023:17:56:21 +0000] "POST /gitlab-instance-eb0d6907/helloworld.git/git-upload-pack HTTP/1.1" 200 129 "" "gitlab-runner 15.10.1 linux/amd64" -
172.21.0.4 - gitlab-ci-token [19/Apr/2023:17:56:21 +0000] "POST /gitlab-instance-eb0d6907/helloworld.git/git-upload-pack HTTP/1.1" 200 457 "" "gitlab-runner 15.10.1 linux/amd64" -
172.21.0.3 - - [19/Apr/2023:17:56:21 +0000] "PATCH /api/v4/jobs/6/trace?debug_trace=false HTTP/1.1" 202 2 "" "gitlab-runner 15.10.1 (15-10-stable; go1.19.6; linux/amd64)" -
172.21.0.4 - - [19/Apr/2023:17:56:22 +0000] "GET /api/v4/jobs/5/artifacts?direct_download=true HTTP/1.1" 200 6645 "" "gitlab-runner-helper 15.10.1 (15-10-stable; go1.19.6; linux/amd64)" -
172.21.0.3 - - [19/Apr/2023:17:56:23 +0000] "PATCH /api/v4/jobs/6/trace?debug_trace=false HTTP/1.1" 202 2 "" "gitlab-runner 15.10.1 (15-10-stable; go1.19.6; linux/amd64)" -
172.21.0.3 - - [19/Apr/2023:17:56:23 +0000] "PUT /api/v4/jobs/6 HTTP/1.1" 200 3 "" "gitlab-runner 15.10.1 (15-10-stable; go1.19.6; linux/amd64)" -
172.21.0.3 - - [19/Apr/2023:17:56:23 +0000] "POST /api/v4/jobs/request HTTP/1.1" 204 0 "" "gitlab-runner 15.10.1 (15-10-stable; go1.19.6; linux/amd64)" -
172.21.0.3 - - [19/Apr/2023:17:56:26 +0000] "POST /api/v4/jobs/request HTTP/1.1" 204 0 "" "gitlab-runner 15.10.1 (15-10-stable; go1.19.6; linux/amd64)" -
127.0.0.1 - - [19/Apr/2023:17:56:26 +0000] "GET /help HTTP/1.1" 200 74056 "" "curl/8.0.1-DEV" -
172.21.0.1 - - [19/Apr/2023:17:56:26 +0000] "GET /api/graphql?query=query%20getPipelineHeaderData(%24fullPath%3A%20ID!%2C%20%24iid%3A%20ID!)%20%7B%20project(fullPath%3A%20%24fullPath)%20%7B%20id%20pipeline(iid%3A%20%24iid)%20%7B%20id%20iid%20status%20retryable%20cancelable%20userPermissions%20%7B%20destroyPipeline%20updatePipeline%20__typename%20%7D%20detailedStatus%20%7B%20id%20detailsPath%20icon%20group%20text%20__typename%20%7D%20createdAt%20user%20%7B%20id%20name%20username%20webPath%20webUrl%20email%20avatarUrl%20status%20%7B%20message%20emoji%20__typename%20%7D%20__typename%20%7D%20__typename%20%7D%20__typename%20%7D%20%7D&operationName=getPipelineHeaderData&variables=%7B%22fullPath%22%3A%22gitlab-instance-eb0d6907%2Fhelloworld%22%2C%22iid%22%3A%223%22%7D HTTP/1.1" 200 459 "https://8080-cs-215311858653-default.cs-us-east1-rtep.cloudshell.dev/gitlab-instance-eb0d6907/helloworld/-/pipelines/3" "Mozilla/5.0 (Windows NT 6.3; Win64; x64) AppleWebKit/537.36 (KHTML, like Gecko) Chrome/104.0.5112.102 Safari/537.36 OPR/90.0.4480.84" 1.84
