172.21.0.1 - - [19/Apr/2023:17:38:24 +0000] "GET /gitlab-instance-eb0d6907/helloworld/-/blob/master/README.md?format=json&viewer=rich HTTP/1.1" 200 888 "https://8080-cs-215311858653-default.cs-us-east1-rtep.cloudshell.dev/gitlab-instance-eb0d6907/helloworld" "Mozilla/5.0 (Windows NT 6.3; Win64; x64) AppleWebKit/537.36 (KHTML, like Gecko) Chrome/104.0.5112.102 Safari/537.36 OPR/90.0.4480.84" 3.15
172.21.0.3 - - [19/Apr/2023:17:38:24 +0000] "POST /api/v4/jobs/request HTTP/1.1" 204 0 "" "gitlab-runner 15.10.1 (15-10-stable; go1.19.6; linux/amd64)" -
172.21.0.1 - - [19/Apr/2023:17:38:24 +0000] "GET /assets/webpack/commons-pages.projects.blob.show-pages.projects.show-pages.projects.snippets.edit-pages.projects.sni-dd84f7c7.4e02f025.chunk.js HTTP/1.1" 200 35098 "https://8080-cs-215311858653-default.cs-us-east1-rtep.cloudshell.dev/gitlab-instance-eb0d6907/helloworld" "Mozilla/5.0 (Windows NT 6.3; Win64; x64) AppleWebKit/537.36 (KHTML, like Gecko) Chrome/104.0.5112.102 Safari/537.36 OPR/90.0.4480.84" -
172.21.0.1 - - [19/Apr/2023:17:38:24 +0000] "GET /assets/webpack/commons-pages.projects.blob.show-pages.projects.show-pages.projects.snippets.show-pages.projects.tre-25c821a4.d4236b5b.chunk.js HTTP/1.1" 200 13330 "https://8080-cs-215311858653-default.cs-us-east1-rtep.cloudshell.dev/gitlab-instance-eb0d6907/helloworld" "Mozilla/5.0 (Windows NT 6.3; Win64; x64) AppleWebKit/537.36 (KHTML, like Gecko) Chrome/104.0.5112.102 Safari/537.36 OPR/90.0.4480.84" -
172.21.0.1 - - [19/Apr/2023:17:38:25 +0000] "GET /assets/webpack/commons-pages.groups.details-pages.groups.show-pages.profiles.notifications.show-pages.profiles.pref-d386d76d.bf0a6e7c.chunk.js HTTP/1.1" 200 5122 "https://8080-cs-215311858653-default.cs-us-east1-rtep.cloudshell.dev/gitlab-instance-eb0d6907/helloworld" "Mozilla/5.0 (Windows NT 6.3; Win64; x64) AppleWebKit/537.36 (KHTML, like Gecko) Chrome/104.0.5112.102 Safari/537.36 OPR/90.0.4480.84" -
172.21.0.1 - - [19/Apr/2023:17:38:25 +0000] "GET /assets/webpack/commons-pages.projects.blob.show-pages.projects.forks.new-pages.projects.show-pages.projects.tree.show.11fda915.chunk.js HTTP/1.1" 200 4636 "https://8080-cs-215311858653-default.cs-us-east1-rtep.cloudshell.dev/gitlab-instance-eb0d6907/helloworld" "Mozilla/5.0 (Windows NT 6.3; Win64; x64) AppleWebKit/537.36 (KHTML, like Gecko) Chrome/104.0.5112.102 Safari/537.36 OPR/90.0.4480.84" -
172.21.0.1 - - [19/Apr/2023:17:38:25 +0000] "GET /assets/webpack/commons-pages.projects.blob.show-pages.projects.shared.web_ide_link-pages.projects.show-pages.projec-be9a6d69.3c9f4833.chunk.js HTTP/1.1" 200 5565 "https://8080-cs-215311858653-default.cs-us-east1-rtep.cloudshell.dev/gitlab-instance-eb0d6907/helloworld" "Mozilla/5.0 (Windows NT 6.3; Win64; x64) AppleWebKit/537.36 (KHTML, like Gecko) Chrome/104.0.5112.102 Safari/537.36 OPR/90.0.4480.84" -
172.21.0.1 - - [19/Apr/2023:17:38:25 +0000] "GET /assets/webpack/commons-pages.projects.blob.show-pages.projects.show-pages.projects.tree.show.7e5ffd39.chunk.js HTTP/1.1" 200 19383 "https://8080-cs-215311858653-default.cs-us-east1-rtep.cloudshell.dev/gitlab-instance-eb0d6907/helloworld" "Mozilla/5.0 (Windows NT 6.3; Win64; x64) AppleWebKit/537.36 (KHTML, like Gecko) Chrome/104.0.5112.102 Safari/537.36 OPR/90.0.4480.84" -
172.21.0.1 - - [19/Apr/2023:17:38:25 +0000] "GET /assets/webpack/commons-pages.projects.show-pages.projects.tree.show.ec9b42d5.chunk.js HTTP/1.1" 200 8437 "https://8080-cs-215311858653-default.cs-us-east1-rtep.cloudshell.dev/gitlab-instance-eb0d6907/helloworld" "Mozilla/5.0 (Windows NT 6.3; Win64; x64) AppleWebKit/537.36 (KHTML, like Gecko) Chrome/104.0.5112.102 Safari/537.36 OPR/90.0.4480.84" -
172.21.0.1 - - [19/Apr/2023:17:38:25 +0000] "GET /assets/page_bundles/project-0df361777b98c5a654c52ac02ad2124c71d4b99fb194c5a3c038adb0a5757142.css HTTP/1.1" 200 993 "https://8080-cs-215311858653-default.cs-us-east1-rtep.cloudshell.dev/gitlab-instance-eb0d6907/helloworld" "Mozilla/5.0 (Windows NT 6.3; Win64; x64) AppleWebKit/537.36 (KHTML, like Gecko) Chrome/104.0.5112.102 Safari/537.36 OPR/90.0.4480.84" -
172.21.0.1 - - [19/Apr/2023:17:38:25 +0000] "GET /assets/webpack/pages.projects.show.064a6dbd.chunk.js HTTP/1.1" 200 33932 "https://8080-cs-215311858653-default.cs-us-east1-rtep.cloudshell.dev/gitlab-instance-eb0d6907/helloworld" "Mozilla/5.0 (Windows NT 6.3; Win64; x64) AppleWebKit/537.36 (KHTML, like Gecko) Chrome/104.0.5112.102 Safari/537.36 OPR/90.0.4480.84" -
172.21.0.1 - - [19/Apr/2023:17:38:25 +0000] "GET /assets/page_bundles/tree-86a16f68ea7bde025a5a521d3a1332e85e8484bad7d4c52e0bd04f0ed1b3571f.css HTTP/1.1" 200 1124 "https://8080-cs-215311858653-default.cs-us-east1-rtep.cloudshell.dev/gitlab-instance-eb0d6907/helloworld" "Mozilla/5.0 (Windows NT 6.3; Win64; x64) AppleWebKit/537.36 (KHTML, like Gecko) Chrome/104.0.5112.102 Safari/537.36 OPR/90.0.4480.84" -
172.21.0.1 - - [19/Apr/2023:17:38:26 +0000] "GET /assets/webpack/74.d736647d.chunk.js HTTP/1.1" 200 12939 "https://8080-cs-215311858653-default.cs-us-east1-rtep.cloudshell.dev/gitlab-instance-eb0d6907/helloworld" "Mozilla/5.0 (Windows NT 6.3; Win64; x64) AppleWebKit/537.36 (KHTML, like Gecko) Chrome/104.0.5112.102 Safari/537.36 OPR/90.0.4480.84" -
172.21.0.1 - - [19/Apr/2023:17:38:26 +0000] "GET /assets/webpack/initInviteMembersModal.58f226e0.chunk.js HTTP/1.1" 200 20655 "https://8080-cs-215311858653-default.cs-us-east1-rtep.cloudshell.dev/gitlab-instance-eb0d6907/helloworld" "Mozilla/5.0 (Windows NT 6.3; Win64; x64) AppleWebKit/537.36 (KHTML, like Gecko) Chrome/104.0.5112.102 Safari/537.36 OPR/90.0.4480.84" -
172.21.0.1 - - [19/Apr/2023:17:38:26 +0000] "GET /assets/webpack/vendors-initInviteMembersModal.bb92ffd7.chunk.js HTTP/1.1" 200 15386 "https://8080-cs-215311858653-default.cs-us-east1-rtep.cloudshell.dev/gitlab-instance-eb0d6907/helloworld" "Mozilla/5.0 (Windows NT 6.3; Win64; x64) AppleWebKit/537.36 (KHTML, like Gecko) Chrome/104.0.5112.102 Safari/537.36 OPR/90.0.4480.84" -
172.21.0.1 - - [19/Apr/2023:17:38:26 +0000] "GET /assets/webpack/initInviteMembersTrigger.4bbb4577.chunk.js HTTP/1.1" 200 4650 "https://8080-cs-215311858653-default.cs-us-east1-rtep.cloudshell.dev/gitlab-instance-eb0d6907/helloworld" "Mozilla/5.0 (Windows NT 6.3; Win64; x64) AppleWebKit/537.36 (KHTML, like Gecko) Chrome/104.0.5112.102 Safari/537.36 OPR/90.0.4480.84" -
172.21.0.1 - - [19/Apr/2023:17:38:27 +0000] "GET /assets/webpack/commons-pages.projects.blob.show-pages.projects.tree.show-treeList.4f848c28.chunk.js HTTP/1.1" 200 6731 "https://8080-cs-215311858653-default.cs-us-east1-rtep.cloudshell.dev/gitlab-instance-eb0d6907/helloworld" "Mozilla/5.0 (Windows NT 6.3; Win64; x64) AppleWebKit/537.36 (KHTML, like Gecko) Chrome/104.0.5112.102 Safari/537.36 OPR/90.0.4480.84" -
172.21.0.1 - - [19/Apr/2023:17:38:27 +0000] "GET /assets/webpack/treeList.f87bee10.chunk.js HTTP/1.1" 200 18665 "https://8080-cs-215311858653-default.cs-us-east1-rtep.cloudshell.dev/gitlab-instance-eb0d6907/helloworld" "Mozilla/5.0 (Windows NT 6.3; Win64; x64) AppleWebKit/537.36 (KHTML, like Gecko) Chrome/104.0.5112.102 Safari/537.36 OPR/90.0.4480.84" -
172.21.0.3 - - [19/Apr/2023:17:38:27 +0000] "POST /api/v4/jobs/request HTTP/1.1" 204 0 "" "gitlab-runner 15.10.1 (15-10-stable; go1.19.6; linux/amd64)" -
172.21.0.1 - - [19/Apr/2023:17:38:27 +0000] "GET /-/emojis/2/handshake.png HTTP/1.1" 200 3653 "https://8080-cs-215311858653-default.cs-us-east1-rtep.cloudshell.dev/gitlab-instance-eb0d6907/helloworld" "Mozilla/5.0 (Windows NT 6.3; Win64; x64) AppleWebKit/537.36 (KHTML, like Gecko) Chrome/104.0.5112.102 Safari/537.36 OPR/90.0.4480.84" -
172.21.0.1 - - [19/Apr/2023:17:38:28 +0000] "GET /api/v4/projects/2/repository/tags?search=&per_page=20 HTTP/1.1" 200 2 "https://8080-cs-215311858653-default.cs-us-east1-rtep.cloudshell.dev/gitlab-instance-eb0d6907/helloworld" "Mozilla/5.0 (Windows NT 6.3; Win64; x64) AppleWebKit/537.36 (KHTML, like Gecko) Chrome/104.0.5112.102 Safari/537.36 OPR/90.0.4480.84" -
172.21.0.1 - - [19/Apr/2023:17:38:28 +0000] "GET /api/v4/projects/2/repository/branches?search=&per_page=20 HTTP/1.1" 200 452 "https://8080-cs-215311858653-default.cs-us-east1-rtep.cloudshell.dev/gitlab-instance-eb0d6907/helloworld" "Mozilla/5.0 (Windows NT 6.3; Win64; x64) AppleWebKit/537.36 (KHTML, like Gecko) Chrome/104.0.5112.102 Safari/537.36 OPR/90.0.4480.84" 1.92
172.21.0.1 - - [19/Apr/2023:17:38:28 +0000] "POST /api/graphql HTTP/1.1" 200 665 "https://8080-cs-215311858653-default.cs-us-east1-rtep.cloudshell.dev/gitlab-instance-eb0d6907/helloworld" "Mozilla/5.0 (Windows NT 6.3; Win64; x64) AppleWebKit/537.36 (KHTML, like Gecko) Chrome/104.0.5112.102 Safari/537.36 OPR/90.0.4480.84" 3.02
172.21.0.1 - - [19/Apr/2023:17:38:29 +0000] "GET /assets/file_icons/file_icons-6489590d770258cc27e4698405d309d83e42829b667b4d601534321e96739a5a.svg HTTP/1.1" 200 83950 "https://8080-cs-215311858653-default.cs-us-east1-rtep.cloudshell.dev/gitlab-instance-eb0d6907/helloworld" "Mozilla/5.0 (Windows NT 6.3; Win64; x64) AppleWebKit/537.36 (KHTML, like Gecko) Chrome/104.0.5112.102 Safari/537.36 OPR/90.0.4480.84" -
172.21.0.1 - - [19/Apr/2023:17:38:29 +0000] "GET /assets/icon_anchor-297aa9b0225eff3d6d0da74ce042a0ed5575b92aa66b7109a5e060a795b42e36.svg HTTP/1.1" 200 496 "https://8080-cs-215311858653-default.cs-us-east1-rtep.cloudshell.dev/assets/application-971982e3e67f5419507bf8034fc7ae9754f607a4f0e6a7483cd7d579936d0a43.css" "Mozilla/5.0 (Windows NT 6.3; Win64; x64) AppleWebKit/537.36 (KHTML, like Gecko) Chrome/104.0.5112.102 Safari/537.36 OPR/90.0.4480.84" -
172.21.0.1 - - [19/Apr/2023:17:38:29 +0000] "POST /api/graphql HTTP/1.1" 200 551 "https://8080-cs-215311858653-default.cs-us-east1-rtep.cloudshell.dev/gitlab-instance-eb0d6907/helloworld" "Mozilla/5.0 (Windows NT 6.3; Win64; x64) AppleWebKit/537.36 (KHTML, like Gecko) Chrome/104.0.5112.102 Safari/537.36 OPR/90.0.4480.84" 1.84
172.21.0.3 - - [19/Apr/2023:17:38:30 +0000] "POST /api/v4/jobs/request HTTP/1.1" 204 0 "" "gitlab-runner 15.10.1 (15-10-stable; go1.19.6; linux/amd64)" -
172.21.0.3 - - [19/Apr/2023:17:38:33 +0000] "POST /api/v4/jobs/request HTTP/1.1" 204 0 "" "gitlab-runner 15.10.1 (15-10-stable; go1.19.6; linux/amd64)" -
172.21.0.3 - - [19/Apr/2023:17:38:36 +0000] "POST /api/v4/jobs/request HTTP/1.1" 204 0 "" "gitlab-runner 15.10.1 (15-10-stable; go1.19.6; linux/amd64)" -
172.21.0.3 - - [19/Apr/2023:17:38:39 +0000] "POST /api/v4/jobs/request HTTP/1.1" 204 0 "" "gitlab-runner 15.10.1 (15-10-stable; go1.19.6; linux/amd64)" -
172.21.0.3 - - [19/Apr/2023:17:38:42 +0000] "POST /api/v4/jobs/request HTTP/1.1" 204 0 "" "gitlab-runner 15.10.1 (15-10-stable; go1.19.6; linux/amd64)" -
172.21.0.3 - - [19/Apr/2023:17:38:45 +0000] "POST /api/v4/jobs/request HTTP/1.1" 204 0 "" "gitlab-runner 15.10.1 (15-10-stable; go1.19.6; linux/amd64)" -
172.21.0.3 - - [19/Apr/2023:17:38:48 +0000] "POST /api/v4/jobs/request HTTP/1.1" 204 0 "" "gitlab-runner 15.10.1 (15-10-stable; go1.19.6; linux/amd64)" -
172.21.0.3 - - [19/Apr/2023:17:38:51 +0000] "POST /api/v4/jobs/request HTTP/1.1" 204 0 "" "gitlab-runner 15.10.1 (15-10-stable; go1.19.6; linux/amd64)" -
172.21.0.1 - - [19/Apr/2023:17:38:52 +0000] "GET /gitlab-instance-eb0d6907/helloworld/-/pipelines HTTP/1.1" 200 26218 "https://8080-cs-215311858653-default.cs-us-east1-rtep.cloudshell.dev/gitlab-instance-eb0d6907/helloworld" "Mozilla/5.0 (Windows NT 6.3; Win64; x64) AppleWebKit/537.36 (KHTML, like Gecko) Chrome/104.0.5112.102 Safari/537.36 OPR/90.0.4480.84" 4.55
172.21.0.1 - - [19/Apr/2023:17:38:53 +0000] "GET /assets/webpack/commons-pages.projects.environments.folder-pages.projects.environments.show-pages.projects.pipelines-44eb317d.fb9b38fe.chunk.js HTTP/1.1" 200 17546 "https://8080-cs-215311858653-default.cs-us-east1-rtep.cloudshell.dev/gitlab-instance-eb0d6907/helloworld/-/pipelines" "Mozilla/5.0 (Windows NT 6.3; Win64; x64) AppleWebKit/537.36 (KHTML, like Gecko) Chrome/104.0.5112.102 Safari/537.36 OPR/90.0.4480.84" -
172.21.0.1 - - [19/Apr/2023:17:38:53 +0000] "GET /assets/webpack/75.e03d30ed.chunk.js HTTP/1.1" 200 4702 "https://8080-cs-215311858653-default.cs-us-east1-rtep.cloudshell.dev/gitlab-instance-eb0d6907/helloworld/-/pipelines" "Mozilla/5.0 (Windows NT 6.3; Win64; x64) AppleWebKit/537.36 (KHTML, like Gecko) Chrome/104.0.5112.102 Safari/537.36 OPR/90.0.4480.84" -
172.21.0.1 - - [19/Apr/2023:17:38:53 +0000] "GET /gitlab-instance-eb0d6907/helloworld/-/pipelines.json HTTP/1.1" 200 36 "https://8080-cs-215311858653-default.cs-us-east1-rtep.cloudshell.dev/gitlab-instance-eb0d6907/helloworld/-/pipelines" "Mozilla/5.0 (Windows NT 6.3; Win64; x64) AppleWebKit/537.36 (KHTML, like Gecko) Chrome/104.0.5112.102 Safari/537.36 OPR/90.0.4480.84" -
172.21.0.1 - - [19/Apr/2023:17:38:53 +0000] "GET /assets/webpack/commons-pages.groups.boards-pages.projects.boards-pages.projects.pipelines.index.472b85eb.chunk.js HTTP/1.1" 200 18258 "https://8080-cs-215311858653-default.cs-us-east1-rtep.cloudshell.dev/gitlab-instance-eb0d6907/helloworld/-/pipelines" "Mozilla/5.0 (Windows NT 6.3; Win64; x64) AppleWebKit/537.36 (KHTML, like Gecko) Chrome/104.0.5112.102 Safari/537.36 OPR/90.0.4480.84" -
172.21.0.1 - - [19/Apr/2023:17:38:53 +0000] "GET /assets/webpack/120.35817104.chunk.js HTTP/1.1" 200 15417 "https://8080-cs-215311858653-default.cs-us-east1-rtep.cloudshell.dev/gitlab-instance-eb0d6907/helloworld/-/pipelines" "Mozilla/5.0 (Windows NT 6.3; Win64; x64) AppleWebKit/537.36 (KHTML, like Gecko) Chrome/104.0.5112.102 Safari/537.36 OPR/90.0.4480.84" -
172.21.0.1 - - [19/Apr/2023:17:38:53 +0000] "GET /assets/webpack/pages.projects.pipelines.index.ab12481d.chunk.js HTTP/1.1" 200 57257 "https://8080-cs-215311858653-default.cs-us-east1-rtep.cloudshell.dev/gitlab-instance-eb0d6907/helloworld/-/pipelines" "Mozilla/5.0 (Windows NT 6.3; Win64; x64) AppleWebKit/537.36 (KHTML, like Gecko) Chrome/104.0.5112.102 Safari/537.36 OPR/90.0.4480.84" -
172.21.0.1 - - [19/Apr/2023:17:38:53 +0000] "GET /assets/page_bundles/pipelines-37608f0a51bd6b3ed0bc12bae003eee22cc86fc1d6ceb80fe01b6d4e5881284b.css HTTP/1.1" 200 1072 "https://8080-cs-215311858653-default.cs-us-east1-rtep.cloudshell.dev/gitlab-instance-eb0d6907/helloworld/-/pipelines" "Mozilla/5.0 (Windows NT 6.3; Win64; x64) AppleWebKit/537.36 (KHTML, like Gecko) Chrome/104.0.5112.102 Safari/537.36 OPR/90.0.4480.84" -
172.21.0.1 - - [19/Apr/2023:17:38:53 +0000] "GET /assets/page_bundles/ci_status-00e12008e8e8224bcf9eef018e76e01694652590584ea372263aad0efe84a3bd.css HTTP/1.1" 200 672 "https://8080-cs-215311858653-default.cs-us-east1-rtep.cloudshell.dev/gitlab-instance-eb0d6907/helloworld/-/pipelines" "Mozilla/5.0 (Windows NT 6.3; Win64; x64) AppleWebKit/537.36 (KHTML, like Gecko) Chrome/104.0.5112.102 Safari/537.36 OPR/90.0.4480.84" -
172.21.0.1 - - [19/Apr/2023:17:38:54 +0000] "GET /assets/webpack/180.e2afce44.chunk.js HTTP/1.1" 200 7731 "https://8080-cs-215311858653-default.cs-us-east1-rtep.cloudshell.dev/gitlab-instance-eb0d6907/helloworld/-/pipelines" "Mozilla/5.0 (Windows NT 6.3; Win64; x64) AppleWebKit/537.36 (KHTML, like Gecko) Chrome/104.0.5112.102 Safari/537.36 OPR/90.0.4480.84" -
172.21.0.3 - - [19/Apr/2023:17:38:54 +0000] "POST /api/v4/jobs/request HTTP/1.1" 204 0 "" "gitlab-runner 15.10.1 (15-10-stable; go1.19.6; linux/amd64)" -
172.21.0.1 - - [19/Apr/2023:17:38:55 +0000] "GET /gitlab-instance-eb0d6907/helloworld/-/pipelines.json?scope=all&page=1 HTTP/1.1" 200 36 "https://8080-cs-215311858653-default.cs-us-east1-rtep.cloudshell.dev/gitlab-instance-eb0d6907/helloworld/-/pipelines" "Mozilla/5.0 (Windows NT 6.3; Win64; x64) AppleWebKit/537.36 (KHTML, like Gecko) Chrome/104.0.5112.102 Safari/537.36 OPR/90.0.4480.84" -
172.21.0.1 - - [19/Apr/2023:17:38:57 +0000] "GET /assets/illustrations/pipelines_pending-167b73392aea8946544a3a4b43f794de718632bd6a3d644bd8e39d55b2ee1706.svg HTTP/1.1" 200 1337 "https://8080-cs-215311858653-default.cs-us-east1-rtep.cloudshell.dev/gitlab-instance-eb0d6907/helloworld/-/pipelines" "Mozilla/5.0 (Windows NT 6.3; Win64; x64) AppleWebKit/537.36 (KHTML, like Gecko) Chrome/104.0.5112.102 Safari/537.36 OPR/90.0.4480.84" -
172.21.0.3 - - [19/Apr/2023:17:38:57 +0000] "POST /api/v4/jobs/request HTTP/1.1" 204 0 "" "gitlab-runner 15.10.1 (15-10-stable; go1.19.6; linux/amd64)" -
172.21.0.3 - - [19/Apr/2023:17:39:00 +0000] "POST /api/v4/jobs/request HTTP/1.1" 204 0 "" "gitlab-runner 15.10.1 (15-10-stable; go1.19.6; linux/amd64)" -
172.21.0.3 - - [19/Apr/2023:17:39:03 +0000] "POST /api/v4/jobs/request HTTP/1.1" 204 0 "" "gitlab-runner 15.10.1 (15-10-stable; go1.19.6; linux/amd64)" -
172.21.0.3 - - [19/Apr/2023:17:39:06 +0000] "POST /api/v4/jobs/request HTTP/1.1" 204 0 "" "gitlab-runner 15.10.1 (15-10-stable; go1.19.6; linux/amd64)" -
172.21.0.3 - - [19/Apr/2023:17:39:09 +0000] "POST /api/v4/jobs/request HTTP/1.1" 204 0 "" "gitlab-runner 15.10.1 (15-10-stable; go1.19.6; linux/amd64)" -
172.21.0.1 - - [19/Apr/2023:17:39:12 +0000] "GET /gitlab-instance-eb0d6907/helloworld/-/pipelines.json?scope=all&page=1 HTTP/1.1" 200 36 "https://8080-cs-215311858653-default.cs-us-east1-rtep.cloudshell.dev/gitlab-instance-eb0d6907/helloworld/-/pipelines" "Mozilla/5.0 (Windows NT 6.3; Win64; x64) AppleWebKit/537.36 (KHTML, like Gecko) Chrome/104.0.5112.102 Safari/537.36 OPR/90.0.4480.84" -
172.21.0.3 - - [19/Apr/2023:17:39:12 +0000] "POST /api/v4/jobs/request HTTP/1.1" 204 0 "" "gitlab-runner 15.10.1 (15-10-stable; go1.19.6; linux/amd64)" -
172.21.0.3 - - [19/Apr/2023:17:39:15 +0000] "POST /api/v4/jobs/request HTTP/1.1" 204 0 "" "gitlab-runner 15.10.1 (15-10-stable; go1.19.6; linux/amd64)" -
172.21.0.3 - - [19/Apr/2023:17:39:18 +0000] "POST /api/v4/jobs/request HTTP/1.1" 204 0 "" "gitlab-runner 15.10.1 (15-10-stable; go1.19.6; linux/amd64)" -
172.21.0.1 - - [19/Apr/2023:17:39:19 +0000] "GET /gitlab-instance-eb0d6907/helloworld/-/ci/editor?branch_name=master HTTP/1.1" 200 23495 "https://8080-cs-215311858653-default.cs-us-east1-rtep.cloudshell.dev/gitlab-instance-eb0d6907/helloworld/-/pipelines" "Mozilla/5.0 (Windows NT 6.3; Win64; x64) AppleWebKit/537.36 (KHTML, like Gecko) Chrome/104.0.5112.102 Safari/537.36 OPR/90.0.4480.84" 4.75
172.21.0.1 - - [19/Apr/2023:17:39:19 +0000] "GET /assets/webpack/monaco.68b97baf.chunk.js HTTP/1.1" 200 698634 "https://8080-cs-215311858653-default.cs-us-east1-rtep.cloudshell.dev/gitlab-instance-eb0d6907/helloworld/-/ci/editor" "Mozilla/5.0 (Windows NT 6.3; Win64; x64) AppleWebKit/537.36 (KHTML, like Gecko) Chrome/104.0.5112.102 Safari/537.36 OPR/90.0.4480.84" -
172.21.0.1 - - [19/Apr/2023:17:39:19 +0000] "GET /assets/webpack/commons-pages.admin.application_settings-pages.admin.application_settings.ci_cd-pages.admin.applicat-43420023.26d7a0b8.chunk.js HTTP/1.1" 200 26688 "https://8080-cs-215311858653-default.cs-us-east1-rtep.cloudshell.dev/gitlab-instance-eb0d6907/helloworld/-/ci/editor" "Mozilla/5.0 (Windows NT 6.3; Win64; x64) AppleWebKit/537.36 (KHTML, like Gecko) Chrome/104.0.5112.102 Safari/537.36 OPR/90.0.4480.84" -
172.21.0.1 - - [19/Apr/2023:17:39:19 +0000] "GET /assets/webpack/commons-pages.ide-pages.projects.ci.lints.show-pages.projects.ci.pipeline_editor.show-pages.projects-181d2ea3.72e24d74.chunk.js HTTP/1.1" 200 32538 "https://8080-cs-215311858653-default.cs-us-east1-rtep.cloudshell.dev/gitlab-instance-eb0d6907/helloworld/-/ci/editor" "Mozilla/5.0 (Windows NT 6.3; Win64; x64) AppleWebKit/537.36 (KHTML, like Gecko) Chrome/104.0.5112.102 Safari/537.36 OPR/90.0.4480.84" -
172.21.0.1 - - [19/Apr/2023:17:39:19 +0000] "GET /assets/webpack/commons-pages.projects.ci.pipeline_editor.show-pages.projects.commit.pipelines-pages.projects.commit-c0bf9c53.65a0473d.chunk.js HTTP/1.1" 200 36166 "https://8080-cs-215311858653-default.cs-us-east1-rtep.cloudshell.dev/gitlab-instance-eb0d6907/helloworld/-/ci/editor" "Mozilla/5.0 (Windows NT 6.3; Win64; x64) AppleWebKit/537.36 (KHTML, like Gecko) Chrome/104.0.5112.102 Safari/537.36 OPR/90.0.4480.84" -
172.21.0.1 - - [19/Apr/2023:17:39:19 +0000] "GET /assets/webpack/commons-pages.projects.ci.pipeline_editor.show-pages.projects.pages.new.ffbb82a0.chunk.js HTTP/1.1" 200 44580 "https://8080-cs-215311858653-default.cs-us-east1-rtep.cloudshell.dev/gitlab-instance-eb0d6907/helloworld/-/ci/editor" "Mozilla/5.0 (Windows NT 6.3; Win64; x64) AppleWebKit/537.36 (KHTML, like Gecko) Chrome/104.0.5112.102 Safari/537.36 OPR/90.0.4480.84" -
172.21.0.1 - - [19/Apr/2023:17:39:19 +0000] "GET /assets/webpack/commons-pages.ide-pages.projects.ci.pipeline_editor.show.d346371a.chunk.js HTTP/1.1" 200 11492 "https://8080-cs-215311858653-default.cs-us-east1-rtep.cloudshell.dev/gitlab-instance-eb0d6907/helloworld/-/ci/editor" "Mozilla/5.0 (Windows NT 6.3; Win64; x64) AppleWebKit/537.36 (KHTML, like Gecko) Chrome/104.0.5112.102 Safari/537.36 OPR/90.0.4480.84" -
172.21.0.1 - - [19/Apr/2023:17:39:20 +0000] "GET /assets/webpack/commons-pages.projects.ci.lints.show-pages.projects.ci.pipeline_editor.show.b2637670.chunk.js HTTP/1.1" 200 5133 "https://8080-cs-215311858653-default.cs-us-east1-rtep.cloudshell.dev/gitlab-instance-eb0d6907/helloworld/-/ci/editor" "Mozilla/5.0 (Windows NT 6.3; Win64; x64) AppleWebKit/537.36 (KHTML, like Gecko) Chrome/104.0.5112.102 Safari/537.36 OPR/90.0.4480.84" -
172.21.0.1 - - [19/Apr/2023:17:39:20 +0000] "GET /assets/webpack/pages.projects.ci.pipeline_editor.show.5b1aa6f5.chunk.js HTTP/1.1" 200 37603 "https://8080-cs-215311858653-default.cs-us-east1-rtep.cloudshell.dev/gitlab-instance-eb0d6907/helloworld/-/ci/editor" "Mozilla/5.0 (Windows NT 6.3; Win64; x64) AppleWebKit/537.36 (KHTML, like Gecko) Chrome/104.0.5112.102 Safari/537.36 OPR/90.0.4480.84" -
172.21.0.1 - - [19/Apr/2023:17:39:20 +0000] "GET /assets/page_bundles/editor-6dd2f25e30ac693ebe0ef8654cf540015ff50d2261d5a37b1853f72b9ba0f638.css HTTP/1.1" 200 1189 "https://8080-cs-215311858653-default.cs-us-east1-rtep.cloudshell.dev/gitlab-instance-eb0d6907/helloworld/-/ci/editor" "Mozilla/5.0 (Windows NT 6.3; Win64; x64) AppleWebKit/537.36 (KHTML, like Gecko) Chrome/104.0.5112.102 Safari/537.36 OPR/90.0.4480.84" -
172.21.0.1 - - [19/Apr/2023:17:39:20 +0000] "GET /assets/page_bundles/pipeline_editor-f1ec255bfee32c51cac633594c7fda2b50f12fd87ff0d2e851181f3a776c3301.css HTTP/1.1" 200 270 "https://8080-cs-215311858653-default.cs-us-east1-rtep.cloudshell.dev/gitlab-instance-eb0d6907/helloworld/-/ci/editor" "Mozilla/5.0 (Windows NT 6.3; Win64; x64) AppleWebKit/537.36 (KHTML, like Gecko) Chrome/104.0.5112.102 Safari/537.36 OPR/90.0.4480.84" -
127.0.0.1 - - [19/Apr/2023:17:39:21 +0000] "GET /help HTTP/1.1" 200 74056 "" "curl/8.0.1-DEV" -
172.21.0.3 - - [19/Apr/2023:17:39:21 +0000] "POST /api/v4/jobs/request HTTP/1.1" 204 0 "" "gitlab-runner 15.10.1 (15-10-stable; go1.19.6; linux/amd64)" -
172.21.0.1 - - [19/Apr/2023:17:39:22 +0000] "GET /assets/webpack/49.e13bf1be.chunk.js HTTP/1.1" 200 4591 "https://8080-cs-215311858653-default.cs-us-east1-rtep.cloudshell.dev/gitlab-instance-eb0d6907/helloworld/-/ci/editor" "Mozilla/5.0 (Windows NT 6.3; Win64; x64) AppleWebKit/537.36 (KHTML, like Gecko) Chrome/104.0.5112.102 Safari/537.36 OPR/90.0.4480.84" -
172.21.0.1 - - [19/Apr/2023:17:39:23 +0000] "POST /api/graphql HTTP/1.1" 200 177 "https://8080-cs-215311858653-default.cs-us-east1-rtep.cloudshell.dev/gitlab-instance-eb0d6907/helloworld/-/ci/editor" "Mozilla/5.0 (Windows NT 6.3; Win64; x64) AppleWebKit/537.36 (KHTML, like Gecko) Chrome/104.0.5112.102 Safari/537.36 OPR/90.0.4480.84" -
172.21.0.1 - - [19/Apr/2023:17:39:24 +0000] "POST /api/graphql HTTP/1.1" 200 192 "https://8080-cs-215311858653-default.cs-us-east1-rtep.cloudshell.dev/gitlab-instance-eb0d6907/helloworld/-/ci/editor" "Mozilla/5.0 (Windows NT 6.3; Win64; x64) AppleWebKit/537.36 (KHTML, like Gecko) Chrome/104.0.5112.102 Safari/537.36 OPR/90.0.4480.84" 1.70
172.21.0.1 - - [19/Apr/2023:17:39:24 +0000] "POST /api/graphql HTTP/1.1" 200 141 "https://8080-cs-215311858653-default.cs-us-east1-rtep.cloudshell.dev/gitlab-instance-eb0d6907/helloworld/-/ci/editor" "Mozilla/5.0 (Windows NT 6.3; Win64; x64) AppleWebKit/537.36 (KHTML, like Gecko) Chrome/104.0.5112.102 Safari/537.36 OPR/90.0.4480.84" -
172.21.0.1 - - [19/Apr/2023:17:39:24 +0000] "GET /assets/illustrations/empty-state/empty-dag-md-c9dbbb1ab1b98919248ed355ae8769c82a6421483d73349db1d71094e9543a42.svg HTTP/1.1" 200 662 "https://8080-cs-215311858653-default.cs-us-east1-rtep.cloudshell.dev/gitlab-instance-eb0d6907/helloworld/-/ci/editor" "Mozilla/5.0 (Windows NT 6.3; Win64; x64) AppleWebKit/537.36 (KHTML, like Gecko) Chrome/104.0.5112.102 Safari/537.36 OPR/90.0.4480.84" -
172.21.0.3 - - [19/Apr/2023:17:39:24 +0000] "POST /api/v4/jobs/request HTTP/1.1" 204 0 "" "gitlab-runner 15.10.1 (15-10-stable; go1.19.6; linux/amd64)" -
172.21.0.1 - - [19/Apr/2023:17:39:26 +0000] "POST /api/graphql HTTP/1.1" 200 1050 "https://8080-cs-215311858653-default.cs-us-east1-rtep.cloudshell.dev/gitlab-instance-eb0d6907/helloworld/-/ci/editor" "Mozilla/5.0 (Windows NT 6.3; Win64; x64) AppleWebKit/537.36 (KHTML, like Gecko) Chrome/104.0.5112.102 Safari/537.36 OPR/90.0.4480.84" 2.22
172.21.0.1 - - [19/Apr/2023:17:39:26 +0000] "POST /api/graphql HTTP/1.1" 200 177 "https://8080-cs-215311858653-default.cs-us-east1-rtep.cloudshell.dev/gitlab-instance-eb0d6907/helloworld/-/ci/editor" "Mozilla/5.0 (Windows NT 6.3; Win64; x64) AppleWebKit/537.36 (KHTML, like Gecko) Chrome/104.0.5112.102 Safari/537.36 OPR/90.0.4480.84" -
172.21.0.1 - - [19/Apr/2023:17:39:26 +0000] "POST /api/graphql HTTP/1.1" 200 533 "https://8080-cs-215311858653-default.cs-us-east1-rtep.cloudshell.dev/gitlab-instance-eb0d6907/helloworld/-/ci/editor" "Mozilla/5.0 (Windows NT 6.3; Win64; x64) AppleWebKit/537.36 (KHTML, like Gecko) Chrome/104.0.5112.102 Safari/537.36 OPR/90.0.4480.84" 1.79
172.21.0.3 - - [19/Apr/2023:17:39:27 +0000] "POST /api/v4/jobs/request HTTP/1.1" 204 0 "" "gitlab-runner 15.10.1 (15-10-stable; go1.19.6; linux/amd64)" -
172.21.0.1 - - [19/Apr/2023:17:39:27 +0000] "GET /assets/webpack/855.0a01bd38.chunk.js HTTP/1.1" 200 1301 "https://8080-cs-215311858653-default.cs-us-east1-rtep.cloudshell.dev/gitlab-instance-eb0d6907/helloworld/-/ci/editor" "Mozilla/5.0 (Windows NT 6.3; Win64; x64) AppleWebKit/537.36 (KHTML, like Gecko) Chrome/104.0.5112.102 Safari/537.36 OPR/90.0.4480.84" -
172.21.0.1 - - [19/Apr/2023:17:39:28 +0000] "GET /assets/illustrations/project-run-CICD-pipelines-sm-71a2112e796728fe2a4abbadb52006d201354bf0d958e13af4ecac5bf177e6d9.svg HTTP/1.1" 200 1084 "https://8080-cs-215311858653-default.cs-us-east1-rtep.cloudshell.dev/gitlab-instance-eb0d6907/helloworld/-/ci/editor" "Mozilla/5.0 (Windows NT 6.3; Win64; x64) AppleWebKit/537.36 (KHTML, like Gecko) Chrome/104.0.5112.102 Safari/537.36 OPR/90.0.4480.84" -
172.21.0.1 - - [19/Apr/2023:17:39:28 +0000] "GET /assets/icons-stacked-633dae8ed7e6eddb825f420a1216624c219373cb8d2b2681b4b4654242d65e37.svg HTTP/1.1" 200 42820 "https://8080-cs-215311858653-default.cs-us-east1-rtep.cloudshell.dev/assets/application-971982e3e67f5419507bf8034fc7ae9754f607a4f0e6a7483cd7d579936d0a43.css" "Mozilla/5.0 (Windows NT 6.3; Win64; x64) AppleWebKit/537.36 (KHTML, like Gecko) Chrome/104.0.5112.102 Safari/537.36 OPR/90.0.4480.84" -
172.21.0.1 - - [19/Apr/2023:17:39:28 +0000] "GET /assets/jetbrains-mono/JetBrainsMono-Bold-c503cc5ec5f8b2c7666b7ecda1adf44bd45f2e6579b2eba0fc292150416588a2.woff2 HTTP/1.1" 200 94588 "https://8080-cs-215311858653-default.cs-us-east1-rtep.cloudshell.dev/assets/fonts-3dcf267c9a9dc2c5b7a0ae5b757830104751a7ece87820521d6bb22dd665b2f8.css" "Mozilla/5.0 (Windows NT 6.3; Win64; x64) AppleWebKit/537.36 (KHTML, like Gecko) Chrome/104.0.5112.102 Safari/537.36 OPR/90.0.4480.84" -
172.21.0.1 - - [19/Apr/2023:17:39:28 +0000] "GET /assets/jetbrains-mono/JetBrainsMono-Italic-cb6a1b246318ed3885d7dffa14a2609297fe80e9b8e500bea33b52fa312a36a4.woff2 HTTP/1.1" 200 95864 "https://8080-cs-215311858653-default.cs-us-east1-rtep.cloudshell.dev/assets/fonts-3dcf267c9a9dc2c5b7a0ae5b757830104751a7ece87820521d6bb22dd665b2f8.css" "Mozilla/5.0 (Windows NT 6.3; Win64; x64) AppleWebKit/537.36 (KHTML, like Gecko) Chrome/104.0.5112.102 Safari/537.36 OPR/90.0.4480.84" -
172.21.0.1 - - [19/Apr/2023:17:39:28 +0000] "GET /assets/webpack/yaml.fe43b05f.worker.js HTTP/1.1" 200 352445 "https://8080-cs-215311858653-default.cs-us-east1-rtep.cloudshell.dev/gitlab-instance-eb0d6907/helloworld/-/ci/editor" "Mozilla/5.0 (Windows NT 6.3; Win64; x64) AppleWebKit/537.36 (KHTML, like Gecko) Chrome/104.0.5112.102 Safari/537.36 OPR/90.0.4480.84" -
172.21.0.1 - - [19/Apr/2023:17:39:28 +0000] "GET /assets/webpack/editor.84a8ae44.worker.js HTTP/1.1" 200 44269 "https://8080-cs-215311858653-default.cs-us-east1-rtep.cloudshell.dev/gitlab-instance-eb0d6907/helloworld/-/ci/editor" "Mozilla/5.0 (Windows NT 6.3; Win64; x64) AppleWebKit/537.36 (KHTML, like Gecko) Chrome/104.0.5112.102 Safari/537.36 OPR/90.0.4480.84" -
172.21.0.1 - - [19/Apr/2023:17:39:28 +0000] "POST /api/graphql HTTP/1.1" 200 693 "https://8080-cs-215311858653-default.cs-us-east1-rtep.cloudshell.dev/gitlab-instance-eb0d6907/helloworld/-/ci/editor" "Mozilla/5.0 (Windows NT 6.3; Win64; x64) AppleWebKit/537.36 (KHTML, like Gecko) Chrome/104.0.5112.102 Safari/537.36 OPR/90.0.4480.84" 4.72
172.21.0.1 - - [19/Apr/2023:17:39:28 +0000] "GET /assets/webpack/codicon.ff6b888d.ttf HTTP/1.1" 200 38896 "https://8080-cs-215311858653-default.cs-us-east1-rtep.cloudshell.dev/gitlab-instance-eb0d6907/helloworld/-/ci/editor" "Mozilla/5.0 (Windows NT 6.3; Win64; x64) AppleWebKit/537.36 (KHTML, like Gecko) Chrome/104.0.5112.102 Safari/537.36 OPR/90.0.4480.84" -
172.21.0.3 - - [19/Apr/2023:17:39:30 +0000] "POST /api/v4/jobs/request HTTP/1.1" 204 0 "" "gitlab-runner 15.10.1 (15-10-stable; go1.19.6; linux/amd64)" -
172.21.0.3 - - [19/Apr/2023:17:39:33 +0000] "POST /api/v4/jobs/request HTTP/1.1" 204 0 "" "gitlab-runner 15.10.1 (15-10-stable; go1.19.6; linux/amd64)" -
172.21.0.3 - - [19/Apr/2023:17:39:36 +0000] "POST /api/v4/jobs/request HTTP/1.1" 204 0 "" "gitlab-runner 15.10.1 (15-10-stable; go1.19.6; linux/amd64)" -
172.21.0.3 - - [19/Apr/2023:17:39:39 +0000] "POST /api/v4/jobs/request HTTP/1.1" 204 0 "" "gitlab-runner 15.10.1 (15-10-stable; go1.19.6; linux/amd64)" -
172.21.0.3 - - [19/Apr/2023:17:39:42 +0000] "POST /api/v4/jobs/request HTTP/1.1" 204 0 "" "gitlab-runner 15.10.1 (15-10-stable; go1.19.6; linux/amd64)" -
172.21.0.1 - - [19/Apr/2023:17:39:43 +0000] "POST /api/graphql HTTP/1.1" 200 583 "https://8080-cs-215311858653-default.cs-us-east1-rtep.cloudshell.dev/gitlab-instance-eb0d6907/helloworld/-/ci/editor" "Mozilla/5.0 (Windows NT 6.3; Win64; x64) AppleWebKit/537.36 (KHTML, like Gecko) Chrome/104.0.5112.102 Safari/537.36 OPR/90.0.4480.84" 3.25
172.21.0.3 - - [19/Apr/2023:17:39:45 +0000] "POST /api/v4/jobs/request HTTP/1.1" 204 0 "" "gitlab-runner 15.10.1 (15-10-stable; go1.19.6; linux/amd64)" -
172.21.0.3 - - [19/Apr/2023:17:39:48 +0000] "POST /api/v4/jobs/request HTTP/1.1" 204 0 "" "gitlab-runner 15.10.1 (15-10-stable; go1.19.6; linux/amd64)" -
172.21.0.3 - - [19/Apr/2023:17:39:51 +0000] "POST /api/v4/jobs/request HTTP/1.1" 204 0 "" "gitlab-runner 15.10.1 (15-10-stable; go1.19.6; linux/amd64)" -
172.21.0.3 - - [19/Apr/2023:17:39:54 +0000] "POST /api/v4/jobs/request HTTP/1.1" 204 0 "" "gitlab-runner 15.10.1 (15-10-stable; go1.19.6; linux/amd64)" -
172.21.0.3 - - [19/Apr/2023:17:39:57 +0000] "POST /api/v4/jobs/request HTTP/1.1" 204 0 "" "gitlab-runner 15.10.1 (15-10-stable; go1.19.6; linux/amd64)" -
172.21.0.3 - - [19/Apr/2023:17:40:00 +0000] "POST /api/v4/jobs/request HTTP/1.1" 204 0 "" "gitlab-runner 15.10.1 (15-10-stable; go1.19.6; linux/amd64)" -
172.21.0.3 - - [19/Apr/2023:17:40:03 +0000] "POST /api/v4/jobs/request HTTP/1.1" 204 0 "" "gitlab-runner 15.10.1 (15-10-stable; go1.19.6; linux/amd64)" -
172.21.0.3 - - [19/Apr/2023:17:40:06 +0000] "POST /api/v4/jobs/request HTTP/1.1" 204 0 "" "gitlab-runner 15.10.1 (15-10-stable; go1.19.6; linux/amd64)" -
172.21.0.3 - - [19/Apr/2023:17:40:09 +0000] "POST /api/v4/jobs/request HTTP/1.1" 204 0 "" "gitlab-runner 15.10.1 (15-10-stable; go1.19.6; linux/amd64)" -
172.21.0.3 - - [19/Apr/2023:17:40:12 +0000] "POST /api/v4/jobs/request HTTP/1.1" 204 0 "" "gitlab-runner 15.10.1 (15-10-stable; go1.19.6; linux/amd64)" -
172.21.0.3 - - [19/Apr/2023:17:40:15 +0000] "POST /api/v4/jobs/request HTTP/1.1" 204 0 "" "gitlab-runner 15.10.1 (15-10-stable; go1.19.6; linux/amd64)" -
172.21.0.3 - - [19/Apr/2023:17:40:18 +0000] "POST /api/v4/jobs/request HTTP/1.1" 204 0 "" "gitlab-runner 15.10.1 (15-10-stable; go1.19.6; linux/amd64)" -
172.21.0.1 - - [19/Apr/2023:17:40:20 +0000] "POST /api/graphql HTTP/1.1" 200 202 "https://8080-cs-215311858653-default.cs-us-east1-rtep.cloudshell.dev/gitlab-instance-eb0d6907/helloworld/-/ci/editor" "Mozilla/5.0 (Windows NT 6.3; Win64; x64) AppleWebKit/537.36 (KHTML, like Gecko) Chrome/104.0.5112.102 Safari/537.36 OPR/90.0.4480.84" 1.70
172.21.0.1 - - [19/Apr/2023:17:40:20 +0000] "GET /api/graphql?query=query%20getPipeline(%24fullPath%3A%20ID!%2C%20%24sha%3A%20String!)%20%7B%20project(fullPath%3A%20%24fullPath)%20%7B%20id%20pipeline(sha%3A%20%24sha)%20%7B%20id%20iid%20status%20commit%20%7B%20id%20title%20webPath%20__typename%20%7D%20detailedStatus%20%7B%20id%20detailsPath%20icon%20group%20text%20__typename%20%7D%20stages%20%7B%20edges%20%7B%20node%20%7B%20id%20name%20status%20detailedStatus%20%7B%20detailsPath%20group%20hasDetails%20icon%20id%20label%20text%20tooltip%20__typename%20%7D%20__typename%20%7D%20__typename%20%7D%20__typename%20%7D%20__typename%20%7D%20__typename%20%7D%20%7D&operationName=getPipeline&variables=%7B%22fullPath%22%3A%22gitlab-instance-eb0d6907%2Fhelloworld%22%2C%22sha%22%3A%22d1e12ebb74a46d8192a5c2790adf189e6b5c9f00%22%7D HTTP/1.1" 200 91 "https://8080-cs-215311858653-default.cs-us-east1-rtep.cloudshell.dev/gitlab-instance-eb0d6907/helloworld/-/ci/editor" "Mozilla/5.0 (Windows NT 6.3; Win64; x64) AppleWebKit/537.36 (KHTML, like Gecko) Chrome/104.0.5112.102 Safari/537.36 OPR/90.0.4480.84" -
172.21.0.1 - - [19/Apr/2023:17:40:20 +0000] "POST /api/graphql HTTP/1.1" 200 192 "https://8080-cs-215311858653-default.cs-us-east1-rtep.cloudshell.dev/gitlab-instance-eb0d6907/helloworld/-/ci/editor" "Mozilla/5.0 (Windows NT 6.3; Win64; x64) AppleWebKit/537.36 (KHTML, like Gecko) Chrome/104.0.5112.102 Safari/537.36 OPR/90.0.4480.84" 1.70
172.21.0.1 - - [19/Apr/2023:17:40:21 +0000] "GET /api/graphql?query=query%20getPipeline(%24fullPath%3A%20ID!%2C%20%24sha%3A%20String!)%20%7B%20project(fullPath%3A%20%24fullPath)%20%7B%20id%20pipeline(sha%3A%20%24sha)%20%7B%20id%20iid%20status%20commit%20%7B%20id%20title%20webPath%20__typename%20%7D%20detailedStatus%20%7B%20id%20detailsPath%20icon%20group%20text%20__typename%20%7D%20stages%20%7B%20edges%20%7B%20node%20%7B%20id%20name%20status%20detailedStatus%20%7B%20detailsPath%20group%20hasDetails%20icon%20id%20label%20text%20tooltip%20__typename%20%7D%20__typename%20%7D%20__typename%20%7D%20__typename%20%7D%20__typename%20%7D%20__typename%20%7D%20%7D&operationName=getPipeline&variables=%7B%22fullPath%22%3A%22gitlab-instance-eb0d6907%2Fhelloworld%22%2C%22sha%22%3A%2250106027c7550de0464a6f5edb80437c111016e3%22%7D HTTP/1.1" 200 91 "https://8080-cs-215311858653-default.cs-us-east1-rtep.cloudshell.dev/gitlab-instance-eb0d6907/helloworld/-/ci/editor" "Mozilla/5.0 (Windows NT 6.3; Win64; x64) AppleWebKit/537.36 (KHTML, like Gecko) Chrome/104.0.5112.102 Safari/537.36 OPR/90.0.4480.84" -
172.21.0.1 - - [19/Apr/2023:17:40:21 +0000] "POST /api/graphql HTTP/1.1" 200 583 "https://8080-cs-215311858653-default.cs-us-east1-rtep.cloudshell.dev/gitlab-instance-eb0d6907/helloworld/-/ci/editor" "Mozilla/5.0 (Windows NT 6.3; Win64; x64) AppleWebKit/537.36 (KHTML, like Gecko) Chrome/104.0.5112.102 Safari/537.36 OPR/90.0.4480.84" 3.25
172.21.0.3 - - [19/Apr/2023:17:40:21 +0000] "POST /api/v4/jobs/request HTTP/1.1" 204 0 "" "gitlab-runner 15.10.1 (15-10-stable; go1.19.6; linux/amd64)" -
127.0.0.1 - - [19/Apr/2023:17:40:21 +0000] "GET /help HTTP/1.1" 200 74056 "" "curl/8.0.1-DEV" -
172.21.0.3 - - [19/Apr/2023:17:40:24 +0000] "POST /api/v4/jobs/request HTTP/1.1" 204 0 "" "gitlab-runner 15.10.1 (15-10-stable; go1.19.6; linux/amd64)" -
172.21.0.3 - - [19/Apr/2023:17:40:27 +0000] "POST /api/v4/jobs/request HTTP/1.1" 204 0 "" "gitlab-runner 15.10.1 (15-10-stable; go1.19.6; linux/amd64)" -
172.21.0.3 - - [19/Apr/2023:17:40:30 +0000] "POST /api/v4/jobs/request HTTP/1.1" 204 0 "" "gitlab-runner 15.10.1 (15-10-stable; go1.19.6; linux/amd64)" -
172.21.0.3 - - [19/Apr/2023:17:40:33 +0000] "POST /api/v4/jobs/request HTTP/1.1" 204 0 "" "gitlab-runner 15.10.1 (15-10-stable; go1.19.6; linux/amd64)" -
172.21.0.3 - - [19/Apr/2023:17:40:36 +0000] "POST /api/v4/jobs/request HTTP/1.1" 204 0 "" "gitlab-runner 15.10.1 (15-10-stable; go1.19.6; linux/amd64)" -
172.21.0.3 - - [19/Apr/2023:17:40:39 +0000] "POST /api/v4/jobs/request HTTP/1.1" 204 0 "" "gitlab-runner 15.10.1 (15-10-stable; go1.19.6; linux/amd64)" -
172.21.0.3 - - [19/Apr/2023:17:40:42 +0000] "POST /api/v4/jobs/request HTTP/1.1" 204 0 "" "gitlab-runner 15.10.1 (15-10-stable; go1.19.6; linux/amd64)" -
172.21.0.3 - - [19/Apr/2023:17:40:45 +0000] "POST /api/v4/jobs/request HTTP/1.1" 204 0 "" "gitlab-runner 15.10.1 (15-10-stable; go1.19.6; linux/amd64)" -
172.21.0.3 - - [19/Apr/2023:17:40:48 +0000] "POST /api/v4/jobs/request HTTP/1.1" 204 0 "" "gitlab-runner 15.10.1 (15-10-stable; go1.19.6; linux/amd64)" -
172.21.0.3 - - [19/Apr/2023:17:40:51 +0000] "POST /api/v4/jobs/request HTTP/1.1" 204 0 "" "gitlab-runner 15.10.1 (15-10-stable; go1.19.6; linux/amd64)" -
172.21.0.3 - - [19/Apr/2023:17:40:54 +0000] "POST /api/v4/jobs/request HTTP/1.1" 204 0 "" "gitlab-runner 15.10.1 (15-10-stable; go1.19.6; linux/amd64)" -
172.21.0.3 - - [19/Apr/2023:17:40:57 +0000] "POST /api/v4/jobs/request HTTP/1.1" 204 0 "" "gitlab-runner 15.10.1 (15-10-stable; go1.19.6; linux/amd64)" -
172.21.0.3 - - [19/Apr/2023:17:41:00 +0000] "POST /api/v4/jobs/request HTTP/1.1" 204 0 "" "gitlab-runner 15.10.1 (15-10-stable; go1.19.6; linux/amd64)" -
172.21.0.1 - - [19/Apr/2023:17:41:01 +0000] "GET /gitlab-instance-eb0d6907/helloworld/-/pipelines HTTP/1.1" 200 26223 "https://8080-cs-215311858653-default.cs-us-east1-rtep.cloudshell.dev/gitlab-instance-eb0d6907/helloworld/-/ci/editor" "Mozilla/5.0 (Windows NT 6.3; Win64; x64) AppleWebKit/537.36 (KHTML, like Gecko) Chrome/104.0.5112.102 Safari/537.36 OPR/90.0.4480.84" 4.55
172.21.0.1 - - [19/Apr/2023:17:41:02 +0000] "GET /gitlab-instance-eb0d6907/helloworld/-/pipelines.json HTTP/1.1" 200 1183 "https://8080-cs-215311858653-default.cs-us-east1-rtep.cloudshell.dev/gitlab-instance-eb0d6907/helloworld/-/pipelines" "Mozilla/5.0 (Windows NT 6.3; Win64; x64) AppleWebKit/537.36 (KHTML, like Gecko) Chrome/104.0.5112.102 Safari/537.36 OPR/90.0.4480.84" 3.43
172.21.0.3 - - [19/Apr/2023:17:41:03 +0000] "POST /api/v4/jobs/request HTTP/1.1" 204 0 "" "gitlab-runner 15.10.1 (15-10-stable; go1.19.6; linux/amd64)" -
172.21.0.1 - - [19/Apr/2023:17:41:04 +0000] "GET /gitlab-instance-eb0d6907/helloworld/-/pipelines.json?scope=all&page=1 HTTP/1.1" 200 1183 "https://8080-cs-215311858653-default.cs-us-east1-rtep.cloudshell.dev/gitlab-instance-eb0d6907/helloworld/-/pipelines" "Mozilla/5.0 (Windows NT 6.3; Win64; x64) AppleWebKit/537.36 (KHTML, like Gecko) Chrome/104.0.5112.102 Safari/537.36 OPR/90.0.4480.84" 3.43
172.21.0.3 - - [19/Apr/2023:17:41:06 +0000] "POST /api/v4/jobs/request HTTP/1.1" 204 0 "" "gitlab-runner 15.10.1 (15-10-stable; go1.19.6; linux/amd64)" -
172.21.0.3 - - [19/Apr/2023:17:41:09 +0000] "POST /api/v4/jobs/request HTTP/1.1" 204 0 "" "gitlab-runner 15.10.1 (15-10-stable; go1.19.6; linux/amd64)" -
172.21.0.3 - - [19/Apr/2023:17:41:12 +0000] "POST /api/v4/jobs/request HTTP/1.1" 204 0 "" "gitlab-runner 15.10.1 (15-10-stable; go1.19.6; linux/amd64)" -
172.21.0.1 - - [19/Apr/2023:17:41:14 +0000] "GET /gitlab-instance-eb0d6907/helloworld/-/pipelines.json?scope=all&page=1 HTTP/1.1" 200 1183 "https://8080-cs-215311858653-default.cs-us-east1-rtep.cloudshell.dev/gitlab-instance-eb0d6907/helloworld/-/pipelines" "Mozilla/5.0 (Windows NT 6.3; Win64; x64) AppleWebKit/537.36 (KHTML, like Gecko) Chrome/104.0.5112.102 Safari/537.36 OPR/90.0.4480.84" 3.43
172.21.0.3 - - [19/Apr/2023:17:41:15 +0000] "POST /api/v4/jobs/request HTTP/1.1" 204 0 "" "gitlab-runner 15.10.1 (15-10-stable; go1.19.6; linux/amd64)" -
172.21.0.3 - - [19/Apr/2023:17:41:18 +0000] "POST /api/v4/jobs/request HTTP/1.1" 204 0 "" "gitlab-runner 15.10.1 (15-10-stable; go1.19.6; linux/amd64)" -
172.21.0.3 - - [19/Apr/2023:17:41:21 +0000] "POST /api/v4/jobs/request HTTP/1.1" 204 0 "" "gitlab-runner 15.10.1 (15-10-stable; go1.19.6; linux/amd64)" -
127.0.0.1 - - [19/Apr/2023:17:41:22 +0000] "GET /help HTTP/1.1" 200 74056 "" "curl/8.0.1-DEV" -
172.21.0.1 - - [19/Apr/2023:17:41:24 +0000] "GET /gitlab-instance-eb0d6907/helloworld/-/pipelines/1 HTTP/1.1" 200 25422 "https://8080-cs-215311858653-default.cs-us-east1-rtep.cloudshell.dev/gitlab-instance-eb0d6907/helloworld/-/pipelines" "Mozilla/5.0 (Windows NT 6.3; Win64; x64) AppleWebKit/537.36 (KHTML, like Gecko) Chrome/104.0.5112.102 Safari/537.36 OPR/90.0.4480.84" 4.65
172.21.0.3 - - [19/Apr/2023:17:41:24 +0000] "POST /api/v4/jobs/request HTTP/1.1" 204 0 "" "gitlab-runner 15.10.1 (15-10-stable; go1.19.6; linux/amd64)" -
172.21.0.1 - - [19/Apr/2023:17:41:25 +0000] "GET /assets/webpack/commons-pages.projects.jobs.show-pages.projects.pipelines.builds-pages.projects.pipelines.dag-pages.-b57d406e.24de79f1.chunk.js HTTP/1.1" 200 14800 "https://8080-cs-215311858653-default.cs-us-east1-rtep.cloudshell.dev/gitlab-instance-eb0d6907/helloworld/-/pipelines/1" "Mozilla/5.0 (Windows NT 6.3; Win64; x64) AppleWebKit/537.36 (KHTML, like Gecko) Chrome/104.0.5112.102 Safari/537.36 OPR/90.0.4480.84" -
172.21.0.1 - - [19/Apr/2023:17:41:25 +0000] "GET /assets/webpack/commons-pages.projects.pipelines.builds-pages.projects.pipelines.dag-pages.projects.pipelines.failur-89cf83a0.08fd2831.chunk.js HTTP/1.1" 200 4628 "https://8080-cs-215311858653-default.cs-us-east1-rtep.cloudshell.dev/gitlab-instance-eb0d6907/helloworld/-/pipelines/1" "Mozilla/5.0 (Windows NT 6.3; Win64; x64) AppleWebKit/537.36 (KHTML, like Gecko) Chrome/104.0.5112.102 Safari/537.36 OPR/90.0.4480.84" -
172.21.0.1 - - [19/Apr/2023:17:41:25 +0000] "GET /assets/webpack/pages.projects.pipelines.show.4109759d.chunk.js HTTP/1.1" 200 228 "https://8080-cs-215311858653-default.cs-us-east1-rtep.cloudshell.dev/gitlab-instance-eb0d6907/helloworld/-/pipelines/1" "Mozilla/5.0 (Windows NT 6.3; Win64; x64) AppleWebKit/537.36 (KHTML, like Gecko) Chrome/104.0.5112.102 Safari/537.36 OPR/90.0.4480.84" -
172.21.0.1 - - [19/Apr/2023:17:41:25 +0000] "GET /assets/page_bundles/pipeline-0f403d9622094fe0242bdd5f88595d460638e036d25d6a49988003805f9641ce.css HTTP/1.1" 200 1367 "https://8080-cs-215311858653-default.cs-us-east1-rtep.cloudshell.dev/gitlab-instance-eb0d6907/helloworld/-/pipelines/1" "Mozilla/5.0 (Windows NT 6.3; Win64; x64) AppleWebKit/537.36 (KHTML, like Gecko) Chrome/104.0.5112.102 Safari/537.36 OPR/90.0.4480.84" -
172.21.0.1 - - [19/Apr/2023:17:41:25 +0000] "GET /assets/page_bundles/reports-99fc24655aee076fe123a14a97a4aa2bb8ae6303ca63c7649647ba469b83c90f.css HTTP/1.1" 200 560 "https://8080-cs-215311858653-default.cs-us-east1-rtep.cloudshell.dev/gitlab-instance-eb0d6907/helloworld/-/pipelines/1" "Mozilla/5.0 (Windows NT 6.3; Win64; x64) AppleWebKit/537.36 (KHTML, like Gecko) Chrome/104.0.5112.102 Safari/537.36 OPR/90.0.4480.84" -
172.21.0.1 - - [19/Apr/2023:17:41:25 +0000] "GET /assets/webpack/47.43d5d072.chunk.js HTTP/1.1" 200 5616 "https://8080-cs-215311858653-default.cs-us-east1-rtep.cloudshell.dev/gitlab-instance-eb0d6907/helloworld/-/pipelines/1" "Mozilla/5.0 (Windows NT 6.3; Win64; x64) AppleWebKit/537.36 (KHTML, like Gecko) Chrome/104.0.5112.102 Safari/537.36 OPR/90.0.4480.84" -
172.21.0.1 - - [19/Apr/2023:17:41:25 +0000] "GET /assets/webpack/183.74711bf5.chunk.js HTTP/1.1" 200 5665 "https://8080-cs-215311858653-default.cs-us-east1-rtep.cloudshell.dev/gitlab-instance-eb0d6907/helloworld/-/pipelines/1" "Mozilla/5.0 (Windows NT 6.3; Win64; x64) AppleWebKit/537.36 (KHTML, like Gecko) Chrome/104.0.5112.102 Safari/537.36 OPR/90.0.4480.84" -
172.21.0.1 - - [19/Apr/2023:17:41:26 +0000] "GET /api/graphql?query=query%20getPipelineHeaderData(%24fullPath%3A%20ID!%2C%20%24iid%3A%20ID!)%20%7B%20project(fullPath%3A%20%24fullPath)%20%7B%20id%20pipeline(iid%3A%20%24iid)%20%7B%20id%20iid%20status%20retryable%20cancelable%20userPermissions%20%7B%20destroyPipeline%20updatePipeline%20__typename%20%7D%20detailedStatus%20%7B%20id%20detailsPath%20icon%20group%20text%20__typename%20%7D%20createdAt%20user%20%7B%20id%20name%20username%20webPath%20webUrl%20email%20avatarUrl%20status%20%7B%20message%20emoji%20__typename%20%7D%20__typename%20%7D%20__typename%20%7D%20__typename%20%7D%20%7D&operationName=getPipelineHeaderData&variables=%7B%22fullPath%22%3A%22gitlab-instance-eb0d6907%2Fhelloworld%22%2C%22iid%22%3A%221%22%7D HTTP/1.1" 200 455 "https://8080-cs-215311858653-default.cs-us-east1-rtep.cloudshell.dev/gitlab-instance-eb0d6907/helloworld/-/pipelines/1" "Mozilla/5.0 (Windows NT 6.3; Win64; x64) AppleWebKit/537.36 (KHTML, like Gecko) Chrome/104.0.5112.102 Safari/537.36 OPR/90.0.4480.84" 1.85
172.21.0.1 - - [19/Apr/2023:17:41:26 +0000] "GET /assets/webpack/46.3ff7b2f9.chunk.js HTTP/1.1" 200 8737 "https://8080-cs-215311858653-default.cs-us-east1-rtep.cloudshell.dev/gitlab-instance-eb0d6907/helloworld/-/pipelines/1" "Mozilla/5.0 (Windows NT 6.3; Win64; x64) AppleWebKit/537.36 (KHTML, like Gecko) Chrome/104.0.5112.102 Safari/537.36 OPR/90.0.4480.84" -
172.21.0.1 - - [19/Apr/2023:17:41:26 +0000] "GET /assets/webpack/94.275b44e9.chunk.js HTTP/1.1" 200 6728 "https://8080-cs-215311858653-default.cs-us-east1-rtep.cloudshell.dev/gitlab-instance-eb0d6907/helloworld/-/pipelines/1" "Mozilla/5.0 (Windows NT 6.3; Win64; x64) AppleWebKit/537.36 (KHTML, like Gecko) Chrome/104.0.5112.102 Safari/537.36 OPR/90.0.4480.84" -
172.21.0.1 - - [19/Apr/2023:17:41:26 +0000] "GET /assets/webpack/747.fe5f752f.chunk.js HTTP/1.1" 200 13796 "https://8080-cs-215311858653-default.cs-us-east1-rtep.cloudshell.dev/gitlab-instance-eb0d6907/helloworld/-/pipelines/1" "Mozilla/5.0 (Windows NT 6.3; Win64; x64) AppleWebKit/537.36 (KHTML, like Gecko) Chrome/104.0.5112.102 Safari/537.36 OPR/90.0.4480.84" -
172.21.0.1 - - [19/Apr/2023:17:41:26 +0000] "GET /assets/webpack/749.6d985f33.chunk.js HTTP/1.1" 200 34034 "https://8080-cs-215311858653-default.cs-us-east1-rtep.cloudshell.dev/gitlab-instance-eb0d6907/helloworld/-/pipelines/1" "Mozilla/5.0 (Windows NT 6.3; Win64; x64) AppleWebKit/537.36 (KHTML, like Gecko) Chrome/104.0.5112.102 Safari/537.36 OPR/90.0.4480.84" -
172.21.0.1 - - [19/Apr/2023:17:41:27 +0000] "POST /api/graphql HTTP/1.1" 200 138 "https://8080-cs-215311858653-default.cs-us-east1-rtep.cloudshell.dev/gitlab-instance-eb0d6907/helloworld/-/pipelines/1" "Mozilla/5.0 (Windows NT 6.3; Win64; x64) AppleWebKit/537.36 (KHTML, like Gecko) Chrome/104.0.5112.102 Safari/537.36 OPR/90.0.4480.84" -
172.21.0.3 - - [19/Apr/2023:17:41:27 +0000] "POST /api/v4/jobs/request HTTP/1.1" 204 0 "" "gitlab-runner 15.10.1 (15-10-stable; go1.19.6; linux/amd64)" -
172.21.0.1 - - [19/Apr/2023:17:41:27 +0000] "GET /api/graphql?query=fragment%20CiNeeds%20on%20JobNeedUnion%20%7B%20...CiBuildNeedFields%20...CiJobNeedFields%20__typename%20%7D%20fragment%20CiBuildNeedFields%20on%20CiBuildNeed%20%7B%20id%20name%20__typename%20%7D%20fragment%20CiJobNeedFields%20on%20CiJob%20%7B%20id%20name%20__typename%20%7D%20fragment%20LinkedPipelineData%20on%20Pipeline%20%7B%20__typename%20id%20iid%20path%20cancelable%20retryable%20userPermissions%20%7B%20updatePipeline%20__typename%20%7D%20status%3A%20detailedStatus%20%7B%20__typename%20id%20group%20label%20icon%20%7D%20sourceJob%20%7B%20__typename%20id%20name%20retried%20%7D%20project%20%7B%20__typename%20id%20name%20fullPath%20%7D%20%7D%20query%20getPipelineDetails(%24projectPath%3A%20ID!%2C%20%24iid%3A%20ID!)%20%7B%20project(fullPath%3A%20%24projectPath)%20%7B%20__typename%20id%20pipeline(iid%3A%20%24iid)%20%7B%20__typename%20id%20iid%20complete%20usesNeeds%20userPermissions%20%7B%20updatePipeline%20__typename%20%7D%20downstream%20%7B%20__typename%20nodes%20%7B%20...LinkedPipelineData%20__typename%20%7D%20%7D%20upstream%20%7B%20...LinkedPipelineData%20__typename%20%7D%20stages%20%7B%20__typename%20nodes%20%7B%20__typename%20id%20name%20status%3A%20detailedStatus%20%7B%20__typename%20id%20action%20%7B%20__typename%20id%20icon%20path%20title%20%7D%20%7D%20groups%20%7B%20__typename%20nodes%20%7B%20__typename%20id%20status%3A%20detailedStatus%20%7B%20__typename%20id%20label%20group%20icon%20%7D%20name%20size%20jobs%20%7B%20__typename%20nodes%20%7B%20__typename%20id%20name%20kind%20scheduledAt%20needs%20%7B%20__typename%20nodes%20%7B%20__typename%20id%20name%20%7D%20%7D%20previousStageJobsOrNeeds%20%7B%20__typename%20nodes%20%7B%20...CiNeeds%20__typename%20%7D%20%7D%20status%3A%20detailedStatus%20%7B%20__typename%20id%20icon%20tooltip%20hasDetails%20detailsPath%20group%20label%20action%20%7B%20__typename%20id%20buttonTitle%20icon%20path%20title%20%7D%20%7D%20%7D%20%7D%20%7D%20%7D%20%7D%20%7D%20%7D%20%7D%20%7D&operationName=getPipelineDetails&variables=%7B%22projectPath%22%3A%22gitlab-instance-eb0d6907%2Fhelloworld%22%2C%22iid%22%3A%221%22%7D HTTP/1.1" 200 688 "https://8080-cs-215311858653-default.cs-us-east1-rtep.cloudshell.dev/gitlab-instance-eb0d6907/helloworld/-/pipelines/1" "Mozilla/5.0 (Windows NT 6.3; Win64; x64) AppleWebKit/537.36 (KHTML, like Gecko) Chrome/104.0.5112.102 Safari/537.36 OPR/90.0.4480.84" 4.07
172.21.0.3 - - [19/Apr/2023:17:41:30 +0000] "POST /api/v4/jobs/request HTTP/1.1" 204 0 "" "gitlab-runner 15.10.1 (15-10-stable; go1.19.6; linux/amd64)" -
172.21.0.3 - - [19/Apr/2023:17:41:33 +0000] "POST /api/v4/jobs/request HTTP/1.1" 204 0 "" "gitlab-runner 15.10.1 (15-10-stable; go1.19.6; linux/amd64)" -
